21:36:45 **** Incremental Build of configuration Debug for project csd_lab ****
make pre-build main-build 
a9-linaro-pre-build-step
 
make: `main-build'를 위해 할 일이 없습니다
21:55:49 **** Incremental Build of configuration Debug for project csd_lab ****
make pre-build main-build 
a9-linaro-pre-build-step
 
make: `main-build'를 위해 할 일이 없습니다
22:03:17 **** Incremental Build of configuration Debug for project csd_lab ****
make pre-build main-build 
a9-linaro-pre-build-step
 
make: `main-build'를 위해 할 일이 없습니다
22:05:01 **** Auto Build of configuration Debug for project csd_lab ****
make pre-build main-build 
a9-linaro-pre-build-step
 
Building file: ../src/csd_asm.S
Invoking: ARM v7 gcc compiler
arm-none-eabi-gcc -Wall -O0 -g3 -c -fmessage-length=0 -MT"src/csd_asm.o" -mcpu=cortex-a9 -mfpu=vfpv3 -mfloat-abi=hard -I../../csd_lab_bsp/ps7_cortexa9_0/include -MMD -MP -MF"src/csd_asm.d" -MT"src/csd_asm.o" -o "src/csd_asm.o" "../src/csd_asm.S"
Finished building: ../src/csd_asm.S
 
Building target: csd_lab.elf
Invoking: ARM v7 gcc linker
arm-none-eabi-gcc -mcpu=cortex-a9 -mfpu=vfpv3 -mfloat-abi=hard -Wl,-build-id=none -specs=Xilinx.spec -Wl,-T -Wl,../src/lscript.ld -L../../csd_lab_bsp/ps7_cortexa9_0/lib -o "csd_lab.elf"  ./src/csd_asm.o ./src/csd_main.o ./src/platform.o   -Wl,--start-group,-lxil,-lgcc,-lc,--end-group
Finished building target: csd_lab.elf
 
Invoking: ARM v7 Print Size
arm-none-eabi-size csd_lab.elf  |tee "csd_lab.elf.size"
   text	   data	    bss	    dec	    hex	filename
  22392	   1316	  22568	  46276	   b4c4	csd_lab.elf
Finished building: csd_lab.elf.size
 
22:05:07 **** Auto Build of configuration Debug for project csd_lab ****
make pre-build main-build 
a9-linaro-pre-build-step
 
Building file: ../src/csd_asm.S
Invoking: ARM v7 gcc compiler
arm-none-eabi-gcc -Wall -O0 -g3 -c -fmessage-length=0 -MT"src/csd_asm.o" -mcpu=cortex-a9 -mfpu=vfpv3 -mfloat-abi=hard -I../../csd_lab_bsp/ps7_cortexa9_0/include -MMD -MP -MF"src/csd_asm.d" -MT"src/csd_asm.o" -o "src/csd_asm.o" "../src/csd_asm.S"
Finished building: ../src/csd_asm.S
 
Building target: csd_lab.elf
Invoking: ARM v7 gcc linker
arm-none-eabi-gcc -mcpu=cortex-a9 -mfpu=vfpv3 -mfloat-abi=hard -Wl,-build-id=none -specs=Xilinx.spec -Wl,-T -Wl,../src/lscript.ld -L../../csd_lab_bsp/ps7_cortexa9_0/lib -o "csd_lab.elf"  ./src/csd_asm.o ./src/csd_main.o ./src/platform.o   -Wl,--start-group,-lxil,-lgcc,-lc,--end-group
./src/csd_asm.o: In function `forever':
C:\cose321\Assignment-2\class_experiments.sdk\csd_lab\Debug/../src/csd_asm.S:27: undefined reference to `src'
collect2.exe: error: ld returned 1 exit status
make: *** [csd_lab.elf] 오류 1
22:05:15 **** Auto Build of configuration Debug for project csd_lab ****
make pre-build main-build 
a9-linaro-pre-build-step
 
Building file: ../src/csd_asm.S
Invoking: ARM v7 gcc compiler
arm-none-eabi-gcc -Wall -O0 -g3 -c -fmessage-length=0 -MT"src/csd_asm.o" -mcpu=cortex-a9 -mfpu=vfpv3 -mfloat-abi=hard -I../../csd_lab_bsp/ps7_cortexa9_0/include -MMD -MP -MF"src/csd_asm.d" -MT"src/csd_asm.o" -o "src/csd_asm.o" "../src/csd_asm.S"
Finished building: ../src/csd_asm.S
 
Building target: csd_lab.elf
Invoking: ARM v7 gcc linker
arm-none-eabi-gcc -mcpu=cortex-a9 -mfpu=vfpv3 -mfloat-abi=hard -Wl,-build-id=none -specs=Xilinx.spec -Wl,-T -Wl,../src/lscript.ld -L../../csd_lab_bsp/ps7_cortexa9_0/lib -o "csd_lab.elf"  ./src/csd_asm.o ./src/csd_main.o ./src/platform.o   -Wl,--start-group,-lxil,-lgcc,-lc,--end-group
./src/csd_asm.o: In function `forever':
C:\cose321\Assignment-2\class_experiments.sdk\csd_lab\Debug/../src/csd_asm.S:27: undefined reference to `src'
C:\cose321\Assignment-2\class_experiments.sdk\csd_lab\Debug/../src/csd_asm.S:28: undefined reference to `dst'
collect2.exe: error: ld returned 1 exit status
make: *** [csd_lab.elf] 오류 1
22:05:36 **** Auto Build of configuration Debug for project csd_lab ****
make pre-build main-build 
a9-linaro-pre-build-step
 
Building file: ../src/csd_asm.S
Invoking: ARM v7 gcc compiler
arm-none-eabi-gcc -Wall -O0 -g3 -c -fmessage-length=0 -MT"src/csd_asm.o" -mcpu=cortex-a9 -mfpu=vfpv3 -mfloat-abi=hard -I../../csd_lab_bsp/ps7_cortexa9_0/include -MMD -MP -MF"src/csd_asm.d" -MT"src/csd_asm.o" -o "src/csd_asm.o" "../src/csd_asm.S"
Finished building: ../src/csd_asm.S
 
Building target: csd_lab.elf
Invoking: ARM v7 gcc linker
arm-none-eabi-gcc -mcpu=cortex-a9 -mfpu=vfpv3 -mfloat-abi=hard -Wl,-build-id=none -specs=Xilinx.spec -Wl,-T -Wl,../src/lscript.ld -L../../csd_lab_bsp/ps7_cortexa9_0/lib -o "csd_lab.elf"  ./src/csd_asm.o ./src/csd_main.o ./src/platform.o   -Wl,--start-group,-lxil,-lgcc,-lc,--end-group
./src/csd_asm.o: In function `forever':
C:\cose321\Assignment-2\class_experiments.sdk\csd_lab\Debug/../src/csd_asm.S:27: undefined reference to `src'
C:\cose321\Assignment-2\class_experiments.sdk\csd_lab\Debug/../src/csd_asm.S:28: undefined reference to `dst'
collect2.exe: error: ld returned 1 exit status
make: *** [csd_lab.elf] 오류 1
22:05:40 **** Auto Build of configuration Debug for project csd_lab ****
make pre-build main-build 
a9-linaro-pre-build-step
 
Building file: ../src/csd_asm.S
Invoking: ARM v7 gcc compiler
arm-none-eabi-gcc -Wall -O0 -g3 -c -fmessage-length=0 -MT"src/csd_asm.o" -mcpu=cortex-a9 -mfpu=vfpv3 -mfloat-abi=hard -I../../csd_lab_bsp/ps7_cortexa9_0/include -MMD -MP -MF"src/csd_asm.d" -MT"src/csd_asm.o" -o "src/csd_asm.o" "../src/csd_asm.S"
Finished building: ../src/csd_asm.S
 
Building target: csd_lab.elf
Invoking: ARM v7 gcc linker
arm-none-eabi-gcc -mcpu=cortex-a9 -mfpu=vfpv3 -mfloat-abi=hard -Wl,-build-id=none -specs=Xilinx.spec -Wl,-T -Wl,../src/lscript.ld -L../../csd_lab_bsp/ps7_cortexa9_0/lib -o "csd_lab.elf"  ./src/csd_asm.o ./src/csd_main.o ./src/platform.o   -Wl,--start-group,-lxil,-lgcc,-lc,--end-group
./src/csd_asm.o: In function `forever':
C:\cose321\Assignment-2\class_experiments.sdk\csd_lab\Debug/../src/csd_asm.S:27: undefined reference to `src'
C:\cose321\Assignment-2\class_experiments.sdk\csd_lab\Debug/../src/csd_asm.S:28: undefined reference to `dst'
collect2.exe: error: ld returned 1 exit status
make: *** [csd_lab.elf] 오류 1
22:09:10 **** Auto Build of configuration Debug for project csd_lab ****
make pre-build main-build 
a9-linaro-pre-build-step
 
Building file: ../src/csd_asm.S
Invoking: ARM v7 gcc compiler
arm-none-eabi-gcc -Wall -O0 -g3 -c -fmessage-length=0 -MT"src/csd_asm.o" -mcpu=cortex-a9 -mfpu=vfpv3 -mfloat-abi=hard -I../../csd_lab_bsp/ps7_cortexa9_0/include -MMD -MP -MF"src/csd_asm.d" -MT"src/csd_asm.o" -o "src/csd_asm.o" "../src/csd_asm.S"
Finished building: ../src/csd_asm.S
 
Building target: csd_lab.elf
Invoking: ARM v7 gcc linker
arm-none-eabi-gcc -mcpu=cortex-a9 -mfpu=vfpv3 -mfloat-abi=hard -Wl,-build-id=none -specs=Xilinx.spec -Wl,-T -Wl,../src/lscript.ld -L../../csd_lab_bsp/ps7_cortexa9_0/lib -o "csd_lab.elf"  ./src/csd_asm.o ./src/csd_main.o ./src/platform.o   -Wl,--start-group,-lxil,-lgcc,-lc,--end-group
Finished building target: csd_lab.elf
 
Invoking: ARM v7 Print Size
arm-none-eabi-size csd_lab.elf  |tee "csd_lab.elf.size"
   text	   data	    bss	    dec	    hex	filename
  22392	   1428	  22568	  46388	   b534	csd_lab.elf
Finished building: csd_lab.elf.size
 
22:35:12 **** Auto Build of configuration Debug for project csd_lab ****
make pre-build main-build 
a9-linaro-pre-build-step
 
Building file: ../src/csd_asm.S
Invoking: ARM v7 gcc compiler
arm-none-eabi-gcc -Wall -O0 -g3 -c -fmessage-length=0 -MT"src/csd_asm.o" -mcpu=cortex-a9 -mfpu=vfpv3 -mfloat-abi=hard -I../../csd_lab_bsp/ps7_cortexa9_0/include -MMD -MP -MF"src/csd_asm.d" -MT"src/csd_asm.o" -o "src/csd_asm.o" "../src/csd_asm.S"
Finished building: ../src/csd_asm.S
 
Building target: csd_lab.elf
Invoking: ARM v7 gcc linker
arm-none-eabi-gcc -mcpu=cortex-a9 -mfpu=vfpv3 -mfloat-abi=hard -Wl,-build-id=none -specs=Xilinx.spec -Wl,-T -Wl,../src/lscript.ld -L../../csd_lab_bsp/ps7_cortexa9_0/lib -o "csd_lab.elf"  ./src/csd_asm.o ./src/csd_main.o ./src/platform.o   -Wl,--start-group,-lxil,-lgcc,-lc,--end-group
Finished building target: csd_lab.elf
 
Invoking: ARM v7 Print Size
arm-none-eabi-size csd_lab.elf  |tee "csd_lab.elf.size"
   text	   data	    bss	    dec	    hex	filename
  22392	   1236	  22568	  46196	   b474	csd_lab.elf
Finished building: csd_lab.elf.size
 
22:35:47 **** Auto Build of configuration Debug for project csd_lab ****
make pre-build main-build 
a9-linaro-pre-build-step
 
Building file: ../src/csd_asm.S
Invoking: ARM v7 gcc compiler
arm-none-eabi-gcc -Wall -O0 -g3 -c -fmessage-length=0 -MT"src/csd_asm.o" -mcpu=cortex-a9 -mfpu=vfpv3 -mfloat-abi=hard -I../../csd_lab_bsp/ps7_cortexa9_0/include -MMD -MP -MF"src/csd_asm.d" -MT"src/csd_asm.o" -o "src/csd_asm.o" "../src/csd_asm.S"
../src/csd_asm.S: Assembler messages:
../src/csd_asm.S:23: Error: bad instruction `xor r0,r0,#0'
make: *** [src/csd_asm.o] 오류 1
22:36:05 **** Auto Build of configuration Debug for project csd_lab ****
make pre-build main-build 
a9-linaro-pre-build-step
 
Building file: ../src/csd_asm.S
Invoking: ARM v7 gcc compiler
arm-none-eabi-gcc -Wall -O0 -g3 -c -fmessage-length=0 -MT"src/csd_asm.o" -mcpu=cortex-a9 -mfpu=vfpv3 -mfloat-abi=hard -I../../csd_lab_bsp/ps7_cortexa9_0/include -MMD -MP -MF"src/csd_asm.d" -MT"src/csd_asm.o" -o "src/csd_asm.o" "../src/csd_asm.S"
Finished building: ../src/csd_asm.S
 
Building target: csd_lab.elf
Invoking: ARM v7 gcc linker
arm-none-eabi-gcc -mcpu=cortex-a9 -mfpu=vfpv3 -mfloat-abi=hard -Wl,-build-id=none -specs=Xilinx.spec -Wl,-T -Wl,../src/lscript.ld -L../../csd_lab_bsp/ps7_cortexa9_0/lib -o "csd_lab.elf"  ./src/csd_asm.o ./src/csd_main.o ./src/platform.o   -Wl,--start-group,-lxil,-lgcc,-lc,--end-group
Finished building target: csd_lab.elf
 
Invoking: ARM v7 Print Size
arm-none-eabi-size csd_lab.elf  |tee "csd_lab.elf.size"
   text	   data	    bss	    dec	    hex	filename
  22392	   1236	  22568	  46196	   b474	csd_lab.elf
Finished building: csd_lab.elf.size
 
22:36:08 **** Auto Build of configuration Debug for project csd_lab ****
make pre-build main-build 
a9-linaro-pre-build-step
 
Building file: ../src/csd_asm.S
Invoking: ARM v7 gcc compiler
arm-none-eabi-gcc -Wall -O0 -g3 -c -fmessage-length=0 -MT"src/csd_asm.o" -mcpu=cortex-a9 -mfpu=vfpv3 -mfloat-abi=hard -I../../csd_lab_bsp/ps7_cortexa9_0/include -MMD -MP -MF"src/csd_asm.d" -MT"src/csd_asm.o" -o "src/csd_asm.o" "../src/csd_asm.S"
Finished building: ../src/csd_asm.S
 
Building target: csd_lab.elf
Invoking: ARM v7 gcc linker
arm-none-eabi-gcc -mcpu=cortex-a9 -mfpu=vfpv3 -mfloat-abi=hard -Wl,-build-id=none -specs=Xilinx.spec -Wl,-T -Wl,../src/lscript.ld -L../../csd_lab_bsp/ps7_cortexa9_0/lib -o "csd_lab.elf"  ./src/csd_asm.o ./src/csd_main.o ./src/platform.o   -Wl,--start-group,-lxil,-lgcc,-lc,--end-group
Finished building target: csd_lab.elf
 
Invoking: ARM v7 Print Size
arm-none-eabi-size csd_lab.elf  |tee "csd_lab.elf.size"
   text	   data	    bss	    dec	    hex	filename
  22392	   1236	  22568	  46196	   b474	csd_lab.elf
Finished building: csd_lab.elf.size
 
22:36:34 **** Auto Build of configuration Debug for project csd_lab ****
make pre-build main-build 
a9-linaro-pre-build-step
 
Building file: ../src/csd_asm.S
Invoking: ARM v7 gcc compiler
arm-none-eabi-gcc -Wall -O0 -g3 -c -fmessage-length=0 -MT"src/csd_asm.o" -mcpu=cortex-a9 -mfpu=vfpv3 -mfloat-abi=hard -I../../csd_lab_bsp/ps7_cortexa9_0/include -MMD -MP -MF"src/csd_asm.d" -MT"src/csd_asm.o" -o "src/csd_asm.o" "../src/csd_asm.S"
Finished building: ../src/csd_asm.S
 
Building target: csd_lab.elf
Invoking: ARM v7 gcc linker
arm-none-eabi-gcc -mcpu=cortex-a9 -mfpu=vfpv3 -mfloat-abi=hard -Wl,-build-id=none -specs=Xilinx.spec -Wl,-T -Wl,../src/lscript.ld -L../../csd_lab_bsp/ps7_cortexa9_0/lib -o "csd_lab.elf"  ./src/csd_asm.o ./src/csd_main.o ./src/platform.o   -Wl,--start-group,-lxil,-lgcc,-lc,--end-group
Finished building target: csd_lab.elf
 
Invoking: ARM v7 Print Size
arm-none-eabi-size csd_lab.elf  |tee "csd_lab.elf.size"
   text	   data	    bss	    dec	    hex	filename
  22392	   1236	  22568	  46196	   b474	csd_lab.elf
Finished building: csd_lab.elf.size
 
22:37:06 **** Auto Build of configuration Debug for project csd_lab ****
make pre-build main-build 
a9-linaro-pre-build-step
 
Building file: ../src/csd_asm.S
Invoking: ARM v7 gcc compiler
arm-none-eabi-gcc -Wall -O0 -g3 -c -fmessage-length=0 -MT"src/csd_asm.o" -mcpu=cortex-a9 -mfpu=vfpv3 -mfloat-abi=hard -I../../csd_lab_bsp/ps7_cortexa9_0/include -MMD -MP -MF"src/csd_asm.d" -MT"src/csd_asm.o" -o "src/csd_asm.o" "../src/csd_asm.S"
Finished building: ../src/csd_asm.S
 
Building target: csd_lab.elf
Invoking: ARM v7 gcc linker
arm-none-eabi-gcc -mcpu=cortex-a9 -mfpu=vfpv3 -mfloat-abi=hard -Wl,-build-id=none -specs=Xilinx.spec -Wl,-T -Wl,../src/lscript.ld -L../../csd_lab_bsp/ps7_cortexa9_0/lib -o "csd_lab.elf"  ./src/csd_asm.o ./src/csd_main.o ./src/platform.o   -Wl,--start-group,-lxil,-lgcc,-lc,--end-group
Finished building target: csd_lab.elf
 
Invoking: ARM v7 Print Size
arm-none-eabi-size csd_lab.elf  |tee "csd_lab.elf.size"
   text	   data	    bss	    dec	    hex	filename
  22392	   1236	  22568	  46196	   b474	csd_lab.elf
Finished building: csd_lab.elf.size
 
22:37:48 **** Auto Build of configuration Debug for project csd_lab ****
make pre-build main-build 
a9-linaro-pre-build-step
 
Building file: ../src/csd_asm.S
Invoking: ARM v7 gcc compiler
arm-none-eabi-gcc -Wall -O0 -g3 -c -fmessage-length=0 -MT"src/csd_asm.o" -mcpu=cortex-a9 -mfpu=vfpv3 -mfloat-abi=hard -I../../csd_lab_bsp/ps7_cortexa9_0/include -MMD -MP -MF"src/csd_asm.d" -MT"src/csd_asm.o" -o "src/csd_asm.o" "../src/csd_asm.S"
Finished building: ../src/csd_asm.S
 
Building target: csd_lab.elf
Invoking: ARM v7 gcc linker
arm-none-eabi-gcc -mcpu=cortex-a9 -mfpu=vfpv3 -mfloat-abi=hard -Wl,-build-id=none -specs=Xilinx.spec -Wl,-T -Wl,../src/lscript.ld -L../../csd_lab_bsp/ps7_cortexa9_0/lib -o "csd_lab.elf"  ./src/csd_asm.o ./src/csd_main.o ./src/platform.o   -Wl,--start-group,-lxil,-lgcc,-lc,--end-group
./src/csd_asm.o: In function `forever':
C:\cose321\Assignment-2\class_experiments.sdk\csd_lab\Debug/../src/csd_asm.S:26: undefined reference to `Input_word'
C:\cose321\Assignment-2\class_experiments.sdk\csd_lab\Debug/../src/csd_asm.S:27: undefined reference to `Output_word'
collect2.exe: error: ld returned 1 exit status
make: *** [csd_lab.elf] 오류 1
22:37:53 **** Auto Build of configuration Debug for project csd_lab ****
make pre-build main-build 
a9-linaro-pre-build-step
 
Building file: ../src/csd_asm.S
Invoking: ARM v7 gcc compiler
arm-none-eabi-gcc -Wall -O0 -g3 -c -fmessage-length=0 -MT"src/csd_asm.o" -mcpu=cortex-a9 -mfpu=vfpv3 -mfloat-abi=hard -I../../csd_lab_bsp/ps7_cortexa9_0/include -MMD -MP -MF"src/csd_asm.d" -MT"src/csd_asm.o" -o "src/csd_asm.o" "../src/csd_asm.S"
Finished building: ../src/csd_asm.S
 
Building target: csd_lab.elf
Invoking: ARM v7 gcc linker
arm-none-eabi-gcc -mcpu=cortex-a9 -mfpu=vfpv3 -mfloat-abi=hard -Wl,-build-id=none -specs=Xilinx.spec -Wl,-T -Wl,../src/lscript.ld -L../../csd_lab_bsp/ps7_cortexa9_0/lib -o "csd_lab.elf"  ./src/csd_asm.o ./src/csd_main.o ./src/platform.o   -Wl,--start-group,-lxil,-lgcc,-lc,--end-group
Finished building target: csd_lab.elf
 
Invoking: ARM v7 Print Size
arm-none-eabi-size csd_lab.elf  |tee "csd_lab.elf.size"
   text	   data	    bss	    dec	    hex	filename
  22392	   1236	  22568	  46196	   b474	csd_lab.elf
Finished building: csd_lab.elf.size
 
22:38:59 **** Auto Build of configuration Debug for project csd_lab ****
make pre-build main-build 
a9-linaro-pre-build-step
 
Building file: ../src/csd_asm.S
Invoking: ARM v7 gcc compiler
arm-none-eabi-gcc -Wall -O0 -g3 -c -fmessage-length=0 -MT"src/csd_asm.o" -mcpu=cortex-a9 -mfpu=vfpv3 -mfloat-abi=hard -I../../csd_lab_bsp/ps7_cortexa9_0/include -MMD -MP -MF"src/csd_asm.d" -MT"src/csd_asm.o" -o "src/csd_asm.o" "../src/csd_asm.S"
Finished building: ../src/csd_asm.S
 
Building target: csd_lab.elf
Invoking: ARM v7 gcc linker
arm-none-eabi-gcc -mcpu=cortex-a9 -mfpu=vfpv3 -mfloat-abi=hard -Wl,-build-id=none -specs=Xilinx.spec -Wl,-T -Wl,../src/lscript.ld -L../../csd_lab_bsp/ps7_cortexa9_0/lib -o "csd_lab.elf"  ./src/csd_asm.o ./src/csd_main.o ./src/platform.o   -Wl,--start-group,-lxil,-lgcc,-lc,--end-group
Finished building target: csd_lab.elf
 
Invoking: ARM v7 Print Size
arm-none-eabi-size csd_lab.elf  |tee "csd_lab.elf.size"
   text	   data	    bss	    dec	    hex	filename
  22392	   1236	  22568	  46196	   b474	csd_lab.elf
Finished building: csd_lab.elf.size
 
22:40:50 **** Auto Build of configuration Debug for project csd_lab ****
make pre-build main-build 
a9-linaro-pre-build-step
 
Building file: ../src/csd_asm.S
Invoking: ARM v7 gcc compiler
arm-none-eabi-gcc -Wall -O0 -g3 -c -fmessage-length=0 -MT"src/csd_asm.o" -mcpu=cortex-a9 -mfpu=vfpv3 -mfloat-abi=hard -I../../csd_lab_bsp/ps7_cortexa9_0/include -MMD -MP -MF"src/csd_asm.d" -MT"src/csd_asm.o" -o "src/csd_asm.o" "../src/csd_asm.S"
Finished building: ../src/csd_asm.S
 
Building target: csd_lab.elf
Invoking: ARM v7 gcc linker
arm-none-eabi-gcc -mcpu=cortex-a9 -mfpu=vfpv3 -mfloat-abi=hard -Wl,-build-id=none -specs=Xilinx.spec -Wl,-T -Wl,../src/lscript.ld -L../../csd_lab_bsp/ps7_cortexa9_0/lib -o "csd_lab.elf"  ./src/csd_asm.o ./src/csd_main.o ./src/platform.o   -Wl,--start-group,-lxil,-lgcc,-lc,--end-group
Finished building target: csd_lab.elf
 
Invoking: ARM v7 Print Size
arm-none-eabi-size csd_lab.elf  |tee "csd_lab.elf.size"
   text	   data	    bss	    dec	    hex	filename
  22392	   1236	  22568	  46196	   b474	csd_lab.elf
Finished building: csd_lab.elf.size
 
22:41:35 **** Auto Build of configuration Debug for project csd_lab ****
make pre-build main-build 
a9-linaro-pre-build-step
 
Building file: ../src/csd_asm.S
Invoking: ARM v7 gcc compiler
arm-none-eabi-gcc -Wall -O0 -g3 -c -fmessage-length=0 -MT"src/csd_asm.o" -mcpu=cortex-a9 -mfpu=vfpv3 -mfloat-abi=hard -I../../csd_lab_bsp/ps7_cortexa9_0/include -MMD -MP -MF"src/csd_asm.d" -MT"src/csd_asm.o" -o "src/csd_asm.o" "../src/csd_asm.S"
Finished building: ../src/csd_asm.S
 
Building target: csd_lab.elf
Invoking: ARM v7 gcc linker
arm-none-eabi-gcc -mcpu=cortex-a9 -mfpu=vfpv3 -mfloat-abi=hard -Wl,-build-id=none -specs=Xilinx.spec -Wl,-T -Wl,../src/lscript.ld -L../../csd_lab_bsp/ps7_cortexa9_0/lib -o "csd_lab.elf"  ./src/csd_asm.o ./src/csd_main.o ./src/platform.o   -Wl,--start-group,-lxil,-lgcc,-lc,--end-group
Finished building target: csd_lab.elf
 
Invoking: ARM v7 Print Size
arm-none-eabi-size csd_lab.elf  |tee "csd_lab.elf.size"
   text	   data	    bss	    dec	    hex	filename
  22392	   1236	  22568	  46196	   b474	csd_lab.elf
Finished building: csd_lab.elf.size
 
22:41:39 **** Auto Build of configuration Debug for project csd_lab ****
make pre-build main-build 
a9-linaro-pre-build-step
 
Building file: ../src/csd_asm.S
Invoking: ARM v7 gcc compiler
arm-none-eabi-gcc -Wall -O0 -g3 -c -fmessage-length=0 -MT"src/csd_asm.o" -mcpu=cortex-a9 -mfpu=vfpv3 -mfloat-abi=hard -I../../csd_lab_bsp/ps7_cortexa9_0/include -MMD -MP -MF"src/csd_asm.d" -MT"src/csd_asm.o" -o "src/csd_asm.o" "../src/csd_asm.S"
Finished building: ../src/csd_asm.S
 
Building target: csd_lab.elf
Invoking: ARM v7 gcc linker
arm-none-eabi-gcc -mcpu=cortex-a9 -mfpu=vfpv3 -mfloat-abi=hard -Wl,-build-id=none -specs=Xilinx.spec -Wl,-T -Wl,../src/lscript.ld -L../../csd_lab_bsp/ps7_cortexa9_0/lib -o "csd_lab.elf"  ./src/csd_asm.o ./src/csd_main.o ./src/platform.o   -Wl,--start-group,-lxil,-lgcc,-lc,--end-group
Finished building target: csd_lab.elf
 
Invoking: ARM v7 Print Size
arm-none-eabi-size csd_lab.elf  |tee "csd_lab.elf.size"
   text	   data	    bss	    dec	    hex	filename
  22392	   1236	  22568	  46196	   b474	csd_lab.elf
Finished building: csd_lab.elf.size
 
22:42:01 **** Auto Build of configuration Debug for project csd_lab ****
make pre-build main-build 
a9-linaro-pre-build-step
 
Building file: ../src/csd_asm.S
Invoking: ARM v7 gcc compiler
arm-none-eabi-gcc -Wall -O0 -g3 -c -fmessage-length=0 -MT"src/csd_asm.o" -mcpu=cortex-a9 -mfpu=vfpv3 -mfloat-abi=hard -I../../csd_lab_bsp/ps7_cortexa9_0/include -MMD -MP -MF"src/csd_asm.d" -MT"src/csd_asm.o" -o "src/csd_asm.o" "../src/csd_asm.S"
Finished building: ../src/csd_asm.S
 
Building target: csd_lab.elf
Invoking: ARM v7 gcc linker
arm-none-eabi-gcc -mcpu=cortex-a9 -mfpu=vfpv3 -mfloat-abi=hard -Wl,-build-id=none -specs=Xilinx.spec -Wl,-T -Wl,../src/lscript.ld -L../../csd_lab_bsp/ps7_cortexa9_0/lib -o "csd_lab.elf"  ./src/csd_asm.o ./src/csd_main.o ./src/platform.o   -Wl,--start-group,-lxil,-lgcc,-lc,--end-group
Finished building target: csd_lab.elf
 
Invoking: ARM v7 Print Size
arm-none-eabi-size csd_lab.elf  |tee "csd_lab.elf.size"
   text	   data	    bss	    dec	    hex	filename
  22392	   1236	  22568	  46196	   b474	csd_lab.elf
Finished building: csd_lab.elf.size
 
22:43:28 **** Auto Build of configuration Debug for project csd_lab ****
make pre-build main-build 
a9-linaro-pre-build-step
 
Building file: ../src/csd_asm.S
Invoking: ARM v7 gcc compiler
arm-none-eabi-gcc -Wall -O0 -g3 -c -fmessage-length=0 -MT"src/csd_asm.o" -mcpu=cortex-a9 -mfpu=vfpv3 -mfloat-abi=hard -I../../csd_lab_bsp/ps7_cortexa9_0/include -MMD -MP -MF"src/csd_asm.d" -MT"src/csd_asm.o" -o "src/csd_asm.o" "../src/csd_asm.S"
../src/csd_asm.S: Assembler messages:
../src/csd_asm.S:49: Error: bad instruction `ldmbi'
make: *** [src/csd_asm.o] 오류 1
22:44:14 **** Auto Build of configuration Debug for project csd_lab ****
make pre-build main-build 
a9-linaro-pre-build-step
 
Building file: ../src/csd_asm.S
Invoking: ARM v7 gcc compiler
arm-none-eabi-gcc -Wall -O0 -g3 -c -fmessage-length=0 -MT"src/csd_asm.o" -mcpu=cortex-a9 -mfpu=vfpv3 -mfloat-abi=hard -I../../csd_lab_bsp/ps7_cortexa9_0/include -MMD -MP -MF"src/csd_asm.d" -MT"src/csd_asm.o" -o "src/csd_asm.o" "../src/csd_asm.S"
../src/csd_asm.S: Assembler messages:
../src/csd_asm.S:49: Error: bad instruction `ldmbi r0!,{r2-r9}'
make: *** [src/csd_asm.o] 오류 1
22:44:28 **** Auto Build of configuration Debug for project csd_lab ****
make pre-build main-build 
a9-linaro-pre-build-step
 
Building file: ../src/csd_asm.S
Invoking: ARM v7 gcc compiler
arm-none-eabi-gcc -Wall -O0 -g3 -c -fmessage-length=0 -MT"src/csd_asm.o" -mcpu=cortex-a9 -mfpu=vfpv3 -mfloat-abi=hard -I../../csd_lab_bsp/ps7_cortexa9_0/include -MMD -MP -MF"src/csd_asm.d" -MT"src/csd_asm.o" -o "src/csd_asm.o" "../src/csd_asm.S"
../src/csd_asm.S: Assembler messages:
../src/csd_asm.S:49: Error: bad instruction `ldmbi r0!,{R2-R9}'
make: *** [src/csd_asm.o] 오류 1
22:44:36 **** Auto Build of configuration Debug for project csd_lab ****
make pre-build main-build 
a9-linaro-pre-build-step
 
Building file: ../src/csd_asm.S
Invoking: ARM v7 gcc compiler
arm-none-eabi-gcc -Wall -O0 -g3 -c -fmessage-length=0 -MT"src/csd_asm.o" -mcpu=cortex-a9 -mfpu=vfpv3 -mfloat-abi=hard -I../../csd_lab_bsp/ps7_cortexa9_0/include -MMD -MP -MF"src/csd_asm.d" -MT"src/csd_asm.o" -o "src/csd_asm.o" "../src/csd_asm.S"
Finished building: ../src/csd_asm.S
 
Building target: csd_lab.elf
Invoking: ARM v7 gcc linker
arm-none-eabi-gcc -mcpu=cortex-a9 -mfpu=vfpv3 -mfloat-abi=hard -Wl,-build-id=none -specs=Xilinx.spec -Wl,-T -Wl,../src/lscript.ld -L../../csd_lab_bsp/ps7_cortexa9_0/lib -o "csd_lab.elf"  ./src/csd_asm.o ./src/csd_main.o ./src/platform.o   -Wl,--start-group,-lxil,-lgcc,-lc,--end-group
Finished building target: csd_lab.elf
 
Invoking: ARM v7 Print Size
arm-none-eabi-size csd_lab.elf  |tee "csd_lab.elf.size"
   text	   data	    bss	    dec	    hex	filename
  22392	   1236	  22568	  46196	   b474	csd_lab.elf
Finished building: csd_lab.elf.size
 
22:45:23 **** Auto Build of configuration Debug for project csd_lab ****
make pre-build main-build 
a9-linaro-pre-build-step
 
Building file: ../src/csd_asm.S
Invoking: ARM v7 gcc compiler
arm-none-eabi-gcc -Wall -O0 -g3 -c -fmessage-length=0 -MT"src/csd_asm.o" -mcpu=cortex-a9 -mfpu=vfpv3 -mfloat-abi=hard -I../../csd_lab_bsp/ps7_cortexa9_0/include -MMD -MP -MF"src/csd_asm.d" -MT"src/csd_asm.o" -o "src/csd_asm.o" "../src/csd_asm.S"
Finished building: ../src/csd_asm.S
 
Building target: csd_lab.elf
Invoking: ARM v7 gcc linker
arm-none-eabi-gcc -mcpu=cortex-a9 -mfpu=vfpv3 -mfloat-abi=hard -Wl,-build-id=none -specs=Xilinx.spec -Wl,-T -Wl,../src/lscript.ld -L../../csd_lab_bsp/ps7_cortexa9_0/lib -o "csd_lab.elf"  ./src/csd_asm.o ./src/csd_main.o ./src/platform.o   -Wl,--start-group,-lxil,-lgcc,-lc,--end-group
Finished building target: csd_lab.elf
 
Invoking: ARM v7 Print Size
arm-none-eabi-size csd_lab.elf  |tee "csd_lab.elf.size"
   text	   data	    bss	    dec	    hex	filename
  22392	   1236	  22568	  46196	   b474	csd_lab.elf
Finished building: csd_lab.elf.size
 
22:45:57 **** Auto Build of configuration Debug for project csd_lab ****
make pre-build main-build 
a9-linaro-pre-build-step
 
Building file: ../src/csd_asm.S
Invoking: ARM v7 gcc compiler
arm-none-eabi-gcc -Wall -O0 -g3 -c -fmessage-length=0 -MT"src/csd_asm.o" -mcpu=cortex-a9 -mfpu=vfpv3 -mfloat-abi=hard -I../../csd_lab_bsp/ps7_cortexa9_0/include -MMD -MP -MF"src/csd_asm.d" -MT"src/csd_asm.o" -o "src/csd_asm.o" "../src/csd_asm.S"
Finished building: ../src/csd_asm.S
 
Building target: csd_lab.elf
Invoking: ARM v7 gcc linker
arm-none-eabi-gcc -mcpu=cortex-a9 -mfpu=vfpv3 -mfloat-abi=hard -Wl,-build-id=none -specs=Xilinx.spec -Wl,-T -Wl,../src/lscript.ld -L../../csd_lab_bsp/ps7_cortexa9_0/lib -o "csd_lab.elf"  ./src/csd_asm.o ./src/csd_main.o ./src/platform.o   -Wl,--start-group,-lxil,-lgcc,-lc,--end-group
Finished building target: csd_lab.elf
 
Invoking: ARM v7 Print Size
arm-none-eabi-size csd_lab.elf  |tee "csd_lab.elf.size"
   text	   data	    bss	    dec	    hex	filename
  22392	   1236	  22568	  46196	   b474	csd_lab.elf
Finished building: csd_lab.elf.size
 
22:46:09 **** Incremental Build of configuration Debug for project csd_lab ****
make pre-build main-build 
a9-linaro-pre-build-step
 
make: `main-build'를 위해 할 일이 없습니다
22:48:39 **** Auto Build of configuration Debug for project csd_lab ****
make pre-build main-build 
a9-linaro-pre-build-step
 
Building file: ../src/csd_asm.S
Invoking: ARM v7 gcc compiler
arm-none-eabi-gcc -Wall -O0 -g3 -c -fmessage-length=0 -MT"src/csd_asm.o" -mcpu=cortex-a9 -mfpu=vfpv3 -mfloat-abi=hard -I../../csd_lab_bsp/ps7_cortexa9_0/include -MMD -MP -MF"src/csd_asm.d" -MT"src/csd_asm.o" -o "src/csd_asm.o" "../src/csd_asm.S"
../src/csd_asm.S: Assembler messages:
../src/csd_asm.S:29: Error: undefined symbol r4 used as an immediate value
../src/csd_asm.S:30: Error: undefined symbol r5 used as an immediate value
../src/csd_asm.S:31: Error: undefined symbol r6 used as an immediate value
make: *** [src/csd_asm.o] 오류 1
22:48:45 **** Auto Build of configuration Debug for project csd_lab ****
make pre-build main-build 
a9-linaro-pre-build-step
 
Building file: ../src/csd_asm.S
Invoking: ARM v7 gcc compiler
arm-none-eabi-gcc -Wall -O0 -g3 -c -fmessage-length=0 -MT"src/csd_asm.o" -mcpu=cortex-a9 -mfpu=vfpv3 -mfloat-abi=hard -I../../csd_lab_bsp/ps7_cortexa9_0/include -MMD -MP -MF"src/csd_asm.d" -MT"src/csd_asm.o" -o "src/csd_asm.o" "../src/csd_asm.S"
Finished building: ../src/csd_asm.S
 
Building target: csd_lab.elf
Invoking: ARM v7 gcc linker
arm-none-eabi-gcc -mcpu=cortex-a9 -mfpu=vfpv3 -mfloat-abi=hard -Wl,-build-id=none -specs=Xilinx.spec -Wl,-T -Wl,../src/lscript.ld -L../../csd_lab_bsp/ps7_cortexa9_0/lib -o "csd_lab.elf"  ./src/csd_asm.o ./src/csd_main.o ./src/platform.o   -Wl,--start-group,-lxil,-lgcc,-lc,--end-group
Finished building target: csd_lab.elf
 
Invoking: ARM v7 Print Size
arm-none-eabi-size csd_lab.elf  |tee "csd_lab.elf.size"
   text	   data	    bss	    dec	    hex	filename
  22392	   1236	  22568	  46196	   b474	csd_lab.elf
Finished building: csd_lab.elf.size
 
22:48:58 **** Incremental Build of configuration Debug for project csd_lab ****
make pre-build main-build 
a9-linaro-pre-build-step
 
make: `main-build'를 위해 할 일이 없습니다
22:51:58 **** Incremental Build of configuration Debug for project csd_lab ****
make pre-build main-build 
a9-linaro-pre-build-step
 
make: `main-build'를 위해 할 일이 없습니다
22:54:13 **** Incremental Build of configuration Debug for project csd_lab ****
make pre-build main-build 
a9-linaro-pre-build-step
 
make: `main-build'를 위해 할 일이 없습니다
23:00:09 **** Incremental Build of configuration Debug for project csd_lab ****
make pre-build main-build 
a9-linaro-pre-build-step
 
make: `main-build'를 위해 할 일이 없습니다
23:07:27 **** Incremental Build of configuration Debug for project csd_lab ****
make pre-build main-build 
a9-linaro-pre-build-step
 
make: `main-build'를 위해 할 일이 없습니다
23:18:15 **** Incremental Build of configuration Debug for project csd_lab ****
make pre-build main-build 
a9-linaro-pre-build-step
 
make: `main-build'를 위해 할 일이 없습니다
23:20:16 **** Incremental Build of configuration Debug for project csd_lab ****
make pre-build main-build 
a9-linaro-pre-build-step
 
make: `main-build'를 위해 할 일이 없습니다
23:22:25 **** Auto Build of configuration Debug for project csd_lab ****
make pre-build main-build 
a9-linaro-pre-build-step
 
Building file: ../src/csd_asm.S
Invoking: ARM v7 gcc compiler
arm-none-eabi-gcc -Wall -O0 -g3 -c -fmessage-length=0 -MT"src/csd_asm.o" -mcpu=cortex-a9 -mfpu=vfpv3 -mfloat-abi=hard -I../../csd_lab_bsp/ps7_cortexa9_0/include -MMD -MP -MF"src/csd_asm.d" -MT"src/csd_asm.o" -o "src/csd_asm.o" "../src/csd_asm.S"
Finished building: ../src/csd_asm.S
 
Building target: csd_lab.elf
Invoking: ARM v7 gcc linker
arm-none-eabi-gcc -mcpu=cortex-a9 -mfpu=vfpv3 -mfloat-abi=hard -Wl,-build-id=none -specs=Xilinx.spec -Wl,-T -Wl,../src/lscript.ld -L../../csd_lab_bsp/ps7_cortexa9_0/lib -o "csd_lab.elf"  ./src/csd_asm.o ./src/csd_main.o ./src/platform.o   -Wl,--start-group,-lxil,-lgcc,-lc,--end-group
Finished building target: csd_lab.elf
 
Invoking: ARM v7 Print Size
arm-none-eabi-size csd_lab.elf  |tee "csd_lab.elf.size"
   text	   data	    bss	    dec	    hex	filename
  22392	   1236	  22568	  46196	   b474	csd_lab.elf
Finished building: csd_lab.elf.size
 
23:22:51 **** Incremental Build of configuration Debug for project csd_lab ****
make pre-build main-build 
a9-linaro-pre-build-step
 
make: `main-build'를 위해 할 일이 없습니다
23:23:59 **** Incremental Build of configuration Debug for project csd_lab ****
make pre-build main-build 
a9-linaro-pre-build-step
 
make: `main-build'를 위해 할 일이 없습니다
23:24:41 **** Incremental Build of configuration Debug for project csd_lab ****
make pre-build main-build 
a9-linaro-pre-build-step
 
make: `main-build'를 위해 할 일이 없습니다
23:25:29 **** Incremental Build of configuration Debug for project csd_lab ****
make pre-build main-build 
a9-linaro-pre-build-step
 
make: `main-build'를 위해 할 일이 없습니다
23:29:34 **** Auto Build of configuration Debug for project csd_lab ****
make pre-build main-build 
a9-linaro-pre-build-step
 
Building file: ../src/csd_asm.S
Invoking: ARM v7 gcc compiler
arm-none-eabi-gcc -Wall -O0 -g3 -c -fmessage-length=0 -MT"src/csd_asm.o" -mcpu=cortex-a9 -mfpu=vfpv3 -mfloat-abi=hard -I../../csd_lab_bsp/ps7_cortexa9_0/include -MMD -MP -MF"src/csd_asm.d" -MT"src/csd_asm.o" -o "src/csd_asm.o" "../src/csd_asm.S"
Finished building: ../src/csd_asm.S
 
Building target: csd_lab.elf
Invoking: ARM v7 gcc linker
arm-none-eabi-gcc -mcpu=cortex-a9 -mfpu=vfpv3 -mfloat-abi=hard -Wl,-build-id=none -specs=Xilinx.spec -Wl,-T -Wl,../src/lscript.ld -L../../csd_lab_bsp/ps7_cortexa9_0/lib -o "csd_lab.elf"  ./src/csd_asm.o ./src/csd_main.o ./src/platform.o   -Wl,--start-group,-lxil,-lgcc,-lc,--end-group
Finished building target: csd_lab.elf
 
Invoking: ARM v7 Print Size
arm-none-eabi-size csd_lab.elf  |tee "csd_lab.elf.size"
   text	   data	    bss	    dec	    hex	filename
  22392	   1236	  22568	  46196	   b474	csd_lab.elf
Finished building: csd_lab.elf.size
 
23:29:49 **** Incremental Build of configuration Debug for project csd_lab ****
make pre-build main-build 
a9-linaro-pre-build-step
 
make: `main-build'를 위해 할 일이 없습니다
23:31:57 **** Auto Build of configuration Debug for project csd_lab ****
make pre-build main-build 
a9-linaro-pre-build-step
 
Building file: ../src/csd_asm.S
Invoking: ARM v7 gcc compiler
arm-none-eabi-gcc -Wall -O0 -g3 -c -fmessage-length=0 -MT"src/csd_asm.o" -mcpu=cortex-a9 -mfpu=vfpv3 -mfloat-abi=hard -I../../csd_lab_bsp/ps7_cortexa9_0/include -MMD -MP -MF"src/csd_asm.d" -MT"src/csd_asm.o" -o "src/csd_asm.o" "../src/csd_asm.S"
Finished building: ../src/csd_asm.S
 
Building target: csd_lab.elf
Invoking: ARM v7 gcc linker
arm-none-eabi-gcc -mcpu=cortex-a9 -mfpu=vfpv3 -mfloat-abi=hard -Wl,-build-id=none -specs=Xilinx.spec -Wl,-T -Wl,../src/lscript.ld -L../../csd_lab_bsp/ps7_cortexa9_0/lib -o "csd_lab.elf"  ./src/csd_asm.o ./src/csd_main.o ./src/platform.o   -Wl,--start-group,-lxil,-lgcc,-lc,--end-group
Finished building target: csd_lab.elf
 
Invoking: ARM v7 Print Size
arm-none-eabi-size csd_lab.elf  |tee "csd_lab.elf.size"
   text	   data	    bss	    dec	    hex	filename
  22392	   1236	  22568	  46196	   b474	csd_lab.elf
Finished building: csd_lab.elf.size
 
23:32:02 **** Auto Build of configuration Debug for project csd_lab ****
make pre-build main-build 
a9-linaro-pre-build-step
 
Building file: ../src/csd_asm.S
Invoking: ARM v7 gcc compiler
arm-none-eabi-gcc -Wall -O0 -g3 -c -fmessage-length=0 -MT"src/csd_asm.o" -mcpu=cortex-a9 -mfpu=vfpv3 -mfloat-abi=hard -I../../csd_lab_bsp/ps7_cortexa9_0/include -MMD -MP -MF"src/csd_asm.d" -MT"src/csd_asm.o" -o "src/csd_asm.o" "../src/csd_asm.S"
Finished building: ../src/csd_asm.S
 
Building target: csd_lab.elf
Invoking: ARM v7 gcc linker
arm-none-eabi-gcc -mcpu=cortex-a9 -mfpu=vfpv3 -mfloat-abi=hard -Wl,-build-id=none -specs=Xilinx.spec -Wl,-T -Wl,../src/lscript.ld -L../../csd_lab_bsp/ps7_cortexa9_0/lib -o "csd_lab.elf"  ./src/csd_asm.o ./src/csd_main.o ./src/platform.o   -Wl,--start-group,-lxil,-lgcc,-lc,--end-group
Finished building target: csd_lab.elf
 
Invoking: ARM v7 Print Size
arm-none-eabi-size csd_lab.elf  |tee "csd_lab.elf.size"
   text	   data	    bss	    dec	    hex	filename
  22392	   1236	  22568	  46196	   b474	csd_lab.elf
Finished building: csd_lab.elf.size
 
23:32:06 **** Auto Build of configuration Debug for project csd_lab ****
make pre-build main-build 
a9-linaro-pre-build-step
 
Building file: ../src/csd_asm.S
Invoking: ARM v7 gcc compiler
arm-none-eabi-gcc -Wall -O0 -g3 -c -fmessage-length=0 -MT"src/csd_asm.o" -mcpu=cortex-a9 -mfpu=vfpv3 -mfloat-abi=hard -I../../csd_lab_bsp/ps7_cortexa9_0/include -MMD -MP -MF"src/csd_asm.d" -MT"src/csd_asm.o" -o "src/csd_asm.o" "../src/csd_asm.S"
Finished building: ../src/csd_asm.S
 
Building target: csd_lab.elf
Invoking: ARM v7 gcc linker
arm-none-eabi-gcc -mcpu=cortex-a9 -mfpu=vfpv3 -mfloat-abi=hard -Wl,-build-id=none -specs=Xilinx.spec -Wl,-T -Wl,../src/lscript.ld -L../../csd_lab_bsp/ps7_cortexa9_0/lib -o "csd_lab.elf"  ./src/csd_asm.o ./src/csd_main.o ./src/platform.o   -Wl,--start-group,-lxil,-lgcc,-lc,--end-group
Finished building target: csd_lab.elf
 
Invoking: ARM v7 Print Size
arm-none-eabi-size csd_lab.elf  |tee "csd_lab.elf.size"
   text	   data	    bss	    dec	    hex	filename
  22392	   1236	  22568	  46196	   b474	csd_lab.elf
Finished building: csd_lab.elf.size
 
23:32:10 **** Auto Build of configuration Debug for project csd_lab ****
make pre-build main-build 
a9-linaro-pre-build-step
 
Building file: ../src/csd_asm.S
Invoking: ARM v7 gcc compiler
arm-none-eabi-gcc -Wall -O0 -g3 -c -fmessage-length=0 -MT"src/csd_asm.o" -mcpu=cortex-a9 -mfpu=vfpv3 -mfloat-abi=hard -I../../csd_lab_bsp/ps7_cortexa9_0/include -MMD -MP -MF"src/csd_asm.d" -MT"src/csd_asm.o" -o "src/csd_asm.o" "../src/csd_asm.S"
Finished building: ../src/csd_asm.S
 
Building target: csd_lab.elf
Invoking: ARM v7 gcc linker
arm-none-eabi-gcc -mcpu=cortex-a9 -mfpu=vfpv3 -mfloat-abi=hard -Wl,-build-id=none -specs=Xilinx.spec -Wl,-T -Wl,../src/lscript.ld -L../../csd_lab_bsp/ps7_cortexa9_0/lib -o "csd_lab.elf"  ./src/csd_asm.o ./src/csd_main.o ./src/platform.o   -Wl,--start-group,-lxil,-lgcc,-lc,--end-group
Finished building target: csd_lab.elf
 
Invoking: ARM v7 Print Size
arm-none-eabi-size csd_lab.elf  |tee "csd_lab.elf.size"
   text	   data	    bss	    dec	    hex	filename
  22392	   1236	  22568	  46196	   b474	csd_lab.elf
Finished building: csd_lab.elf.size
 
23:32:58 **** Auto Build of configuration Debug for project csd_lab ****
make pre-build main-build 
a9-linaro-pre-build-step
 
Building file: ../src/csd_asm.S
Invoking: ARM v7 gcc compiler
arm-none-eabi-gcc -Wall -O0 -g3 -c -fmessage-length=0 -MT"src/csd_asm.o" -mcpu=cortex-a9 -mfpu=vfpv3 -mfloat-abi=hard -I../../csd_lab_bsp/ps7_cortexa9_0/include -MMD -MP -MF"src/csd_asm.d" -MT"src/csd_asm.o" -o "src/csd_asm.o" "../src/csd_asm.S"
Finished building: ../src/csd_asm.S
 
Building target: csd_lab.elf
Invoking: ARM v7 gcc linker
arm-none-eabi-gcc -mcpu=cortex-a9 -mfpu=vfpv3 -mfloat-abi=hard -Wl,-build-id=none -specs=Xilinx.spec -Wl,-T -Wl,../src/lscript.ld -L../../csd_lab_bsp/ps7_cortexa9_0/lib -o "csd_lab.elf"  ./src/csd_asm.o ./src/csd_main.o ./src/platform.o   -Wl,--start-group,-lxil,-lgcc,-lc,--end-group
Finished building target: csd_lab.elf
 
Invoking: ARM v7 Print Size
arm-none-eabi-size csd_lab.elf  |tee "csd_lab.elf.size"
   text	   data	    bss	    dec	    hex	filename
  22392	   1236	  22568	  46196	   b474	csd_lab.elf
Finished building: csd_lab.elf.size
 
23:33:08 **** Auto Build of configuration Debug for project csd_lab ****
make pre-build main-build 
a9-linaro-pre-build-step
 
Building file: ../src/csd_asm.S
Invoking: ARM v7 gcc compiler
arm-none-eabi-gcc -Wall -O0 -g3 -c -fmessage-length=0 -MT"src/csd_asm.o" -mcpu=cortex-a9 -mfpu=vfpv3 -mfloat-abi=hard -I../../csd_lab_bsp/ps7_cortexa9_0/include -MMD -MP -MF"src/csd_asm.d" -MT"src/csd_asm.o" -o "src/csd_asm.o" "../src/csd_asm.S"
Finished building: ../src/csd_asm.S
 
Building target: csd_lab.elf
Invoking: ARM v7 gcc linker
arm-none-eabi-gcc -mcpu=cortex-a9 -mfpu=vfpv3 -mfloat-abi=hard -Wl,-build-id=none -specs=Xilinx.spec -Wl,-T -Wl,../src/lscript.ld -L../../csd_lab_bsp/ps7_cortexa9_0/lib -o "csd_lab.elf"  ./src/csd_asm.o ./src/csd_main.o ./src/platform.o   -Wl,--start-group,-lxil,-lgcc,-lc,--end-group
Finished building target: csd_lab.elf
 
Invoking: ARM v7 Print Size
arm-none-eabi-size csd_lab.elf  |tee "csd_lab.elf.size"
   text	   data	    bss	    dec	    hex	filename
  22392	   1236	  22568	  46196	   b474	csd_lab.elf
Finished building: csd_lab.elf.size
 
23:33:18 **** Auto Build of configuration Debug for project csd_lab ****
make pre-build main-build 
a9-linaro-pre-build-step
 
Building file: ../src/csd_asm.S
Invoking: ARM v7 gcc compiler
arm-none-eabi-gcc -Wall -O0 -g3 -c -fmessage-length=0 -MT"src/csd_asm.o" -mcpu=cortex-a9 -mfpu=vfpv3 -mfloat-abi=hard -I../../csd_lab_bsp/ps7_cortexa9_0/include -MMD -MP -MF"src/csd_asm.d" -MT"src/csd_asm.o" -o "src/csd_asm.o" "../src/csd_asm.S"
Finished building: ../src/csd_asm.S
 
Building target: csd_lab.elf
Invoking: ARM v7 gcc linker
arm-none-eabi-gcc -mcpu=cortex-a9 -mfpu=vfpv3 -mfloat-abi=hard -Wl,-build-id=none -specs=Xilinx.spec -Wl,-T -Wl,../src/lscript.ld -L../../csd_lab_bsp/ps7_cortexa9_0/lib -o "csd_lab.elf"  ./src/csd_asm.o ./src/csd_main.o ./src/platform.o   -Wl,--start-group,-lxil,-lgcc,-lc,--end-group
Finished building target: csd_lab.elf
 
Invoking: ARM v7 Print Size
arm-none-eabi-size csd_lab.elf  |tee "csd_lab.elf.size"
   text	   data	    bss	    dec	    hex	filename
  22392	   1236	  22568	  46196	   b474	csd_lab.elf
Finished building: csd_lab.elf.size
 
23:33:21 **** Auto Build of configuration Debug for project csd_lab ****
make pre-build main-build 
a9-linaro-pre-build-step
 
Building file: ../src/csd_asm.S
Invoking: ARM v7 gcc compiler
arm-none-eabi-gcc -Wall -O0 -g3 -c -fmessage-length=0 -MT"src/csd_asm.o" -mcpu=cortex-a9 -mfpu=vfpv3 -mfloat-abi=hard -I../../csd_lab_bsp/ps7_cortexa9_0/include -MMD -MP -MF"src/csd_asm.d" -MT"src/csd_asm.o" -o "src/csd_asm.o" "../src/csd_asm.S"
Finished building: ../src/csd_asm.S
 
Building target: csd_lab.elf
Invoking: ARM v7 gcc linker
arm-none-eabi-gcc -mcpu=cortex-a9 -mfpu=vfpv3 -mfloat-abi=hard -Wl,-build-id=none -specs=Xilinx.spec -Wl,-T -Wl,../src/lscript.ld -L../../csd_lab_bsp/ps7_cortexa9_0/lib -o "csd_lab.elf"  ./src/csd_asm.o ./src/csd_main.o ./src/platform.o   -Wl,--start-group,-lxil,-lgcc,-lc,--end-group
Finished building target: csd_lab.elf
 
Invoking: ARM v7 Print Size
arm-none-eabi-size csd_lab.elf  |tee "csd_lab.elf.size"
   text	   data	    bss	    dec	    hex	filename
  22392	   1236	  22568	  46196	   b474	csd_lab.elf
Finished building: csd_lab.elf.size
 
23:34:17 **** Auto Build of configuration Debug for project csd_lab ****
make pre-build main-build 
a9-linaro-pre-build-step
 
Building file: ../src/csd_asm.S
Invoking: ARM v7 gcc compiler
arm-none-eabi-gcc -Wall -O0 -g3 -c -fmessage-length=0 -MT"src/csd_asm.o" -mcpu=cortex-a9 -mfpu=vfpv3 -mfloat-abi=hard -I../../csd_lab_bsp/ps7_cortexa9_0/include -MMD -MP -MF"src/csd_asm.d" -MT"src/csd_asm.o" -o "src/csd_asm.o" "../src/csd_asm.S"
Finished building: ../src/csd_asm.S
 
Building target: csd_lab.elf
Invoking: ARM v7 gcc linker
arm-none-eabi-gcc -mcpu=cortex-a9 -mfpu=vfpv3 -mfloat-abi=hard -Wl,-build-id=none -specs=Xilinx.spec -Wl,-T -Wl,../src/lscript.ld -L../../csd_lab_bsp/ps7_cortexa9_0/lib -o "csd_lab.elf"  ./src/csd_asm.o ./src/csd_main.o ./src/platform.o   -Wl,--start-group,-lxil,-lgcc,-lc,--end-group
Finished building target: csd_lab.elf
 
Invoking: ARM v7 Print Size
arm-none-eabi-size csd_lab.elf  |tee "csd_lab.elf.size"
   text	   data	    bss	    dec	    hex	filename
  22392	   1236	  22568	  46196	   b474	csd_lab.elf
Finished building: csd_lab.elf.size
 
23:35:40 **** Auto Build of configuration Debug for project csd_lab ****
make pre-build main-build 
a9-linaro-pre-build-step
 
Building file: ../src/csd_asm.S
Invoking: ARM v7 gcc compiler
arm-none-eabi-gcc -Wall -O0 -g3 -c -fmessage-length=0 -MT"src/csd_asm.o" -mcpu=cortex-a9 -mfpu=vfpv3 -mfloat-abi=hard -I../../csd_lab_bsp/ps7_cortexa9_0/include -MMD -MP -MF"src/csd_asm.d" -MT"src/csd_asm.o" -o "src/csd_asm.o" "../src/csd_asm.S"
Finished building: ../src/csd_asm.S
 
Building target: csd_lab.elf
Invoking: ARM v7 gcc linker
arm-none-eabi-gcc -mcpu=cortex-a9 -mfpu=vfpv3 -mfloat-abi=hard -Wl,-build-id=none -specs=Xilinx.spec -Wl,-T -Wl,../src/lscript.ld -L../../csd_lab_bsp/ps7_cortexa9_0/lib -o "csd_lab.elf"  ./src/csd_asm.o ./src/csd_main.o ./src/platform.o   -Wl,--start-group,-lxil,-lgcc,-lc,--end-group
./src/csd_asm.o: In function `outer':
C:\cose321\Assignment-2\class_experiments.sdk\csd_lab\Debug/../src/csd_asm.S:35: undefined reference to `r0'
collect2.exe: error: ld returned 1 exit status
make: *** [csd_lab.elf] 오류 1
23:36:43 **** Auto Build of configuration Debug for project csd_lab ****
make pre-build main-build 
a9-linaro-pre-build-step
 
Building file: ../src/csd_asm.S
Invoking: ARM v7 gcc compiler
arm-none-eabi-gcc -Wall -O0 -g3 -c -fmessage-length=0 -MT"src/csd_asm.o" -mcpu=cortex-a9 -mfpu=vfpv3 -mfloat-abi=hard -I../../csd_lab_bsp/ps7_cortexa9_0/include -MMD -MP -MF"src/csd_asm.d" -MT"src/csd_asm.o" -o "src/csd_asm.o" "../src/csd_asm.S"
Finished building: ../src/csd_asm.S
 
Building target: csd_lab.elf
Invoking: ARM v7 gcc linker
arm-none-eabi-gcc -mcpu=cortex-a9 -mfpu=vfpv3 -mfloat-abi=hard -Wl,-build-id=none -specs=Xilinx.spec -Wl,-T -Wl,../src/lscript.ld -L../../csd_lab_bsp/ps7_cortexa9_0/lib -o "csd_lab.elf"  ./src/csd_asm.o ./src/csd_main.o ./src/platform.o   -Wl,--start-group,-lxil,-lgcc,-lc,--end-group
Finished building target: csd_lab.elf
 
Invoking: ARM v7 Print Size
arm-none-eabi-size csd_lab.elf  |tee "csd_lab.elf.size"
   text	   data	    bss	    dec	    hex	filename
  22392	   1236	  22568	  46196	   b474	csd_lab.elf
Finished building: csd_lab.elf.size
 
23:37:46 **** Auto Build of configuration Debug for project csd_lab ****
make pre-build main-build 
a9-linaro-pre-build-step
 
Building file: ../src/csd_asm.S
Invoking: ARM v7 gcc compiler
arm-none-eabi-gcc -Wall -O0 -g3 -c -fmessage-length=0 -MT"src/csd_asm.o" -mcpu=cortex-a9 -mfpu=vfpv3 -mfloat-abi=hard -I../../csd_lab_bsp/ps7_cortexa9_0/include -MMD -MP -MF"src/csd_asm.d" -MT"src/csd_asm.o" -o "src/csd_asm.o" "../src/csd_asm.S"
Finished building: ../src/csd_asm.S
 
Building target: csd_lab.elf
Invoking: ARM v7 gcc linker
arm-none-eabi-gcc -mcpu=cortex-a9 -mfpu=vfpv3 -mfloat-abi=hard -Wl,-build-id=none -specs=Xilinx.spec -Wl,-T -Wl,../src/lscript.ld -L../../csd_lab_bsp/ps7_cortexa9_0/lib -o "csd_lab.elf"  ./src/csd_asm.o ./src/csd_main.o ./src/platform.o   -Wl,--start-group,-lxil,-lgcc,-lc,--end-group
Finished building target: csd_lab.elf
 
Invoking: ARM v7 Print Size
arm-none-eabi-size csd_lab.elf  |tee "csd_lab.elf.size"
   text	   data	    bss	    dec	    hex	filename
  22392	   1236	  22568	  46196	   b474	csd_lab.elf
Finished building: csd_lab.elf.size
 
23:38:35 **** Auto Build of configuration Debug for project csd_lab ****
make pre-build main-build 
a9-linaro-pre-build-step
 
Building file: ../src/csd_asm.S
Invoking: ARM v7 gcc compiler
arm-none-eabi-gcc -Wall -O0 -g3 -c -fmessage-length=0 -MT"src/csd_asm.o" -mcpu=cortex-a9 -mfpu=vfpv3 -mfloat-abi=hard -I../../csd_lab_bsp/ps7_cortexa9_0/include -MMD -MP -MF"src/csd_asm.d" -MT"src/csd_asm.o" -o "src/csd_asm.o" "../src/csd_asm.S"
Finished building: ../src/csd_asm.S
 
Building target: csd_lab.elf
Invoking: ARM v7 gcc linker
arm-none-eabi-gcc -mcpu=cortex-a9 -mfpu=vfpv3 -mfloat-abi=hard -Wl,-build-id=none -specs=Xilinx.spec -Wl,-T -Wl,../src/lscript.ld -L../../csd_lab_bsp/ps7_cortexa9_0/lib -o "csd_lab.elf"  ./src/csd_asm.o ./src/csd_main.o ./src/platform.o   -Wl,--start-group,-lxil,-lgcc,-lc,--end-group
Finished building target: csd_lab.elf
 
Invoking: ARM v7 Print Size
arm-none-eabi-size csd_lab.elf  |tee "csd_lab.elf.size"
   text	   data	    bss	    dec	    hex	filename
  22392	   1236	  22568	  46196	   b474	csd_lab.elf
Finished building: csd_lab.elf.size
 
23:38:43 **** Auto Build of configuration Debug for project csd_lab ****
make pre-build main-build 
a9-linaro-pre-build-step
 
Building file: ../src/csd_asm.S
Invoking: ARM v7 gcc compiler
arm-none-eabi-gcc -Wall -O0 -g3 -c -fmessage-length=0 -MT"src/csd_asm.o" -mcpu=cortex-a9 -mfpu=vfpv3 -mfloat-abi=hard -I../../csd_lab_bsp/ps7_cortexa9_0/include -MMD -MP -MF"src/csd_asm.d" -MT"src/csd_asm.o" -o "src/csd_asm.o" "../src/csd_asm.S"
Finished building: ../src/csd_asm.S
 
Building target: csd_lab.elf
Invoking: ARM v7 gcc linker
arm-none-eabi-gcc -mcpu=cortex-a9 -mfpu=vfpv3 -mfloat-abi=hard -Wl,-build-id=none -specs=Xilinx.spec -Wl,-T -Wl,../src/lscript.ld -L../../csd_lab_bsp/ps7_cortexa9_0/lib -o "csd_lab.elf"  ./src/csd_asm.o ./src/csd_main.o ./src/platform.o   -Wl,--start-group,-lxil,-lgcc,-lc,--end-group
Finished building target: csd_lab.elf
 
Invoking: ARM v7 Print Size
arm-none-eabi-size csd_lab.elf  |tee "csd_lab.elf.size"
   text	   data	    bss	    dec	    hex	filename
  22392	   1236	  22568	  46196	   b474	csd_lab.elf
Finished building: csd_lab.elf.size
 
23:39:17 **** Auto Build of configuration Debug for project csd_lab ****
make pre-build main-build 
a9-linaro-pre-build-step
 
Building file: ../src/csd_asm.S
Invoking: ARM v7 gcc compiler
arm-none-eabi-gcc -Wall -O0 -g3 -c -fmessage-length=0 -MT"src/csd_asm.o" -mcpu=cortex-a9 -mfpu=vfpv3 -mfloat-abi=hard -I../../csd_lab_bsp/ps7_cortexa9_0/include -MMD -MP -MF"src/csd_asm.d" -MT"src/csd_asm.o" -o "src/csd_asm.o" "../src/csd_asm.S"
Finished building: ../src/csd_asm.S
 
Building target: csd_lab.elf
Invoking: ARM v7 gcc linker
arm-none-eabi-gcc -mcpu=cortex-a9 -mfpu=vfpv3 -mfloat-abi=hard -Wl,-build-id=none -specs=Xilinx.spec -Wl,-T -Wl,../src/lscript.ld -L../../csd_lab_bsp/ps7_cortexa9_0/lib -o "csd_lab.elf"  ./src/csd_asm.o ./src/csd_main.o ./src/platform.o   -Wl,--start-group,-lxil,-lgcc,-lc,--end-group
Finished building target: csd_lab.elf
 
Invoking: ARM v7 Print Size
arm-none-eabi-size csd_lab.elf  |tee "csd_lab.elf.size"
   text	   data	    bss	    dec	    hex	filename
  22392	   1236	  22568	  46196	   b474	csd_lab.elf
Finished building: csd_lab.elf.size
 
23:39:35 **** Auto Build of configuration Debug for project csd_lab ****
make pre-build main-build 
a9-linaro-pre-build-step
 
Building file: ../src/csd_asm.S
Invoking: ARM v7 gcc compiler
arm-none-eabi-gcc -Wall -O0 -g3 -c -fmessage-length=0 -MT"src/csd_asm.o" -mcpu=cortex-a9 -mfpu=vfpv3 -mfloat-abi=hard -I../../csd_lab_bsp/ps7_cortexa9_0/include -MMD -MP -MF"src/csd_asm.d" -MT"src/csd_asm.o" -o "src/csd_asm.o" "../src/csd_asm.S"
Finished building: ../src/csd_asm.S
 
Building target: csd_lab.elf
Invoking: ARM v7 gcc linker
arm-none-eabi-gcc -mcpu=cortex-a9 -mfpu=vfpv3 -mfloat-abi=hard -Wl,-build-id=none -specs=Xilinx.spec -Wl,-T -Wl,../src/lscript.ld -L../../csd_lab_bsp/ps7_cortexa9_0/lib -o "csd_lab.elf"  ./src/csd_asm.o ./src/csd_main.o ./src/platform.o   -Wl,--start-group,-lxil,-lgcc,-lc,--end-group
Finished building target: csd_lab.elf
 
Invoking: ARM v7 Print Size
arm-none-eabi-size csd_lab.elf  |tee "csd_lab.elf.size"
   text	   data	    bss	    dec	    hex	filename
  22392	   1236	  22568	  46196	   b474	csd_lab.elf
Finished building: csd_lab.elf.size
 
23:40:47 **** Auto Build of configuration Debug for project csd_lab ****
make pre-build main-build 
a9-linaro-pre-build-step
 
Building file: ../src/csd_asm.S
Invoking: ARM v7 gcc compiler
arm-none-eabi-gcc -Wall -O0 -g3 -c -fmessage-length=0 -MT"src/csd_asm.o" -mcpu=cortex-a9 -mfpu=vfpv3 -mfloat-abi=hard -I../../csd_lab_bsp/ps7_cortexa9_0/include -MMD -MP -MF"src/csd_asm.d" -MT"src/csd_asm.o" -o "src/csd_asm.o" "../src/csd_asm.S"
Finished building: ../src/csd_asm.S
 
Building target: csd_lab.elf
Invoking: ARM v7 gcc linker
arm-none-eabi-gcc -mcpu=cortex-a9 -mfpu=vfpv3 -mfloat-abi=hard -Wl,-build-id=none -specs=Xilinx.spec -Wl,-T -Wl,../src/lscript.ld -L../../csd_lab_bsp/ps7_cortexa9_0/lib -o "csd_lab.elf"  ./src/csd_asm.o ./src/csd_main.o ./src/platform.o   -Wl,--start-group,-lxil,-lgcc,-lc,--end-group
Finished building target: csd_lab.elf
 
Invoking: ARM v7 Print Size
arm-none-eabi-size csd_lab.elf  |tee "csd_lab.elf.size"
   text	   data	    bss	    dec	    hex	filename
  22392	   1236	  22568	  46196	   b474	csd_lab.elf
Finished building: csd_lab.elf.size
 
23:41:25 **** Auto Build of configuration Debug for project csd_lab ****
make pre-build main-build 
a9-linaro-pre-build-step
 
Building file: ../src/csd_asm.S
Invoking: ARM v7 gcc compiler
arm-none-eabi-gcc -Wall -O0 -g3 -c -fmessage-length=0 -MT"src/csd_asm.o" -mcpu=cortex-a9 -mfpu=vfpv3 -mfloat-abi=hard -I../../csd_lab_bsp/ps7_cortexa9_0/include -MMD -MP -MF"src/csd_asm.d" -MT"src/csd_asm.o" -o "src/csd_asm.o" "../src/csd_asm.S"
Finished building: ../src/csd_asm.S
 
Building target: csd_lab.elf
Invoking: ARM v7 gcc linker
arm-none-eabi-gcc -mcpu=cortex-a9 -mfpu=vfpv3 -mfloat-abi=hard -Wl,-build-id=none -specs=Xilinx.spec -Wl,-T -Wl,../src/lscript.ld -L../../csd_lab_bsp/ps7_cortexa9_0/lib -o "csd_lab.elf"  ./src/csd_asm.o ./src/csd_main.o ./src/platform.o   -Wl,--start-group,-lxil,-lgcc,-lc,--end-group
Finished building target: csd_lab.elf
 
Invoking: ARM v7 Print Size
arm-none-eabi-size csd_lab.elf  |tee "csd_lab.elf.size"
   text	   data	    bss	    dec	    hex	filename
  22392	   1236	  22568	  46196	   b474	csd_lab.elf
Finished building: csd_lab.elf.size
 
23:42:03 **** Auto Build of configuration Debug for project csd_lab ****
make pre-build main-build 
a9-linaro-pre-build-step
 
Building file: ../src/csd_asm.S
Invoking: ARM v7 gcc compiler
arm-none-eabi-gcc -Wall -O0 -g3 -c -fmessage-length=0 -MT"src/csd_asm.o" -mcpu=cortex-a9 -mfpu=vfpv3 -mfloat-abi=hard -I../../csd_lab_bsp/ps7_cortexa9_0/include -MMD -MP -MF"src/csd_asm.d" -MT"src/csd_asm.o" -o "src/csd_asm.o" "../src/csd_asm.S"
Finished building: ../src/csd_asm.S
 
Building target: csd_lab.elf
Invoking: ARM v7 gcc linker
arm-none-eabi-gcc -mcpu=cortex-a9 -mfpu=vfpv3 -mfloat-abi=hard -Wl,-build-id=none -specs=Xilinx.spec -Wl,-T -Wl,../src/lscript.ld -L../../csd_lab_bsp/ps7_cortexa9_0/lib -o "csd_lab.elf"  ./src/csd_asm.o ./src/csd_main.o ./src/platform.o   -Wl,--start-group,-lxil,-lgcc,-lc,--end-group
Finished building target: csd_lab.elf
 
Invoking: ARM v7 Print Size
arm-none-eabi-size csd_lab.elf  |tee "csd_lab.elf.size"
   text	   data	    bss	    dec	    hex	filename
  22392	   1236	  22568	  46196	   b474	csd_lab.elf
Finished building: csd_lab.elf.size
 
23:42:27 **** Auto Build of configuration Debug for project csd_lab ****
make pre-build main-build 
a9-linaro-pre-build-step
 
Building file: ../src/csd_asm.S
Invoking: ARM v7 gcc compiler
arm-none-eabi-gcc -Wall -O0 -g3 -c -fmessage-length=0 -MT"src/csd_asm.o" -mcpu=cortex-a9 -mfpu=vfpv3 -mfloat-abi=hard -I../../csd_lab_bsp/ps7_cortexa9_0/include -MMD -MP -MF"src/csd_asm.d" -MT"src/csd_asm.o" -o "src/csd_asm.o" "../src/csd_asm.S"
Finished building: ../src/csd_asm.S
 
Building target: csd_lab.elf
Invoking: ARM v7 gcc linker
arm-none-eabi-gcc -mcpu=cortex-a9 -mfpu=vfpv3 -mfloat-abi=hard -Wl,-build-id=none -specs=Xilinx.spec -Wl,-T -Wl,../src/lscript.ld -L../../csd_lab_bsp/ps7_cortexa9_0/lib -o "csd_lab.elf"  ./src/csd_asm.o ./src/csd_main.o ./src/platform.o   -Wl,--start-group,-lxil,-lgcc,-lc,--end-group
Finished building target: csd_lab.elf
 
Invoking: ARM v7 Print Size
arm-none-eabi-size csd_lab.elf  |tee "csd_lab.elf.size"
   text	   data	    bss	    dec	    hex	filename
  22392	   1236	  22568	  46196	   b474	csd_lab.elf
Finished building: csd_lab.elf.size
 
23:42:46 **** Auto Build of configuration Debug for project csd_lab ****
make pre-build main-build 
a9-linaro-pre-build-step
 
Building file: ../src/csd_asm.S
Invoking: ARM v7 gcc compiler
arm-none-eabi-gcc -Wall -O0 -g3 -c -fmessage-length=0 -MT"src/csd_asm.o" -mcpu=cortex-a9 -mfpu=vfpv3 -mfloat-abi=hard -I../../csd_lab_bsp/ps7_cortexa9_0/include -MMD -MP -MF"src/csd_asm.d" -MT"src/csd_asm.o" -o "src/csd_asm.o" "../src/csd_asm.S"
Finished building: ../src/csd_asm.S
 
Building target: csd_lab.elf
Invoking: ARM v7 gcc linker
arm-none-eabi-gcc -mcpu=cortex-a9 -mfpu=vfpv3 -mfloat-abi=hard -Wl,-build-id=none -specs=Xilinx.spec -Wl,-T -Wl,../src/lscript.ld -L../../csd_lab_bsp/ps7_cortexa9_0/lib -o "csd_lab.elf"  ./src/csd_asm.o ./src/csd_main.o ./src/platform.o   -Wl,--start-group,-lxil,-lgcc,-lc,--end-group
Finished building target: csd_lab.elf
 
Invoking: ARM v7 Print Size
arm-none-eabi-size csd_lab.elf  |tee "csd_lab.elf.size"
   text	   data	    bss	    dec	    hex	filename
  22392	   1236	  22568	  46196	   b474	csd_lab.elf
Finished building: csd_lab.elf.size
 
23:42:56 **** Auto Build of configuration Debug for project csd_lab ****
make pre-build main-build 
a9-linaro-pre-build-step
 
Building file: ../src/csd_asm.S
Invoking: ARM v7 gcc compiler
arm-none-eabi-gcc -Wall -O0 -g3 -c -fmessage-length=0 -MT"src/csd_asm.o" -mcpu=cortex-a9 -mfpu=vfpv3 -mfloat-abi=hard -I../../csd_lab_bsp/ps7_cortexa9_0/include -MMD -MP -MF"src/csd_asm.d" -MT"src/csd_asm.o" -o "src/csd_asm.o" "../src/csd_asm.S"
Finished building: ../src/csd_asm.S
 
Building target: csd_lab.elf
Invoking: ARM v7 gcc linker
arm-none-eabi-gcc -mcpu=cortex-a9 -mfpu=vfpv3 -mfloat-abi=hard -Wl,-build-id=none -specs=Xilinx.spec -Wl,-T -Wl,../src/lscript.ld -L../../csd_lab_bsp/ps7_cortexa9_0/lib -o "csd_lab.elf"  ./src/csd_asm.o ./src/csd_main.o ./src/platform.o   -Wl,--start-group,-lxil,-lgcc,-lc,--end-group
Finished building target: csd_lab.elf
 
Invoking: ARM v7 Print Size
arm-none-eabi-size csd_lab.elf  |tee "csd_lab.elf.size"
   text	   data	    bss	    dec	    hex	filename
  22392	   1236	  22568	  46196	   b474	csd_lab.elf
Finished building: csd_lab.elf.size
 
23:43:08 **** Auto Build of configuration Debug for project csd_lab ****
make pre-build main-build 
a9-linaro-pre-build-step
 
Building file: ../src/csd_asm.S
Invoking: ARM v7 gcc compiler
arm-none-eabi-gcc -Wall -O0 -g3 -c -fmessage-length=0 -MT"src/csd_asm.o" -mcpu=cortex-a9 -mfpu=vfpv3 -mfloat-abi=hard -I../../csd_lab_bsp/ps7_cortexa9_0/include -MMD -MP -MF"src/csd_asm.d" -MT"src/csd_asm.o" -o "src/csd_asm.o" "../src/csd_asm.S"
Finished building: ../src/csd_asm.S
 
Building target: csd_lab.elf
Invoking: ARM v7 gcc linker
arm-none-eabi-gcc -mcpu=cortex-a9 -mfpu=vfpv3 -mfloat-abi=hard -Wl,-build-id=none -specs=Xilinx.spec -Wl,-T -Wl,../src/lscript.ld -L../../csd_lab_bsp/ps7_cortexa9_0/lib -o "csd_lab.elf"  ./src/csd_asm.o ./src/csd_main.o ./src/platform.o   -Wl,--start-group,-lxil,-lgcc,-lc,--end-group
Finished building target: csd_lab.elf
 
Invoking: ARM v7 Print Size
arm-none-eabi-size csd_lab.elf  |tee "csd_lab.elf.size"
   text	   data	    bss	    dec	    hex	filename
  22392	   1236	  22568	  46196	   b474	csd_lab.elf
Finished building: csd_lab.elf.size
 
23:43:27 **** Incremental Build of configuration Debug for project csd_lab ****
make pre-build main-build 
a9-linaro-pre-build-step
 
make: `main-build'를 위해 할 일이 없습니다
23:45:53 **** Auto Build of configuration Debug for project csd_lab ****
make pre-build main-build 
a9-linaro-pre-build-step
 
Building file: ../src/csd_asm.S
Invoking: ARM v7 gcc compiler
arm-none-eabi-gcc -Wall -O0 -g3 -c -fmessage-length=0 -MT"src/csd_asm.o" -mcpu=cortex-a9 -mfpu=vfpv3 -mfloat-abi=hard -I../../csd_lab_bsp/ps7_cortexa9_0/include -MMD -MP -MF"src/csd_asm.d" -MT"src/csd_asm.o" -o "src/csd_asm.o" "../src/csd_asm.S"
Finished building: ../src/csd_asm.S
 
Building target: csd_lab.elf
Invoking: ARM v7 gcc linker
arm-none-eabi-gcc -mcpu=cortex-a9 -mfpu=vfpv3 -mfloat-abi=hard -Wl,-build-id=none -specs=Xilinx.spec -Wl,-T -Wl,../src/lscript.ld -L../../csd_lab_bsp/ps7_cortexa9_0/lib -o "csd_lab.elf"  ./src/csd_asm.o ./src/csd_main.o ./src/platform.o   -Wl,--start-group,-lxil,-lgcc,-lc,--end-group
Finished building target: csd_lab.elf
 
Invoking: ARM v7 Print Size
arm-none-eabi-size csd_lab.elf  |tee "csd_lab.elf.size"
   text	   data	    bss	    dec	    hex	filename
  22392	   1236	  22568	  46196	   b474	csd_lab.elf
Finished building: csd_lab.elf.size
 
23:46:04 **** Auto Build of configuration Debug for project csd_lab ****
make pre-build main-build 
a9-linaro-pre-build-step
 
Building file: ../src/csd_asm.S
Invoking: ARM v7 gcc compiler
arm-none-eabi-gcc -Wall -O0 -g3 -c -fmessage-length=0 -MT"src/csd_asm.o" -mcpu=cortex-a9 -mfpu=vfpv3 -mfloat-abi=hard -I../../csd_lab_bsp/ps7_cortexa9_0/include -MMD -MP -MF"src/csd_asm.d" -MT"src/csd_asm.o" -o "src/csd_asm.o" "../src/csd_asm.S"
Finished building: ../src/csd_asm.S
 
Building target: csd_lab.elf
Invoking: ARM v7 gcc linker
arm-none-eabi-gcc -mcpu=cortex-a9 -mfpu=vfpv3 -mfloat-abi=hard -Wl,-build-id=none -specs=Xilinx.spec -Wl,-T -Wl,../src/lscript.ld -L../../csd_lab_bsp/ps7_cortexa9_0/lib -o "csd_lab.elf"  ./src/csd_asm.o ./src/csd_main.o ./src/platform.o   -Wl,--start-group,-lxil,-lgcc,-lc,--end-group
Finished building target: csd_lab.elf
 
Invoking: ARM v7 Print Size
arm-none-eabi-size csd_lab.elf  |tee "csd_lab.elf.size"
   text	   data	    bss	    dec	    hex	filename
  22392	   1236	  22568	  46196	   b474	csd_lab.elf
Finished building: csd_lab.elf.size
 
23:47:12 **** Auto Build of configuration Debug for project csd_lab ****
make pre-build main-build 
a9-linaro-pre-build-step
 
Building file: ../src/csd_asm.S
Invoking: ARM v7 gcc compiler
arm-none-eabi-gcc -Wall -O0 -g3 -c -fmessage-length=0 -MT"src/csd_asm.o" -mcpu=cortex-a9 -mfpu=vfpv3 -mfloat-abi=hard -I../../csd_lab_bsp/ps7_cortexa9_0/include -MMD -MP -MF"src/csd_asm.d" -MT"src/csd_asm.o" -o "src/csd_asm.o" "../src/csd_asm.S"
../src/csd_asm.S: Assembler messages:
../src/csd_asm.S:46: Error: ARM register expected -- `ldr'
make: *** [src/csd_asm.o] 오류 1
23:47:30 **** Auto Build of configuration Debug for project csd_lab ****
make pre-build main-build 
a9-linaro-pre-build-step
 
Building file: ../src/csd_asm.S
Invoking: ARM v7 gcc compiler
arm-none-eabi-gcc -Wall -O0 -g3 -c -fmessage-length=0 -MT"src/csd_asm.o" -mcpu=cortex-a9 -mfpu=vfpv3 -mfloat-abi=hard -I../../csd_lab_bsp/ps7_cortexa9_0/include -MMD -MP -MF"src/csd_asm.d" -MT"src/csd_asm.o" -o "src/csd_asm.o" "../src/csd_asm.S"
../src/csd_asm.S: Assembler messages:
../src/csd_asm.S:46: Error: ARM register expected -- `ldr'
make: *** [src/csd_asm.o] 오류 1
23:48:20 **** Auto Build of configuration Debug for project csd_lab ****
make pre-build main-build 
a9-linaro-pre-build-step
 
Building file: ../src/csd_asm.S
Invoking: ARM v7 gcc compiler
arm-none-eabi-gcc -Wall -O0 -g3 -c -fmessage-length=0 -MT"src/csd_asm.o" -mcpu=cortex-a9 -mfpu=vfpv3 -mfloat-abi=hard -I../../csd_lab_bsp/ps7_cortexa9_0/include -MMD -MP -MF"src/csd_asm.d" -MT"src/csd_asm.o" -o "src/csd_asm.o" "../src/csd_asm.S"
Finished building: ../src/csd_asm.S
 
Building target: csd_lab.elf
Invoking: ARM v7 gcc linker
arm-none-eabi-gcc -mcpu=cortex-a9 -mfpu=vfpv3 -mfloat-abi=hard -Wl,-build-id=none -specs=Xilinx.spec -Wl,-T -Wl,../src/lscript.ld -L../../csd_lab_bsp/ps7_cortexa9_0/lib -o "csd_lab.elf"  ./src/csd_asm.o ./src/csd_main.o ./src/platform.o   -Wl,--start-group,-lxil,-lgcc,-lc,--end-group
Finished building target: csd_lab.elf
 
Invoking: ARM v7 Print Size
arm-none-eabi-size csd_lab.elf  |tee "csd_lab.elf.size"
   text	   data	    bss	    dec	    hex	filename
  22392	   1236	  22568	  46196	   b474	csd_lab.elf
Finished building: csd_lab.elf.size
 
23:48:41 **** Auto Build of configuration Debug for project csd_lab ****
make pre-build main-build 
a9-linaro-pre-build-step
 
Building file: ../src/csd_asm.S
Invoking: ARM v7 gcc compiler
arm-none-eabi-gcc -Wall -O0 -g3 -c -fmessage-length=0 -MT"src/csd_asm.o" -mcpu=cortex-a9 -mfpu=vfpv3 -mfloat-abi=hard -I../../csd_lab_bsp/ps7_cortexa9_0/include -MMD -MP -MF"src/csd_asm.d" -MT"src/csd_asm.o" -o "src/csd_asm.o" "../src/csd_asm.S"
Finished building: ../src/csd_asm.S
 
Building target: csd_lab.elf
Invoking: ARM v7 gcc linker
arm-none-eabi-gcc -mcpu=cortex-a9 -mfpu=vfpv3 -mfloat-abi=hard -Wl,-build-id=none -specs=Xilinx.spec -Wl,-T -Wl,../src/lscript.ld -L../../csd_lab_bsp/ps7_cortexa9_0/lib -o "csd_lab.elf"  ./src/csd_asm.o ./src/csd_main.o ./src/platform.o   -Wl,--start-group,-lxil,-lgcc,-lc,--end-group
Finished building target: csd_lab.elf
 
Invoking: ARM v7 Print Size
arm-none-eabi-size csd_lab.elf  |tee "csd_lab.elf.size"
   text	   data	    bss	    dec	    hex	filename
  22392	   1236	  22568	  46196	   b474	csd_lab.elf
Finished building: csd_lab.elf.size
 
23:48:53 **** Auto Build of configuration Debug for project csd_lab ****
make pre-build main-build 
a9-linaro-pre-build-step
 
Building file: ../src/csd_asm.S
Invoking: ARM v7 gcc compiler
arm-none-eabi-gcc -Wall -O0 -g3 -c -fmessage-length=0 -MT"src/csd_asm.o" -mcpu=cortex-a9 -mfpu=vfpv3 -mfloat-abi=hard -I../../csd_lab_bsp/ps7_cortexa9_0/include -MMD -MP -MF"src/csd_asm.d" -MT"src/csd_asm.o" -o "src/csd_asm.o" "../src/csd_asm.S"
Finished building: ../src/csd_asm.S
 
Building target: csd_lab.elf
Invoking: ARM v7 gcc linker
arm-none-eabi-gcc -mcpu=cortex-a9 -mfpu=vfpv3 -mfloat-abi=hard -Wl,-build-id=none -specs=Xilinx.spec -Wl,-T -Wl,../src/lscript.ld -L../../csd_lab_bsp/ps7_cortexa9_0/lib -o "csd_lab.elf"  ./src/csd_asm.o ./src/csd_main.o ./src/platform.o   -Wl,--start-group,-lxil,-lgcc,-lc,--end-group
Finished building target: csd_lab.elf
 
Invoking: ARM v7 Print Size
arm-none-eabi-size csd_lab.elf  |tee "csd_lab.elf.size"
   text	   data	    bss	    dec	    hex	filename
  22392	   1236	  22568	  46196	   b474	csd_lab.elf
Finished building: csd_lab.elf.size
 
23:49:18 **** Auto Build of configuration Debug for project csd_lab ****
make pre-build main-build 
a9-linaro-pre-build-step
 
Building file: ../src/csd_asm.S
Invoking: ARM v7 gcc compiler
arm-none-eabi-gcc -Wall -O0 -g3 -c -fmessage-length=0 -MT"src/csd_asm.o" -mcpu=cortex-a9 -mfpu=vfpv3 -mfloat-abi=hard -I../../csd_lab_bsp/ps7_cortexa9_0/include -MMD -MP -MF"src/csd_asm.d" -MT"src/csd_asm.o" -o "src/csd_asm.o" "../src/csd_asm.S"
Finished building: ../src/csd_asm.S
 
Building target: csd_lab.elf
Invoking: ARM v7 gcc linker
arm-none-eabi-gcc -mcpu=cortex-a9 -mfpu=vfpv3 -mfloat-abi=hard -Wl,-build-id=none -specs=Xilinx.spec -Wl,-T -Wl,../src/lscript.ld -L../../csd_lab_bsp/ps7_cortexa9_0/lib -o "csd_lab.elf"  ./src/csd_asm.o ./src/csd_main.o ./src/platform.o   -Wl,--start-group,-lxil,-lgcc,-lc,--end-group
Finished building target: csd_lab.elf
 
Invoking: ARM v7 Print Size
arm-none-eabi-size csd_lab.elf  |tee "csd_lab.elf.size"
   text	   data	    bss	    dec	    hex	filename
  22392	   1236	  22568	  46196	   b474	csd_lab.elf
Finished building: csd_lab.elf.size
 
23:49:27 **** Auto Build of configuration Debug for project csd_lab ****
make pre-build main-build 
a9-linaro-pre-build-step
 
Building file: ../src/csd_asm.S
Invoking: ARM v7 gcc compiler
arm-none-eabi-gcc -Wall -O0 -g3 -c -fmessage-length=0 -MT"src/csd_asm.o" -mcpu=cortex-a9 -mfpu=vfpv3 -mfloat-abi=hard -I../../csd_lab_bsp/ps7_cortexa9_0/include -MMD -MP -MF"src/csd_asm.d" -MT"src/csd_asm.o" -o "src/csd_asm.o" "../src/csd_asm.S"
Finished building: ../src/csd_asm.S
 
Building target: csd_lab.elf
Invoking: ARM v7 gcc linker
arm-none-eabi-gcc -mcpu=cortex-a9 -mfpu=vfpv3 -mfloat-abi=hard -Wl,-build-id=none -specs=Xilinx.spec -Wl,-T -Wl,../src/lscript.ld -L../../csd_lab_bsp/ps7_cortexa9_0/lib -o "csd_lab.elf"  ./src/csd_asm.o ./src/csd_main.o ./src/platform.o   -Wl,--start-group,-lxil,-lgcc,-lc,--end-group
Finished building target: csd_lab.elf
 
Invoking: ARM v7 Print Size
arm-none-eabi-size csd_lab.elf  |tee "csd_lab.elf.size"
   text	   data	    bss	    dec	    hex	filename
  22392	   1236	  22568	  46196	   b474	csd_lab.elf
Finished building: csd_lab.elf.size
 
23:51:48 **** Auto Build of configuration Debug for project csd_lab ****
make pre-build main-build 
a9-linaro-pre-build-step
 
Building file: ../src/csd_asm.S
Invoking: ARM v7 gcc compiler
arm-none-eabi-gcc -Wall -O0 -g3 -c -fmessage-length=0 -MT"src/csd_asm.o" -mcpu=cortex-a9 -mfpu=vfpv3 -mfloat-abi=hard -I../../csd_lab_bsp/ps7_cortexa9_0/include -MMD -MP -MF"src/csd_asm.d" -MT"src/csd_asm.o" -o "src/csd_asm.o" "../src/csd_asm.S"
Finished building: ../src/csd_asm.S
 
Building target: csd_lab.elf
Invoking: ARM v7 gcc linker
arm-none-eabi-gcc -mcpu=cortex-a9 -mfpu=vfpv3 -mfloat-abi=hard -Wl,-build-id=none -specs=Xilinx.spec -Wl,-T -Wl,../src/lscript.ld -L../../csd_lab_bsp/ps7_cortexa9_0/lib -o "csd_lab.elf"  ./src/csd_asm.o ./src/csd_main.o ./src/platform.o   -Wl,--start-group,-lxil,-lgcc,-lc,--end-group
Finished building target: csd_lab.elf
 
Invoking: ARM v7 Print Size
arm-none-eabi-size csd_lab.elf  |tee "csd_lab.elf.size"
   text	   data	    bss	    dec	    hex	filename
  22392	   1236	  22568	  46196	   b474	csd_lab.elf
Finished building: csd_lab.elf.size
 
23:52:11 **** Auto Build of configuration Debug for project csd_lab ****
make pre-build main-build 
a9-linaro-pre-build-step
 
Building file: ../src/csd_asm.S
Invoking: ARM v7 gcc compiler
arm-none-eabi-gcc -Wall -O0 -g3 -c -fmessage-length=0 -MT"src/csd_asm.o" -mcpu=cortex-a9 -mfpu=vfpv3 -mfloat-abi=hard -I../../csd_lab_bsp/ps7_cortexa9_0/include -MMD -MP -MF"src/csd_asm.d" -MT"src/csd_asm.o" -o "src/csd_asm.o" "../src/csd_asm.S"
Finished building: ../src/csd_asm.S
 
Building target: csd_lab.elf
Invoking: ARM v7 gcc linker
arm-none-eabi-gcc -mcpu=cortex-a9 -mfpu=vfpv3 -mfloat-abi=hard -Wl,-build-id=none -specs=Xilinx.spec -Wl,-T -Wl,../src/lscript.ld -L../../csd_lab_bsp/ps7_cortexa9_0/lib -o "csd_lab.elf"  ./src/csd_asm.o ./src/csd_main.o ./src/platform.o   -Wl,--start-group,-lxil,-lgcc,-lc,--end-group
Finished building target: csd_lab.elf
 
Invoking: ARM v7 Print Size
arm-none-eabi-size csd_lab.elf  |tee "csd_lab.elf.size"
   text	   data	    bss	    dec	    hex	filename
  22392	   1236	  22568	  46196	   b474	csd_lab.elf
Finished building: csd_lab.elf.size
 
23:52:25 **** Incremental Build of configuration Debug for project csd_lab ****
make pre-build main-build 
a9-linaro-pre-build-step
 
make: `main-build'를 위해 할 일이 없습니다
23:55:08 **** Auto Build of configuration Debug for project csd_lab ****
make pre-build main-build 
a9-linaro-pre-build-step
 
Building file: ../src/csd_asm.S
Invoking: ARM v7 gcc compiler
arm-none-eabi-gcc -Wall -O0 -g3 -c -fmessage-length=0 -MT"src/csd_asm.o" -mcpu=cortex-a9 -mfpu=vfpv3 -mfloat-abi=hard -I../../csd_lab_bsp/ps7_cortexa9_0/include -MMD -MP -MF"src/csd_asm.d" -MT"src/csd_asm.o" -o "src/csd_asm.o" "../src/csd_asm.S"
Finished building: ../src/csd_asm.S
 
Building target: csd_lab.elf
Invoking: ARM v7 gcc linker
arm-none-eabi-gcc -mcpu=cortex-a9 -mfpu=vfpv3 -mfloat-abi=hard -Wl,-build-id=none -specs=Xilinx.spec -Wl,-T -Wl,../src/lscript.ld -L../../csd_lab_bsp/ps7_cortexa9_0/lib -o "csd_lab.elf"  ./src/csd_asm.o ./src/csd_main.o ./src/platform.o   -Wl,--start-group,-lxil,-lgcc,-lc,--end-group
Finished building target: csd_lab.elf
 
Invoking: ARM v7 Print Size
arm-none-eabi-size csd_lab.elf  |tee "csd_lab.elf.size"
   text	   data	    bss	    dec	    hex	filename
  22392	   1236	  22568	  46196	   b474	csd_lab.elf
Finished building: csd_lab.elf.size
 
23:57:06 **** Auto Build of configuration Debug for project csd_lab ****
make pre-build main-build 
a9-linaro-pre-build-step
 
Building file: ../src/csd_asm.S
Invoking: ARM v7 gcc compiler
arm-none-eabi-gcc -Wall -O0 -g3 -c -fmessage-length=0 -MT"src/csd_asm.o" -mcpu=cortex-a9 -mfpu=vfpv3 -mfloat-abi=hard -I../../csd_lab_bsp/ps7_cortexa9_0/include -MMD -MP -MF"src/csd_asm.d" -MT"src/csd_asm.o" -o "src/csd_asm.o" "../src/csd_asm.S"
Finished building: ../src/csd_asm.S
 
Building target: csd_lab.elf
Invoking: ARM v7 gcc linker
arm-none-eabi-gcc -mcpu=cortex-a9 -mfpu=vfpv3 -mfloat-abi=hard -Wl,-build-id=none -specs=Xilinx.spec -Wl,-T -Wl,../src/lscript.ld -L../../csd_lab_bsp/ps7_cortexa9_0/lib -o "csd_lab.elf"  ./src/csd_asm.o ./src/csd_main.o ./src/platform.o   -Wl,--start-group,-lxil,-lgcc,-lc,--end-group
Finished building target: csd_lab.elf
 
Invoking: ARM v7 Print Size
arm-none-eabi-size csd_lab.elf  |tee "csd_lab.elf.size"
   text	   data	    bss	    dec	    hex	filename
  22392	   1236	  22568	  46196	   b474	csd_lab.elf
Finished building: csd_lab.elf.size
 
23:58:43 **** Auto Build of configuration Debug for project csd_lab ****
make pre-build main-build 
a9-linaro-pre-build-step
 
Building file: ../src/csd_asm.S
Invoking: ARM v7 gcc compiler
arm-none-eabi-gcc -Wall -O0 -g3 -c -fmessage-length=0 -MT"src/csd_asm.o" -mcpu=cortex-a9 -mfpu=vfpv3 -mfloat-abi=hard -I../../csd_lab_bsp/ps7_cortexa9_0/include -MMD -MP -MF"src/csd_asm.d" -MT"src/csd_asm.o" -o "src/csd_asm.o" "../src/csd_asm.S"
Finished building: ../src/csd_asm.S
 
Building target: csd_lab.elf
Invoking: ARM v7 gcc linker
arm-none-eabi-gcc -mcpu=cortex-a9 -mfpu=vfpv3 -mfloat-abi=hard -Wl,-build-id=none -specs=Xilinx.spec -Wl,-T -Wl,../src/lscript.ld -L../../csd_lab_bsp/ps7_cortexa9_0/lib -o "csd_lab.elf"  ./src/csd_asm.o ./src/csd_main.o ./src/platform.o   -Wl,--start-group,-lxil,-lgcc,-lc,--end-group
Finished building target: csd_lab.elf
 
Invoking: ARM v7 Print Size
arm-none-eabi-size csd_lab.elf  |tee "csd_lab.elf.size"
   text	   data	    bss	    dec	    hex	filename
  22392	   1236	  22568	  46196	   b474	csd_lab.elf
Finished building: csd_lab.elf.size
 
23:59:16 **** Auto Build of configuration Debug for project csd_lab ****
make pre-build main-build 
a9-linaro-pre-build-step
 
Building file: ../src/csd_asm.S
Invoking: ARM v7 gcc compiler
arm-none-eabi-gcc -Wall -O0 -g3 -c -fmessage-length=0 -MT"src/csd_asm.o" -mcpu=cortex-a9 -mfpu=vfpv3 -mfloat-abi=hard -I../../csd_lab_bsp/ps7_cortexa9_0/include -MMD -MP -MF"src/csd_asm.d" -MT"src/csd_asm.o" -o "src/csd_asm.o" "../src/csd_asm.S"
Finished building: ../src/csd_asm.S
 
Building target: csd_lab.elf
Invoking: ARM v7 gcc linker
arm-none-eabi-gcc -mcpu=cortex-a9 -mfpu=vfpv3 -mfloat-abi=hard -Wl,-build-id=none -specs=Xilinx.spec -Wl,-T -Wl,../src/lscript.ld -L../../csd_lab_bsp/ps7_cortexa9_0/lib -o "csd_lab.elf"  ./src/csd_asm.o ./src/csd_main.o ./src/platform.o   -Wl,--start-group,-lxil,-lgcc,-lc,--end-group
Finished building target: csd_lab.elf
 
Invoking: ARM v7 Print Size
arm-none-eabi-size csd_lab.elf  |tee "csd_lab.elf.size"
   text	   data	    bss	    dec	    hex	filename
  22392	   1236	  22568	  46196	   b474	csd_lab.elf
Finished building: csd_lab.elf.size
 
23:59:28 **** Auto Build of configuration Debug for project csd_lab ****
make pre-build main-build 
a9-linaro-pre-build-step
 
Building file: ../src/csd_asm.S
Invoking: ARM v7 gcc compiler
arm-none-eabi-gcc -Wall -O0 -g3 -c -fmessage-length=0 -MT"src/csd_asm.o" -mcpu=cortex-a9 -mfpu=vfpv3 -mfloat-abi=hard -I../../csd_lab_bsp/ps7_cortexa9_0/include -MMD -MP -MF"src/csd_asm.d" -MT"src/csd_asm.o" -o "src/csd_asm.o" "../src/csd_asm.S"
Finished building: ../src/csd_asm.S
 
Building target: csd_lab.elf
Invoking: ARM v7 gcc linker
arm-none-eabi-gcc -mcpu=cortex-a9 -mfpu=vfpv3 -mfloat-abi=hard -Wl,-build-id=none -specs=Xilinx.spec -Wl,-T -Wl,../src/lscript.ld -L../../csd_lab_bsp/ps7_cortexa9_0/lib -o "csd_lab.elf"  ./src/csd_asm.o ./src/csd_main.o ./src/platform.o   -Wl,--start-group,-lxil,-lgcc,-lc,--end-group
Finished building target: csd_lab.elf
 
Invoking: ARM v7 Print Size
arm-none-eabi-size csd_lab.elf  |tee "csd_lab.elf.size"
   text	   data	    bss	    dec	    hex	filename
  22392	   1236	  22568	  46196	   b474	csd_lab.elf
Finished building: csd_lab.elf.size
 
23:59:32 **** Auto Build of configuration Debug for project csd_lab ****
make pre-build main-build 
a9-linaro-pre-build-step
 
Building file: ../src/csd_asm.S
Invoking: ARM v7 gcc compiler
arm-none-eabi-gcc -Wall -O0 -g3 -c -fmessage-length=0 -MT"src/csd_asm.o" -mcpu=cortex-a9 -mfpu=vfpv3 -mfloat-abi=hard -I../../csd_lab_bsp/ps7_cortexa9_0/include -MMD -MP -MF"src/csd_asm.d" -MT"src/csd_asm.o" -o "src/csd_asm.o" "../src/csd_asm.S"
Finished building: ../src/csd_asm.S
 
Building target: csd_lab.elf
Invoking: ARM v7 gcc linker
arm-none-eabi-gcc -mcpu=cortex-a9 -mfpu=vfpv3 -mfloat-abi=hard -Wl,-build-id=none -specs=Xilinx.spec -Wl,-T -Wl,../src/lscript.ld -L../../csd_lab_bsp/ps7_cortexa9_0/lib -o "csd_lab.elf"  ./src/csd_asm.o ./src/csd_main.o ./src/platform.o   -Wl,--start-group,-lxil,-lgcc,-lc,--end-group
Finished building target: csd_lab.elf
 
Invoking: ARM v7 Print Size
arm-none-eabi-size csd_lab.elf  |tee "csd_lab.elf.size"
   text	   data	    bss	    dec	    hex	filename
  22392	   1236	  22568	  46196	   b474	csd_lab.elf
Finished building: csd_lab.elf.size
 
23:59:36 **** Auto Build of configuration Debug for project csd_lab ****
make pre-build main-build 
a9-linaro-pre-build-step
 
Building file: ../src/csd_asm.S
Invoking: ARM v7 gcc compiler
arm-none-eabi-gcc -Wall -O0 -g3 -c -fmessage-length=0 -MT"src/csd_asm.o" -mcpu=cortex-a9 -mfpu=vfpv3 -mfloat-abi=hard -I../../csd_lab_bsp/ps7_cortexa9_0/include -MMD -MP -MF"src/csd_asm.d" -MT"src/csd_asm.o" -o "src/csd_asm.o" "../src/csd_asm.S"
Finished building: ../src/csd_asm.S
 
Building target: csd_lab.elf
Invoking: ARM v7 gcc linker
arm-none-eabi-gcc -mcpu=cortex-a9 -mfpu=vfpv3 -mfloat-abi=hard -Wl,-build-id=none -specs=Xilinx.spec -Wl,-T -Wl,../src/lscript.ld -L../../csd_lab_bsp/ps7_cortexa9_0/lib -o "csd_lab.elf"  ./src/csd_asm.o ./src/csd_main.o ./src/platform.o   -Wl,--start-group,-lxil,-lgcc,-lc,--end-group
Finished building target: csd_lab.elf
 
Invoking: ARM v7 Print Size
arm-none-eabi-size csd_lab.elf  |tee "csd_lab.elf.size"
   text	   data	    bss	    dec	    hex	filename
  22392	   1236	  22568	  46196	   b474	csd_lab.elf
Finished building: csd_lab.elf.size
 
23:59:59 **** Auto Build of configuration Debug for project csd_lab ****
make pre-build main-build 
a9-linaro-pre-build-step
 
Building file: ../src/csd_asm.S
Invoking: ARM v7 gcc compiler
arm-none-eabi-gcc -Wall -O0 -g3 -c -fmessage-length=0 -MT"src/csd_asm.o" -mcpu=cortex-a9 -mfpu=vfpv3 -mfloat-abi=hard -I../../csd_lab_bsp/ps7_cortexa9_0/include -MMD -MP -MF"src/csd_asm.d" -MT"src/csd_asm.o" -o "src/csd_asm.o" "../src/csd_asm.S"
Finished building: ../src/csd_asm.S
 
Building target: csd_lab.elf
Invoking: ARM v7 gcc linker
arm-none-eabi-gcc -mcpu=cortex-a9 -mfpu=vfpv3 -mfloat-abi=hard -Wl,-build-id=none -specs=Xilinx.spec -Wl,-T -Wl,../src/lscript.ld -L../../csd_lab_bsp/ps7_cortexa9_0/lib -o "csd_lab.elf"  ./src/csd_asm.o ./src/csd_main.o ./src/platform.o   -Wl,--start-group,-lxil,-lgcc,-lc,--end-group
Finished building target: csd_lab.elf
 
Invoking: ARM v7 Print Size
arm-none-eabi-size csd_lab.elf  |tee "csd_lab.elf.size"
   text	   data	    bss	    dec	    hex	filename
  22392	   1236	  22568	  46196	   b474	csd_lab.elf
Finished building: csd_lab.elf.size
 
00:00:18 **** Auto Build of configuration Debug for project csd_lab ****
make pre-build main-build 
a9-linaro-pre-build-step
 
Building file: ../src/csd_asm.S
Invoking: ARM v7 gcc compiler
arm-none-eabi-gcc -Wall -O0 -g3 -c -fmessage-length=0 -MT"src/csd_asm.o" -mcpu=cortex-a9 -mfpu=vfpv3 -mfloat-abi=hard -I../../csd_lab_bsp/ps7_cortexa9_0/include -MMD -MP -MF"src/csd_asm.d" -MT"src/csd_asm.o" -o "src/csd_asm.o" "../src/csd_asm.S"
Finished building: ../src/csd_asm.S
 
Building target: csd_lab.elf
Invoking: ARM v7 gcc linker
arm-none-eabi-gcc -mcpu=cortex-a9 -mfpu=vfpv3 -mfloat-abi=hard -Wl,-build-id=none -specs=Xilinx.spec -Wl,-T -Wl,../src/lscript.ld -L../../csd_lab_bsp/ps7_cortexa9_0/lib -o "csd_lab.elf"  ./src/csd_asm.o ./src/csd_main.o ./src/platform.o   -Wl,--start-group,-lxil,-lgcc,-lc,--end-group
Finished building target: csd_lab.elf
 
Invoking: ARM v7 Print Size
arm-none-eabi-size csd_lab.elf  |tee "csd_lab.elf.size"
   text	   data	    bss	    dec	    hex	filename
  22392	   1236	  22568	  46196	   b474	csd_lab.elf
Finished building: csd_lab.elf.size
 
00:00:57 **** Incremental Build of configuration Debug for project csd_lab ****
make pre-build main-build 
a9-linaro-pre-build-step
 
make: `main-build'를 위해 할 일이 없습니다
00:02:51 **** Auto Build of configuration Debug for project csd_lab ****
make pre-build main-build 
a9-linaro-pre-build-step
 
Building file: ../src/csd_asm.S
Invoking: ARM v7 gcc compiler
arm-none-eabi-gcc -Wall -O0 -g3 -c -fmessage-length=0 -MT"src/csd_asm.o" -mcpu=cortex-a9 -mfpu=vfpv3 -mfloat-abi=hard -I../../csd_lab_bsp/ps7_cortexa9_0/include -MMD -MP -MF"src/csd_asm.d" -MT"src/csd_asm.o" -o "src/csd_asm.o" "../src/csd_asm.S"
Finished building: ../src/csd_asm.S
 
Building target: csd_lab.elf
Invoking: ARM v7 gcc linker
arm-none-eabi-gcc -mcpu=cortex-a9 -mfpu=vfpv3 -mfloat-abi=hard -Wl,-build-id=none -specs=Xilinx.spec -Wl,-T -Wl,../src/lscript.ld -L../../csd_lab_bsp/ps7_cortexa9_0/lib -o "csd_lab.elf"  ./src/csd_asm.o ./src/csd_main.o ./src/platform.o   -Wl,--start-group,-lxil,-lgcc,-lc,--end-group
Finished building target: csd_lab.elf
 
Invoking: ARM v7 Print Size
arm-none-eabi-size csd_lab.elf  |tee "csd_lab.elf.size"
   text	   data	    bss	    dec	    hex	filename
  22392	   1236	  22568	  46196	   b474	csd_lab.elf
Finished building: csd_lab.elf.size
 
00:03:00 **** Auto Build of configuration Debug for project csd_lab ****
make pre-build main-build 
a9-linaro-pre-build-step
 
Building file: ../src/csd_asm.S
Invoking: ARM v7 gcc compiler
arm-none-eabi-gcc -Wall -O0 -g3 -c -fmessage-length=0 -MT"src/csd_asm.o" -mcpu=cortex-a9 -mfpu=vfpv3 -mfloat-abi=hard -I../../csd_lab_bsp/ps7_cortexa9_0/include -MMD -MP -MF"src/csd_asm.d" -MT"src/csd_asm.o" -o "src/csd_asm.o" "../src/csd_asm.S"
Finished building: ../src/csd_asm.S
 
Building target: csd_lab.elf
Invoking: ARM v7 gcc linker
arm-none-eabi-gcc -mcpu=cortex-a9 -mfpu=vfpv3 -mfloat-abi=hard -Wl,-build-id=none -specs=Xilinx.spec -Wl,-T -Wl,../src/lscript.ld -L../../csd_lab_bsp/ps7_cortexa9_0/lib -o "csd_lab.elf"  ./src/csd_asm.o ./src/csd_main.o ./src/platform.o   -Wl,--start-group,-lxil,-lgcc,-lc,--end-group
Finished building target: csd_lab.elf
 
Invoking: ARM v7 Print Size
arm-none-eabi-size csd_lab.elf  |tee "csd_lab.elf.size"
   text	   data	    bss	    dec	    hex	filename
  22392	   1236	  22568	  46196	   b474	csd_lab.elf
Finished building: csd_lab.elf.size
 
00:03:10 **** Incremental Build of configuration Debug for project csd_lab ****
make pre-build main-build 
a9-linaro-pre-build-step
 
make: `main-build'를 위해 할 일이 없습니다
00:05:34 **** Incremental Build of configuration Debug for project csd_lab ****
[...]
make pre-build main-build 
a9-linaro-pre-build-step
 
Building file: ../src/csd_asm.S
Invoking: ARM v7 gcc compiler
arm-none-eabi-gcc -Wall -O0 -g3 -c -fmessage-length=0 -MT"src/csd_asm.o" -mcpu=cortex-a9 -mfpu=vfpv3 -mfloat-abi=hard -I../../csd_lab_bsp/ps7_cortexa9_0/include -MMD -MP -MF"src/csd_asm.d" -MT"src/csd_asm.o" -o "src/csd_asm.o" "../src/csd_asm.S"
Finished building: ../src/csd_asm.S
 
Building target: csd_lab.elf
Invoking: ARM v7 gcc linker
arm-none-eabi-gcc -mcpu=cortex-a9 -mfpu=vfpv3 -mfloat-abi=hard -Wl,-build-id=none -specs=Xilinx.spec -Wl,-T -Wl,../src/lscript.ld -L../../csd_lab_bsp/ps7_cortexa9_0/lib -o "csd_lab.elf"  ./src/csd_asm.o ./src/csd_main.o ./src/platform.o   -Wl,--start-group,-lxil,-lgcc,-lc,--end-group
Finished building target: csd_lab.elf
 
Invoking: ARM v7 Print Size
arm-none-eabi-size csd_lab.elf  |tee "csd_lab.elf.size"
   text	   data	    bss	    dec	    hex	filename
  22788	   1172	  22568	  46528	   b5c0	csd_lab.elf
Finished building: csd_lab.elf.size
 
16:45:38 **** Auto Build of configuration Debug for project csd_lab ****
make pre-build main-build 
a9-linaro-pre-build-step
 
Building file: ../src/csd_asm.S
Invoking: ARM v7 gcc compiler
arm-none-eabi-gcc -Wall -O0 -g3 -c -fmessage-length=0 -MT"src/csd_asm.o" -mcpu=cortex-a9 -mfpu=vfpv3 -mfloat-abi=hard -I../../csd_lab_bsp/ps7_cortexa9_0/include -MMD -MP -MF"src/csd_asm.d" -MT"src/csd_asm.o" -o "src/csd_asm.o" "../src/csd_asm.S"
Finished building: ../src/csd_asm.S
 
Building target: csd_lab.elf
Invoking: ARM v7 gcc linker
arm-none-eabi-gcc -mcpu=cortex-a9 -mfpu=vfpv3 -mfloat-abi=hard -Wl,-build-id=none -specs=Xilinx.spec -Wl,-T -Wl,../src/lscript.ld -L../../csd_lab_bsp/ps7_cortexa9_0/lib -o "csd_lab.elf"  ./src/csd_asm.o ./src/csd_main.o ./src/platform.o   -Wl,--start-group,-lxil,-lgcc,-lc,--end-group
Finished building target: csd_lab.elf
 
Invoking: ARM v7 Print Size
arm-none-eabi-size csd_lab.elf  |tee "csd_lab.elf.size"
   text	   data	    bss	    dec	    hex	filename
  22788	   1172	  22568	  46528	   b5c0	csd_lab.elf
Finished building: csd_lab.elf.size
 
16:55:54 **** Incremental Build of configuration Debug for project csd_lab ****
make pre-build main-build 
a9-linaro-pre-build-step
 
make: `main-build'를 위해 할 일이 없습니다
17:02:41 **** Incremental Build of configuration Debug for project csd_lab ****
make pre-build main-build 
a9-linaro-pre-build-step
 
make: `main-build'를 위해 할 일이 없습니다
22:55:15 **** Clean-only build of configuration Debug for project csd_lab ****
make clean 
rm -rf  ./src/csd_asm.o ./src/csd_main.o ./src/platform.o  ./src/csd_asm.d  ./src/csd_main.d ./src/platform.d  csd_lab.elf.size  csd_lab.elf
 
22:55:15 **** Auto Build of configuration Debug for project csd_lab ****
make pre-build main-build 
a9-linaro-pre-build-step
 
Building file: ../src/uart_polling.S
Invoking: ARM v7 gcc compiler
arm-none-eabi-gcc -Wall -O0 -g3 -c -fmessage-length=0 -MT"src/uart_polling.o" -mcpu=cortex-a9 -mfpu=vfpv3 -mfloat-abi=hard -I../../csd_lab_bsp/ps7_cortexa9_0/include -MMD -MP -MF"src/uart_polling.d" -MT"src/uart_polling.o" -o "src/uart_polling.o" "../src/uart_polling.S"
Finished building: ../src/uart_polling.S
 
Building target: csd_lab.elf
Invoking: ARM v7 gcc linker
arm-none-eabi-gcc -mcpu=cortex-a9 -mfpu=vfpv3 -mfloat-abi=hard -Wl,-build-id=none -specs=Xilinx.spec -Wl,-T -Wl,../src/lscript.ld -L../../csd_lab_bsp/ps7_cortexa9_0/lib -o "csd_lab.elf"  ./src/uart_polling.o   -Wl,--start-group,-lxil,-lgcc,-lc,--end-group
Finished building target: csd_lab.elf
 
Invoking: ARM v7 Print Size
arm-none-eabi-size csd_lab.elf  |tee "csd_lab.elf.size"
   text	   data	    bss	    dec	    hex	filename
  19304	   1172	  22568	  43044	   a824	csd_lab.elf
Finished building: csd_lab.elf.size
 
22:56:28 **** Incremental Build of configuration Debug for project csd_lab ****
make pre-build main-build 
a9-linaro-pre-build-step
 
make: `main-build'를 위해 할 일이 없습니다
22:57:33 **** Incremental Build of configuration Debug for project csd_lab ****
make pre-build main-build 
a9-linaro-pre-build-step
 
make: `main-build'를 위해 할 일이 없습니다
22:59:16 **** Auto Build of configuration Debug for project csd_lab ****
make pre-build main-build 
a9-linaro-pre-build-step
 
Building file: ../src/uart_init.s
Invoking: ARM v7 gcc assembler
arm-none-eabi-gcc -c  -o"src/uart_init.o" "../src/uart_init.s"
Finished building: ../src/uart_init.s
 
Building target: csd_lab.elf
Invoking: ARM v7 gcc linker
arm-none-eabi-gcc -mcpu=cortex-a9 -mfpu=vfpv3 -mfloat-abi=hard -Wl,-build-id=none -specs=Xilinx.spec -Wl,-T -Wl,../src/lscript.ld -L../../csd_lab_bsp/ps7_cortexa9_0/lib -o "csd_lab.elf"  ./src/uart_init.o ./src/uart_polling.o   -Wl,--start-group,-lxil,-lgcc,-lc,--end-group
Finished building target: csd_lab.elf
 
Invoking: ARM v7 Print Size
arm-none-eabi-size csd_lab.elf  |tee "csd_lab.elf.size"
   text	   data	    bss	    dec	    hex	filename
  19304	   1172	  22568	  43044	   a824	csd_lab.elf
Finished building: csd_lab.elf.size
 
22:59:29 **** Auto Build of configuration Debug for project csd_lab ****
make pre-build main-build 
a9-linaro-pre-build-step
 
Building file: ../src/uart_init.s
Invoking: ARM v7 gcc assembler
arm-none-eabi-gcc -c  -o"src/uart_init.o" "../src/uart_init.s"
Finished building: ../src/uart_init.s
 
Building target: csd_lab.elf
Invoking: ARM v7 gcc linker
arm-none-eabi-gcc -mcpu=cortex-a9 -mfpu=vfpv3 -mfloat-abi=hard -Wl,-build-id=none -specs=Xilinx.spec -Wl,-T -Wl,../src/lscript.ld -L../../csd_lab_bsp/ps7_cortexa9_0/lib -o "csd_lab.elf"  ./src/uart_init.o ./src/uart_polling.o   -Wl,--start-group,-lxil,-lgcc,-lc,--end-group
Finished building target: csd_lab.elf
 
Invoking: ARM v7 Print Size
arm-none-eabi-size csd_lab.elf  |tee "csd_lab.elf.size"
   text	   data	    bss	    dec	    hex	filename
  19304	   1172	  22568	  43044	   a824	csd_lab.elf
Finished building: csd_lab.elf.size
 
22:59:50 **** Auto Build of configuration Debug for project csd_lab ****
make pre-build main-build 
a9-linaro-pre-build-step
 
Building file: ../src/uart_polling.S
Invoking: ARM v7 gcc assembler
arm-none-eabi-gcc -c  -o"src/uart_polling.o" "../src/uart_polling.S"
Finished building: ../src/uart_polling.S
 
Building target: csd_lab.elf
Invoking: ARM v7 gcc linker
arm-none-eabi-gcc -mcpu=cortex-a9 -mfpu=vfpv3 -mfloat-abi=hard -Wl,-build-id=none -specs=Xilinx.spec -Wl,-T -Wl,../src/lscript.ld -L../../csd_lab_bsp/ps7_cortexa9_0/lib -o "csd_lab.elf"  ./src/uart_init.o ./src/uart_polling.o   -Wl,--start-group,-lxil,-lgcc,-lc,--end-group
./src/uart_polling.o: In function `recvloop':
(.text+0xbc): undefined reference to `uart_mode_reg0'
./src/uart_polling.o: In function `recvloop':
(.text+0xc0): undefined reference to `uart_Control_reg0'
./src/uart_polling.o: In function `recvloop':
(.text+0xc4): undefined reference to `uart_Baud_rate_gen_reg0'
./src/uart_polling.o: In function `recvloop':
(.text+0xc8): undefined reference to `uart_Baud_rate_divider_reg0'
./src/uart_polling.o: In function `recvloop':
(.text+0xd0): undefined reference to `uart_Modem_ctrl_reg0'
./src/uart_polling.o: In function `recvloop':
(.text+0xd4): undefined reference to `uart_Modem_sts_reg0'
./src/uart_polling.o: In function `recvloop':
(.text+0xd8): undefined reference to `uart_TX_RX_FIFO0'
./src/uart_polling.o: In function `recvloop':
(.text+0xdc): undefined reference to `uart_Channel_sts_reg0'
collect2.exe: error: ld returned 1 exit status
make: *** [csd_lab.elf] 오류 1
23:00:21 **** Auto Build of configuration Debug for project csd_lab ****
make pre-build main-build 
a9-linaro-pre-build-step
 
Building file: ../src/uart_polling.S
Invoking: ARM v7 gcc assembler
arm-none-eabi-gcc -c  -o"src/uart_polling.o" "../src/uart_polling.S"
../src/uart_polling.S: Assembler messages:
../src/uart_polling.S:19: Error: bad instruction `uart_init'
make: *** [src/uart_polling.o] 오류 1
23:01:09 **** Auto Build of configuration Debug for project csd_lab ****
make pre-build main-build 
a9-linaro-pre-build-step
 
Building file: ../src/uart_polling.S
Invoking: ARM v7 gcc assembler
arm-none-eabi-gcc -c  -o"src/uart_polling.o" "../src/uart_polling.S"
Finished building: ../src/uart_polling.S
 
Building target: csd_lab.elf
Invoking: ARM v7 gcc linker
arm-none-eabi-gcc -mcpu=cortex-a9 -mfpu=vfpv3 -mfloat-abi=hard -Wl,-build-id=none -specs=Xilinx.spec -Wl,-T -Wl,../src/lscript.ld -L../../csd_lab_bsp/ps7_cortexa9_0/lib -o "csd_lab.elf"  ./src/uart_init.o ./src/uart_polling.o   -Wl,--start-group,-lxil,-lgcc,-lc,--end-group
./src/uart_polling.o: In function `recvloop':
(.text+0xa4): undefined reference to `uart_TX_RX_FIFO0'
./src/uart_polling.o: In function `recvloop':
(.text+0xa8): undefined reference to `uart_Channel_sts_reg0'
collect2.exe: error: ld returned 1 exit status
make: *** [csd_lab.elf] 오류 1
23:01:15 **** Auto Build of configuration Debug for project csd_lab ****
make pre-build main-build 
a9-linaro-pre-build-step
 
Building file: ../src/uart_polling.S
Invoking: ARM v7 gcc assembler
arm-none-eabi-gcc -c  -o"src/uart_polling.o" "../src/uart_polling.S"
Finished building: ../src/uart_polling.S
 
Building target: csd_lab.elf
Invoking: ARM v7 gcc linker
arm-none-eabi-gcc -mcpu=cortex-a9 -mfpu=vfpv3 -mfloat-abi=hard -Wl,-build-id=none -specs=Xilinx.spec -Wl,-T -Wl,../src/lscript.ld -L../../csd_lab_bsp/ps7_cortexa9_0/lib -o "csd_lab.elf"  ./src/uart_init.o ./src/uart_polling.o   -Wl,--start-group,-lxil,-lgcc,-lc,--end-group
./src/uart_polling.o: In function `recvloop':
(.text+0xa4): undefined reference to `uart_TX_RX_FIFO0'
./src/uart_polling.o: In function `recvloop':
(.text+0xa8): undefined reference to `uart_Channel_sts_reg0'
collect2.exe: error: ld returned 1 exit status
make: *** [csd_lab.elf] 오류 1
23:03:59 **** Auto Build of configuration Debug for project csd_lab ****
make pre-build main-build 
a9-linaro-pre-build-step
 
Building file: ../src/uart_polling.S
Invoking: ARM v7 gcc assembler
arm-none-eabi-gcc -c  -o"src/uart_polling.o" "../src/uart_polling.S"
Finished building: ../src/uart_polling.S
 
Building target: csd_lab.elf
Invoking: ARM v7 gcc linker
arm-none-eabi-gcc -mcpu=cortex-a9 -mfpu=vfpv3 -mfloat-abi=hard -Wl,-build-id=none -specs=Xilinx.spec -Wl,-T -Wl,../src/lscript.ld -L../../csd_lab_bsp/ps7_cortexa9_0/lib -o "csd_lab.elf"  ./src/uart_init.o ./src/uart_polling.o   -Wl,--start-group,-lxil,-lgcc,-lc,--end-group
./src/uart_polling.o: In function `recvloop':
(.text+0xa4): undefined reference to `uart_TX_RX_FIFO0'
./src/uart_polling.o: In function `recvloop':
(.text+0xa8): undefined reference to `uart_Channel_sts_reg0'
collect2.exe: error: ld returned 1 exit status
make: *** [csd_lab.elf] 오류 1
23:04:31 **** Auto Build of configuration Debug for project csd_lab ****
make pre-build main-build 
a9-linaro-pre-build-step
 
Building file: ../src/uart_polling.S
Invoking: ARM v7 gcc assembler
arm-none-eabi-gcc -c  -o"src/uart_polling.o" "../src/uart_polling.S"
../src/uart_polling.S: Assembler messages:
../src/uart_polling.S:16: Error: bad instruction `d'
make: *** [src/uart_polling.o] 오류 1
23:04:33 **** Auto Build of configuration Debug for project csd_lab ****
make pre-build main-build 
a9-linaro-pre-build-step
 
Building file: ../src/uart_polling.S
Invoking: ARM v7 gcc assembler
arm-none-eabi-gcc -c  -o"src/uart_polling.o" "../src/uart_polling.S"
Finished building: ../src/uart_polling.S
 
Building target: csd_lab.elf
Invoking: ARM v7 gcc linker
arm-none-eabi-gcc -mcpu=cortex-a9 -mfpu=vfpv3 -mfloat-abi=hard -Wl,-build-id=none -specs=Xilinx.spec -Wl,-T -Wl,../src/lscript.ld -L../../csd_lab_bsp/ps7_cortexa9_0/lib -o "csd_lab.elf"  ./src/uart_init.o ./src/uart_polling.o   -Wl,--start-group,-lxil,-lgcc,-lc,--end-group
./src/uart_polling.o: In function `recvloop':
(.text+0xa4): undefined reference to `uart_TX_RX_FIFO0'
./src/uart_polling.o: In function `recvloop':
(.text+0xa8): undefined reference to `uart_Channel_sts_reg0'
collect2.exe: error: ld returned 1 exit status
make: *** [csd_lab.elf] 오류 1
23:04:57 **** Auto Build of configuration Debug for project csd_lab ****
make pre-build main-build 
a9-linaro-pre-build-step
 
Building file: ../src/uart_polling.S
Invoking: ARM v7 gcc assembler
arm-none-eabi-gcc -c  -o"src/uart_polling.o" "../src/uart_polling.S"
Finished building: ../src/uart_polling.S
 
Building target: csd_lab.elf
Invoking: ARM v7 gcc linker
arm-none-eabi-gcc -mcpu=cortex-a9 -mfpu=vfpv3 -mfloat-abi=hard -Wl,-build-id=none -specs=Xilinx.spec -Wl,-T -Wl,../src/lscript.ld -L../../csd_lab_bsp/ps7_cortexa9_0/lib -o "csd_lab.elf"  ./src/uart_init.o ./src/uart_polling.o   -Wl,--start-group,-lxil,-lgcc,-lc,--end-group
./src/uart_polling.o: In function `recvloop':
(.text+0xa4): undefined reference to `uart_Channel_sts_reg0'
collect2.exe: error: ld returned 1 exit status
make: *** [csd_lab.elf] 오류 1
23:05:02 **** Auto Build of configuration Debug for project csd_lab ****
make pre-build main-build 
a9-linaro-pre-build-step
 
Building file: ../src/uart_polling.S
Invoking: ARM v7 gcc assembler
arm-none-eabi-gcc -c  -o"src/uart_polling.o" "../src/uart_polling.S"
Finished building: ../src/uart_polling.S
 
Building target: csd_lab.elf
Invoking: ARM v7 gcc linker
arm-none-eabi-gcc -mcpu=cortex-a9 -mfpu=vfpv3 -mfloat-abi=hard -Wl,-build-id=none -specs=Xilinx.spec -Wl,-T -Wl,../src/lscript.ld -L../../csd_lab_bsp/ps7_cortexa9_0/lib -o "csd_lab.elf"  ./src/uart_init.o ./src/uart_polling.o   -Wl,--start-group,-lxil,-lgcc,-lc,--end-group
Finished building target: csd_lab.elf
 
Invoking: ARM v7 Print Size
arm-none-eabi-size csd_lab.elf  |tee "csd_lab.elf.size"
   text	   data	    bss	    dec	    hex	filename
  19304	   1172	  22568	  43044	   a824	csd_lab.elf
Finished building: csd_lab.elf.size
 
23:05:07 **** Auto Build of configuration Debug for project csd_lab ****
make pre-build main-build 
a9-linaro-pre-build-step
 
Building file: ../src/uart_polling.S
Invoking: ARM v7 gcc assembler
arm-none-eabi-gcc -c  -o"src/uart_polling.o" "../src/uart_polling.S"
Finished building: ../src/uart_polling.S
 
Building target: csd_lab.elf
Invoking: ARM v7 gcc linker
arm-none-eabi-gcc -mcpu=cortex-a9 -mfpu=vfpv3 -mfloat-abi=hard -Wl,-build-id=none -specs=Xilinx.spec -Wl,-T -Wl,../src/lscript.ld -L../../csd_lab_bsp/ps7_cortexa9_0/lib -o "csd_lab.elf"  ./src/uart_init.o ./src/uart_polling.o   -Wl,--start-group,-lxil,-lgcc,-lc,--end-group
Finished building target: csd_lab.elf
 
Invoking: ARM v7 Print Size
arm-none-eabi-size csd_lab.elf  |tee "csd_lab.elf.size"
   text	   data	    bss	    dec	    hex	filename
  19304	   1172	  22568	  43044	   a824	csd_lab.elf
Finished building: csd_lab.elf.size
 
23:05:50 **** Auto Build of configuration Debug for project csd_lab ****
make pre-build main-build 
a9-linaro-pre-build-step
 
Building file: ../src/uart_polling.S
Invoking: ARM v7 gcc assembler
arm-none-eabi-gcc -c  -o"src/uart_polling.o" "../src/uart_polling.S"
Finished building: ../src/uart_polling.S
 
Building target: csd_lab.elf
Invoking: ARM v7 gcc linker
arm-none-eabi-gcc -mcpu=cortex-a9 -mfpu=vfpv3 -mfloat-abi=hard -Wl,-build-id=none -specs=Xilinx.spec -Wl,-T -Wl,../src/lscript.ld -L../../csd_lab_bsp/ps7_cortexa9_0/lib -o "csd_lab.elf"  ./src/uart_init.o ./src/uart_polling.o   -Wl,--start-group,-lxil,-lgcc,-lc,--end-group
Finished building target: csd_lab.elf
 
Invoking: ARM v7 Print Size
arm-none-eabi-size csd_lab.elf  |tee "csd_lab.elf.size"
   text	   data	    bss	    dec	    hex	filename
  19304	   1172	  22568	  43044	   a824	csd_lab.elf
Finished building: csd_lab.elf.size
 
23:06:08 **** Auto Build of configuration Debug for project csd_lab ****
make pre-build main-build 
a9-linaro-pre-build-step
 
Building file: ../src/uart_polling.S
Invoking: ARM v7 gcc assembler
arm-none-eabi-gcc -c  -o"src/uart_polling.o" "../src/uart_polling.S"
Finished building: ../src/uart_polling.S
 
Building target: csd_lab.elf
Invoking: ARM v7 gcc linker
arm-none-eabi-gcc -mcpu=cortex-a9 -mfpu=vfpv3 -mfloat-abi=hard -Wl,-build-id=none -specs=Xilinx.spec -Wl,-T -Wl,../src/lscript.ld -L../../csd_lab_bsp/ps7_cortexa9_0/lib -o "csd_lab.elf"  ./src/uart_init.o ./src/uart_polling.o   -Wl,--start-group,-lxil,-lgcc,-lc,--end-group
Finished building target: csd_lab.elf
 
Invoking: ARM v7 Print Size
arm-none-eabi-size csd_lab.elf  |tee "csd_lab.elf.size"
   text	   data	    bss	    dec	    hex	filename
  19304	   1172	  22568	  43044	   a824	csd_lab.elf
Finished building: csd_lab.elf.size
 
23:06:22 **** Incremental Build of configuration Debug for project csd_lab ****
make pre-build main-build 
a9-linaro-pre-build-step
 
make: `main-build'를 위해 할 일이 없습니다
23:09:53 **** Auto Build of configuration Debug for project csd_lab ****
make pre-build main-build 
a9-linaro-pre-build-step
 
Building file: ../src/uart_init.s
Invoking: ARM v7 gcc assembler
arm-none-eabi-gcc -c  -o"src/uart_init.o" "../src/uart_init.s"
Finished building: ../src/uart_init.s
 
Building target: csd_lab.elf
Invoking: ARM v7 gcc linker
arm-none-eabi-gcc -mcpu=cortex-a9 -mfpu=vfpv3 -mfloat-abi=hard -Wl,-build-id=none -specs=Xilinx.spec -Wl,-T -Wl,../src/lscript.ld -L../../csd_lab_bsp/ps7_cortexa9_0/lib -o "csd_lab.elf"  ./src/uart_init.o ./src/uart_polling.o   -Wl,--start-group,-lxil,-lgcc,-lc,--end-group
Finished building target: csd_lab.elf
 
Invoking: ARM v7 Print Size
arm-none-eabi-size csd_lab.elf  |tee "csd_lab.elf.size"
   text	   data	    bss	    dec	    hex	filename
  19304	   1172	  22568	  43044	   a824	csd_lab.elf
Finished building: csd_lab.elf.size
 
23:10:06 **** Auto Build of configuration Debug for project csd_lab ****
make pre-build main-build 
a9-linaro-pre-build-step
 
Building file: ../src/uart_polling.S
Invoking: ARM v7 gcc assembler
arm-none-eabi-gcc -c  -o"src/uart_polling.o" "../src/uart_polling.S"
../src/uart_polling.S: Assembler messages:
../src/uart_polling.S:25: Error: internal_relocation (type: OFFSET_IMM) not fixed up
make: *** [src/uart_polling.o] 오류 1
23:10:26 **** Auto Build of configuration Debug for project csd_lab ****
make pre-build main-build 
a9-linaro-pre-build-step
 
Building file: ../src/uart_polling.S
Invoking: ARM v7 gcc assembler
arm-none-eabi-gcc -c  -o"src/uart_polling.o" "../src/uart_polling.S"
Finished building: ../src/uart_polling.S
 
Building target: csd_lab.elf
Invoking: ARM v7 gcc linker
arm-none-eabi-gcc -mcpu=cortex-a9 -mfpu=vfpv3 -mfloat-abi=hard -Wl,-build-id=none -specs=Xilinx.spec -Wl,-T -Wl,../src/lscript.ld -L../../csd_lab_bsp/ps7_cortexa9_0/lib -o "csd_lab.elf"  ./src/uart_init.o ./src/uart_polling.o   -Wl,--start-group,-lxil,-lgcc,-lc,--end-group
Finished building target: csd_lab.elf
 
Invoking: ARM v7 Print Size
arm-none-eabi-size csd_lab.elf  |tee "csd_lab.elf.size"
   text	   data	    bss	    dec	    hex	filename
  19304	   1172	  22568	  43044	   a824	csd_lab.elf
Finished building: csd_lab.elf.size
 
23:10:49 **** Incremental Build of configuration Debug for project csd_lab ****
make pre-build main-build 
a9-linaro-pre-build-step
 
make: `main-build'를 위해 할 일이 없습니다
23:12:22 **** Auto Build of configuration Debug for project csd_lab ****
make pre-build main-build 
a9-linaro-pre-build-step
 
Building file: ../src/uart_polling.S
Invoking: ARM v7 gcc assembler
arm-none-eabi-gcc -c  -o"src/uart_polling.o" "../src/uart_polling.S"
Finished building: ../src/uart_polling.S
 
Building target: csd_lab.elf
Invoking: ARM v7 gcc linker
arm-none-eabi-gcc -mcpu=cortex-a9 -mfpu=vfpv3 -mfloat-abi=hard -Wl,-build-id=none -specs=Xilinx.spec -Wl,-T -Wl,../src/lscript.ld -L../../csd_lab_bsp/ps7_cortexa9_0/lib -o "csd_lab.elf"  ./src/uart_init.o ./src/uart_polling.o   -Wl,--start-group,-lxil,-lgcc,-lc,--end-group
Finished building target: csd_lab.elf
 
Invoking: ARM v7 Print Size
arm-none-eabi-size csd_lab.elf  |tee "csd_lab.elf.size"
   text	   data	    bss	    dec	    hex	filename
  19304	   1148	  22568	  43020	   a80c	csd_lab.elf
Finished building: csd_lab.elf.size
 
23:12:29 **** Incremental Build of configuration Debug for project csd_lab ****
make pre-build main-build 
a9-linaro-pre-build-step
 
make: `main-build'를 위해 할 일이 없습니다
