15:42:54 **** Clean-only build of configuration Debug for project csd_lab ****
make clean 
rm -rf  ./src/csd_asm.o ./src/csd_main.o ./src/uart_init.o ./src/uart_print.o  ./src/csd_asm.d  ./src/csd_main.d  csd_lab.elf.size  csd_lab.elf
 
15:42:54 **** Clean-only build of project csd_lab_bsp ****
make -k clean 
rm -f ps7_cortexa9_0/lib/libxil.a
15:42:54 **** Build of project csd_lab_bsp ****
make -k all 
"Running Make include in ps7_cortexa9_0/libsrc/coresightps_dcc_v1_3/src"
C:/Xilinx/SDK/2016.4/gnuwin/bin/make -C ps7_cortexa9_0/libsrc/coresightps_dcc_v1_3/src -s include  "SHELL=CMD" "COMPILER=arm-none-eabi-gcc" "ARCHIVER=arm-none-eabi-ar" "COMPILER_FLAGS=  -O2 -c" "EXTRA_COMPILER_FLAGS=-mcpu=cortex-a9 -mfpu=vfpv3 -mfloat-abi=hard -nostartfiles"
"Running Make include in ps7_cortexa9_0/libsrc/cpu_cortexa9_v2_3/src"
C:/Xilinx/SDK/2016.4/gnuwin/bin/make -C ps7_cortexa9_0/libsrc/cpu_cortexa9_v2_3/src -s include  "SHELL=CMD" "COMPILER=arm-none-eabi-gcc" "ARCHIVER=arm-none-eabi-ar" "COMPILER_FLAGS=  -O2 -c" "EXTRA_COMPILER_FLAGS=-mcpu=cortex-a9 -mfpu=vfpv3 -mfloat-abi=hard -nostartfiles"
"Running Make include in ps7_cortexa9_0/libsrc/ddrps_v1_0/src"
C:/Xilinx/SDK/2016.4/gnuwin/bin/make -C ps7_cortexa9_0/libsrc/ddrps_v1_0/src -s include  "SHELL=CMD" "COMPILER=arm-none-eabi-gcc" "ARCHIVER=arm-none-eabi-ar" "COMPILER_FLAGS=  -O2 -c" "EXTRA_COMPILER_FLAGS=-mcpu=cortex-a9 -mfpu=vfpv3 -mfloat-abi=hard -nostartfiles"
"Running Make include in ps7_cortexa9_0/libsrc/devcfg_v3_4/src"
C:/Xilinx/SDK/2016.4/gnuwin/bin/make -C ps7_cortexa9_0/libsrc/devcfg_v3_4/src -s include  "SHELL=CMD" "COMPILER=arm-none-eabi-gcc" "ARCHIVER=arm-none-eabi-ar" "COMPILER_FLAGS=  -O2 -c" "EXTRA_COMPILER_FLAGS=-mcpu=cortex-a9 -mfpu=vfpv3 -mfloat-abi=hard -nostartfiles"
"Running Make include in ps7_cortexa9_0/libsrc/dmaps_v2_3/src"
C:/Xilinx/SDK/2016.4/gnuwin/bin/make -C ps7_cortexa9_0/libsrc/dmaps_v2_3/src -s include  "SHELL=CMD" "COMPILER=arm-none-eabi-gcc" "ARCHIVER=arm-none-eabi-ar" "COMPILER_FLAGS=  -O2 -c" "EXTRA_COMPILER_FLAGS=-mcpu=cortex-a9 -mfpu=vfpv3 -mfloat-abi=hard -nostartfiles"
"Running Make include in ps7_cortexa9_0/libsrc/gpio_v4_3/src"
C:/Xilinx/SDK/2016.4/gnuwin/bin/make -C ps7_cortexa9_0/libsrc/gpio_v4_3/src -s include  "SHELL=CMD" "COMPILER=arm-none-eabi-gcc" "ARCHIVER=arm-none-eabi-ar" "COMPILER_FLAGS=  -O2 -c" "EXTRA_COMPILER_FLAGS=-mcpu=cortex-a9 -mfpu=vfpv3 -mfloat-abi=hard -nostartfiles"
"Running Make include in ps7_cortexa9_0/libsrc/gpiops_v3_1/src"
C:/Xilinx/SDK/2016.4/gnuwin/bin/make -C ps7_cortexa9_0/libsrc/gpiops_v3_1/src -s include  "SHELL=CMD" "COMPILER=arm-none-eabi-gcc" "ARCHIVER=arm-none-eabi-ar" "COMPILER_FLAGS=  -O2 -c" "EXTRA_COMPILER_FLAGS=-mcpu=cortex-a9 -mfpu=vfpv3 -mfloat-abi=hard -nostartfiles"
"Running Make include in ps7_cortexa9_0/libsrc/scugic_v3_5/src"
C:/Xilinx/SDK/2016.4/gnuwin/bin/make -C ps7_cortexa9_0/libsrc/scugic_v3_5/src -s include  "SHELL=CMD" "COMPILER=arm-none-eabi-gcc" "ARCHIVER=arm-none-eabi-ar" "COMPILER_FLAGS=  -O2 -c" "EXTRA_COMPILER_FLAGS=-mcpu=cortex-a9 -mfpu=vfpv3 -mfloat-abi=hard -nostartfiles"
"Running Make include in ps7_cortexa9_0/libsrc/scutimer_v2_1/src"
C:/Xilinx/SDK/2016.4/gnuwin/bin/make -C ps7_cortexa9_0/libsrc/scutimer_v2_1/src -s include  "SHELL=CMD" "COMPILER=arm-none-eabi-gcc" "ARCHIVER=arm-none-eabi-ar" "COMPILER_FLAGS=  -O2 -c" "EXTRA_COMPILER_FLAGS=-mcpu=cortex-a9 -mfpu=vfpv3 -mfloat-abi=hard -nostartfiles"
"Running Make include in ps7_cortexa9_0/libsrc/scuwdt_v2_1/src"
C:/Xilinx/SDK/2016.4/gnuwin/bin/make -C ps7_cortexa9_0/libsrc/scuwdt_v2_1/src -s include  "SHELL=CMD" "COMPILER=arm-none-eabi-gcc" "ARCHIVER=arm-none-eabi-ar" "COMPILER_FLAGS=  -O2 -c" "EXTRA_COMPILER_FLAGS=-mcpu=cortex-a9 -mfpu=vfpv3 -mfloat-abi=hard -nostartfiles"
"Running Make include in ps7_cortexa9_0/libsrc/standalone_v6_1/src"
C:/Xilinx/SDK/2016.4/gnuwin/bin/make -C ps7_cortexa9_0/libsrc/standalone_v6_1/src -s include  "SHELL=CMD" "COMPILER=arm-none-eabi-gcc" "ARCHIVER=arm-none-eabi-ar" "COMPILER_FLAGS=  -O2 -c" "EXTRA_COMPILER_FLAGS=-mcpu=cortex-a9 -mfpu=vfpv3 -mfloat-abi=hard -nostartfiles"
"Running Make include in ps7_cortexa9_0/libsrc/uartps_v3_3/src"
C:/Xilinx/SDK/2016.4/gnuwin/bin/make -C ps7_cortexa9_0/libsrc/uartps_v3_3/src -s include  "SHELL=CMD" "COMPILER=arm-none-eabi-gcc" "ARCHIVER=arm-none-eabi-ar" "COMPILER_FLAGS=  -O2 -c" "EXTRA_COMPILER_FLAGS=-mcpu=cortex-a9 -mfpu=vfpv3 -mfloat-abi=hard -nostartfiles"
"Running Make include in ps7_cortexa9_0/libsrc/xadcps_v2_2/src"
C:/Xilinx/SDK/2016.4/gnuwin/bin/make -C ps7_cortexa9_0/libsrc/xadcps_v2_2/src -s include  "SHELL=CMD" "COMPILER=arm-none-eabi-gcc" "ARCHIVER=arm-none-eabi-ar" "COMPILER_FLAGS=  -O2 -c" "EXTRA_COMPILER_FLAGS=-mcpu=cortex-a9 -mfpu=vfpv3 -mfloat-abi=hard -nostartfiles"
"Running Make libs in ps7_cortexa9_0/libsrc/coresightps_dcc_v1_3/src"
C:/Xilinx/SDK/2016.4/gnuwin/bin/make -C ps7_cortexa9_0/libsrc/coresightps_dcc_v1_3/src -s libs  "SHELL=CMD" "COMPILER=arm-none-eabi-gcc" "ARCHIVER=arm-none-eabi-ar" "COMPILER_FLAGS=  -O2 -c" "EXTRA_COMPILER_FLAGS=-mcpu=cortex-a9 -mfpu=vfpv3 -mfloat-abi=hard -nostartfiles"
"Compiling coresightps_dcc"
arm-none-eabi-ar: creating ../../../lib/libxil.a
"Running Make libs in ps7_cortexa9_0/libsrc/cpu_cortexa9_v2_3/src"
C:/Xilinx/SDK/2016.4/gnuwin/bin/make -C ps7_cortexa9_0/libsrc/cpu_cortexa9_v2_3/src -s libs  "SHELL=CMD" "COMPILER=arm-none-eabi-gcc" "ARCHIVER=arm-none-eabi-ar" "COMPILER_FLAGS=  -O2 -c" "EXTRA_COMPILER_FLAGS=-mcpu=cortex-a9 -mfpu=vfpv3 -mfloat-abi=hard -nostartfiles"
"Compiling cpu_cortexa9"
"Running Make libs in ps7_cortexa9_0/libsrc/ddrps_v1_0/src"
C:/Xilinx/SDK/2016.4/gnuwin/bin/make -C ps7_cortexa9_0/libsrc/ddrps_v1_0/src -s libs  "SHELL=CMD" "COMPILER=arm-none-eabi-gcc" "ARCHIVER=arm-none-eabi-ar" "COMPILER_FLAGS=  -O2 -c" "EXTRA_COMPILER_FLAGS=-mcpu=cortex-a9 -mfpu=vfpv3 -mfloat-abi=hard -nostartfiles"
"Compiling ddrps"
"Running Make libs in ps7_cortexa9_0/libsrc/devcfg_v3_4/src"
C:/Xilinx/SDK/2016.4/gnuwin/bin/make -C ps7_cortexa9_0/libsrc/devcfg_v3_4/src -s libs  "SHELL=CMD" "COMPILER=arm-none-eabi-gcc" "ARCHIVER=arm-none-eabi-ar" "COMPILER_FLAGS=  -O2 -c" "EXTRA_COMPILER_FLAGS=-mcpu=cortex-a9 -mfpu=vfpv3 -mfloat-abi=hard -nostartfiles"
"Compiling devcfg"
"Running Make libs in ps7_cortexa9_0/libsrc/dmaps_v2_3/src"
C:/Xilinx/SDK/2016.4/gnuwin/bin/make -C ps7_cortexa9_0/libsrc/dmaps_v2_3/src -s libs  "SHELL=CMD" "COMPILER=arm-none-eabi-gcc" "ARCHIVER=arm-none-eabi-ar" "COMPILER_FLAGS=  -O2 -c" "EXTRA_COMPILER_FLAGS=-mcpu=cortex-a9 -mfpu=vfpv3 -mfloat-abi=hard -nostartfiles"
"Compiling dmaps"
"Running Make libs in ps7_cortexa9_0/libsrc/gpio_v4_3/src"
C:/Xilinx/SDK/2016.4/gnuwin/bin/make -C ps7_cortexa9_0/libsrc/gpio_v4_3/src -s libs  "SHELL=CMD" "COMPILER=arm-none-eabi-gcc" "ARCHIVER=arm-none-eabi-ar" "COMPILER_FLAGS=  -O2 -c" "EXTRA_COMPILER_FLAGS=-mcpu=cortex-a9 -mfpu=vfpv3 -mfloat-abi=hard -nostartfiles"
"Compiling gpio"
"Running Make libs in ps7_cortexa9_0/libsrc/gpiops_v3_1/src"
C:/Xilinx/SDK/2016.4/gnuwin/bin/make -C ps7_cortexa9_0/libsrc/gpiops_v3_1/src -s libs  "SHELL=CMD" "COMPILER=arm-none-eabi-gcc" "ARCHIVER=arm-none-eabi-ar" "COMPILER_FLAGS=  -O2 -c" "EXTRA_COMPILER_FLAGS=-mcpu=cortex-a9 -mfpu=vfpv3 -mfloat-abi=hard -nostartfiles"
"Compiling gpiops"
"Running Make libs in ps7_cortexa9_0/libsrc/scugic_v3_5/src"
C:/Xilinx/SDK/2016.4/gnuwin/bin/make -C ps7_cortexa9_0/libsrc/scugic_v3_5/src -s libs  "SHELL=CMD" "COMPILER=arm-none-eabi-gcc" "ARCHIVER=arm-none-eabi-ar" "COMPILER_FLAGS=  -O2 -c" "EXTRA_COMPILER_FLAGS=-mcpu=cortex-a9 -mfpu=vfpv3 -mfloat-abi=hard -nostartfiles"
"Compiling scugic"
"Running Make libs in ps7_cortexa9_0/libsrc/scutimer_v2_1/src"
C:/Xilinx/SDK/2016.4/gnuwin/bin/make -C ps7_cortexa9_0/libsrc/scutimer_v2_1/src -s libs  "SHELL=CMD" "COMPILER=arm-none-eabi-gcc" "ARCHIVER=arm-none-eabi-ar" "COMPILER_FLAGS=  -O2 -c" "EXTRA_COMPILER_FLAGS=-mcpu=cortex-a9 -mfpu=vfpv3 -mfloat-abi=hard -nostartfiles"
"Compiling scutimer"
"Running Make libs in ps7_cortexa9_0/libsrc/scuwdt_v2_1/src"
C:/Xilinx/SDK/2016.4/gnuwin/bin/make -C ps7_cortexa9_0/libsrc/scuwdt_v2_1/src -s libs  "SHELL=CMD" "COMPILER=arm-none-eabi-gcc" "ARCHIVER=arm-none-eabi-ar" "COMPILER_FLAGS=  -O2 -c" "EXTRA_COMPILER_FLAGS=-mcpu=cortex-a9 -mfpu=vfpv3 -mfloat-abi=hard -nostartfiles"
"Compiling scuwdt"
"Running Make libs in ps7_cortexa9_0/libsrc/standalone_v6_1/src"
C:/Xilinx/SDK/2016.4/gnuwin/bin/make -C ps7_cortexa9_0/libsrc/standalone_v6_1/src -s libs  "SHELL=CMD" "COMPILER=arm-none-eabi-gcc" "ARCHIVER=arm-none-eabi-ar" "COMPILER_FLAGS=  -O2 -c" "EXTRA_COMPILER_FLAGS=-mcpu=cortex-a9 -mfpu=vfpv3 -mfloat-abi=hard -nostartfiles"
"Compiling standalone"
"Running Make libs in ps7_cortexa9_0/libsrc/uartps_v3_3/src"
C:/Xilinx/SDK/2016.4/gnuwin/bin/make -C ps7_cortexa9_0/libsrc/uartps_v3_3/src -s libs  "SHELL=CMD" "COMPILER=arm-none-eabi-gcc" "ARCHIVER=arm-none-eabi-ar" "COMPILER_FLAGS=  -O2 -c" "EXTRA_COMPILER_FLAGS=-mcpu=cortex-a9 -mfpu=vfpv3 -mfloat-abi=hard -nostartfiles"
"Compiling uartps"
"Running Make libs in ps7_cortexa9_0/libsrc/xadcps_v2_2/src"
C:/Xilinx/SDK/2016.4/gnuwin/bin/make -C ps7_cortexa9_0/libsrc/xadcps_v2_2/src -s libs  "SHELL=CMD" "COMPILER=arm-none-eabi-gcc" "ARCHIVER=arm-none-eabi-ar" "COMPILER_FLAGS=  -O2 -c" "EXTRA_COMPILER_FLAGS=-mcpu=cortex-a9 -mfpu=vfpv3 -mfloat-abi=hard -nostartfiles"
"Compiling xadcps"
'Finished building libraries'
15:44:08 **** Build of configuration Debug for project csd_lab ****
make pre-build main-build 
a9-linaro-pre-build-step
 
Building file: ../src/csd_asm.S
Invoking: ARM v7 gcc compiler
arm-none-eabi-gcc -Wall -O0 -g3 -c -fmessage-length=0 -MT"src/csd_asm.o" -mcpu=cortex-a9 -mfpu=vfpv3 -mfloat-abi=hard -I../../csd_lab_bsp/ps7_cortexa9_0/include -MMD -MP -MF"src/csd_asm.d" -MT"src/csd_asm.o" -o "src/csd_asm.o" "../src/csd_asm.S"
Finished building: ../src/csd_asm.S
 
Building file: ../src/csd_main.c
Invoking: ARM v7 gcc compiler
arm-none-eabi-gcc -Wall -O0 -g3 -c -fmessage-length=0 -MT"src/csd_main.o" -mcpu=cortex-a9 -mfpu=vfpv3 -mfloat-abi=hard -I../../csd_lab_bsp/ps7_cortexa9_0/include -MMD -MP -MF"src/csd_main.d" -MT"src/csd_main.o" -o "src/csd_main.o" "../src/csd_main.c"
Finished building: ../src/csd_main.c
 
Building file: ../src/uart_init.S
Invoking: ARM v7 gcc compiler
arm-none-eabi-gcc -Wall -O0 -g3 -c -fmessage-length=0 -MT"src/uart_init.o" -mcpu=cortex-a9 -mfpu=vfpv3 -mfloat-abi=hard -I../../csd_lab_bsp/ps7_cortexa9_0/include -MMD -MP -MF"src/uart_init.d" -MT"src/uart_init.o" -o "src/uart_init.o" "../src/uart_init.S"
Finished building: ../src/uart_init.S
 
Building file: ../src/uart_print.S
Invoking: ARM v7 gcc compiler
arm-none-eabi-gcc -Wall -O0 -g3 -c -fmessage-length=0 -MT"src/uart_print.o" -mcpu=cortex-a9 -mfpu=vfpv3 -mfloat-abi=hard -I../../csd_lab_bsp/ps7_cortexa9_0/include -MMD -MP -MF"src/uart_print.d" -MT"src/uart_print.o" -o "src/uart_print.o" "../src/uart_print.S"
Finished building: ../src/uart_print.S
 
Building target: csd_lab.elf
Invoking: ARM v7 gcc linker
arm-none-eabi-gcc -mcpu=cortex-a9 -mfpu=vfpv3 -mfloat-abi=hard -Wl,-build-id=none -specs=Xilinx.spec -Wl,-T -Wl,../src/lscript.ld -L../../csd_lab_bsp/ps7_cortexa9_0/lib -o "csd_lab.elf"  ./src/csd_asm.o ./src/csd_main.o ./src/uart_init.o ./src/uart_print.o   -Wl,--start-group,-lxil,-lgcc,-lc,--end-group
Finished building target: csd_lab.elf
 
Invoking: ARM v7 Print Size
arm-none-eabi-size csd_lab.elf  |tee "csd_lab.elf.size"
   text	   data	    bss	    dec	    hex	filename
  20292	   1556	  22568	  44416	   ad80	csd_lab.elf
Finished building: csd_lab.elf.size
 
15:44:28 **** Incremental Build of configuration Debug for project csd_lab ****
make pre-build main-build 
a9-linaro-pre-build-step
 
Building file: ../src/csd_asm.S
Invoking: ARM v7 gcc compiler
arm-none-eabi-gcc -Wall -O0 -g3 -c -fmessage-length=0 -MT"src/csd_asm.o" -mcpu=cortex-a9 -mfpu=vfpv3 -mfloat-abi=hard -I../../csd_lab_bsp/ps7_cortexa9_0/include -MMD -MP -MF"src/csd_asm.d" -MT"src/csd_asm.o" -o "src/csd_asm.o" "../src/csd_asm.S"
Finished building: ../src/csd_asm.S
 
Building target: csd_lab.elf
Invoking: ARM v7 gcc linker
arm-none-eabi-gcc -mcpu=cortex-a9 -mfpu=vfpv3 -mfloat-abi=hard -Wl,-build-id=none -specs=Xilinx.spec -Wl,-T -Wl,../src/lscript.ld -L../../csd_lab_bsp/ps7_cortexa9_0/lib -o "csd_lab.elf"  ./src/csd_asm.o ./src/csd_main.o ./src/uart_init.o ./src/uart_print.o   -Wl,--start-group,-lxil,-lgcc,-lc,--end-group
Finished building target: csd_lab.elf
 
Invoking: ARM v7 Print Size
arm-none-eabi-size csd_lab.elf  |tee "csd_lab.elf.size"
   text	   data	    bss	    dec	    hex	filename
  20292	   1556	  22568	  44416	   ad80	csd_lab.elf
Finished building: csd_lab.elf.size
 
15:45:30 **** Auto Build of configuration Debug for project csd_lab ****
make pre-build main-build 
a9-linaro-pre-build-step
 
Building file: ../src/csd_asm.S
Invoking: ARM v7 gcc compiler
arm-none-eabi-gcc -Wall -O0 -g3 -c -fmessage-length=0 -MT"src/csd_asm.o" -mcpu=cortex-a9 -mfpu=vfpv3 -mfloat-abi=hard -I../../csd_lab_bsp/ps7_cortexa9_0/include -MMD -MP -MF"src/csd_asm.d" -MT"src/csd_asm.o" -o "src/csd_asm.o" "../src/csd_asm.S"
Finished building: ../src/csd_asm.S
 
Building target: csd_lab.elf
Invoking: ARM v7 gcc linker
arm-none-eabi-gcc -mcpu=cortex-a9 -mfpu=vfpv3 -mfloat-abi=hard -Wl,-build-id=none -specs=Xilinx.spec -Wl,-T -Wl,../src/lscript.ld -L../../csd_lab_bsp/ps7_cortexa9_0/lib -o "csd_lab.elf"  ./src/csd_asm.o ./src/csd_main.o ./src/uart_init.o ./src/uart_print.o   -Wl,--start-group,-lxil,-lgcc,-lc,--end-group
Finished building target: csd_lab.elf
 
Invoking: ARM v7 Print Size
arm-none-eabi-size csd_lab.elf  |tee "csd_lab.elf.size"
   text	   data	    bss	    dec	    hex	filename
  20292	   1556	  22568	  44416	   ad80	csd_lab.elf
Finished building: csd_lab.elf.size
 
15:46:16 **** Auto Build of configuration Debug for project csd_lab ****
make pre-build main-build 
a9-linaro-pre-build-step
 
Building file: ../src/csd_asm.S
Invoking: ARM v7 gcc compiler
arm-none-eabi-gcc -Wall -O0 -g3 -c -fmessage-length=0 -MT"src/csd_asm.o" -mcpu=cortex-a9 -mfpu=vfpv3 -mfloat-abi=hard -I../../csd_lab_bsp/ps7_cortexa9_0/include -MMD -MP -MF"src/csd_asm.d" -MT"src/csd_asm.o" -o "src/csd_asm.o" "../src/csd_asm.S"
Finished building: ../src/csd_asm.S
 
Building target: csd_lab.elf
Invoking: ARM v7 gcc linker
arm-none-eabi-gcc -mcpu=cortex-a9 -mfpu=vfpv3 -mfloat-abi=hard -Wl,-build-id=none -specs=Xilinx.spec -Wl,-T -Wl,../src/lscript.ld -L../../csd_lab_bsp/ps7_cortexa9_0/lib -o "csd_lab.elf"  ./src/csd_asm.o ./src/csd_main.o ./src/uart_init.o ./src/uart_print.o   -Wl,--start-group,-lxil,-lgcc,-lc,--end-group
Finished building target: csd_lab.elf
 
Invoking: ARM v7 Print Size
arm-none-eabi-size csd_lab.elf  |tee "csd_lab.elf.size"
   text	   data	    bss	    dec	    hex	filename
  20292	   1556	  22568	  44416	   ad80	csd_lab.elf
Finished building: csd_lab.elf.size
 
