02:16:45 **** Auto Build of configuration Debug for project csd_lab ****
make pre-build main-build 
a9-linaro-pre-build-step
 
Building file: ../src/csd_asm.S
Invoking: ARM v7 gcc compiler
arm-none-eabi-gcc -Wall -O0 -g3 -c -fmessage-length=0 -MT"src/csd_asm.o" -mcpu=cortex-a9 -mfpu=vfpv3 -mfloat-abi=hard -I../../csd_lab_bsp/ps7_cortexa9_0/include -MMD -MP -MF"src/csd_asm.d" -MT"src/csd_asm.o" -o "src/csd_asm.o" "../src/csd_asm.S"
Finished building: ../src/csd_asm.S
 
Building file: C:/cose321/Assignment-5/class_experiments.sdk/csd_lab/src/debug_macro.S
Invoking: ARM v7 gcc compiler
arm-none-eabi-gcc -Wall -O0 -g3 -c -fmessage-length=0 -MT"src/debug_macro.o" -mcpu=cortex-a9 -mfpu=vfpv3 -mfloat-abi=hard -I../../csd_lab_bsp/ps7_cortexa9_0/include -MMD -MP -MF"src/debug_macro.d" -MT"src/debug_macro.o" -o "src/debug_macro.o" "C:/cose321/Assignment-5/class_experiments.sdk/csd_lab/src/debug_macro.S"
Finished building: C:/cose321/Assignment-5/class_experiments.sdk/csd_lab/src/debug_macro.S
 
Building target: csd_lab.elf
Invoking: ARM v7 gcc linker
arm-none-eabi-gcc -mcpu=cortex-a9 -mfpu=vfpv3 -mfloat-abi=hard -Wl,-build-id=none -specs=Xilinx.spec -Wl,-T -Wl,../src/lscript.ld -L../../csd_lab_bsp/ps7_cortexa9_0/lib -o "csd_lab.elf"  ./src/csd_asm.o ./src/csd_main.o ./src/debug_macro.o ./src/uart_init.o   -Wl,--start-group,-lxil,-lgcc,-lc,--end-group
Finished building target: csd_lab.elf
 
Invoking: ARM v7 Print Size
arm-none-eabi-size csd_lab.elf  |tee "csd_lab.elf.size"
   text	   data	    bss	    dec	    hex	filename
  22792	   1428	  22568	  46788	   b6c4	csd_lab.elf
Finished building: csd_lab.elf.size
 

02:16:48 Build Finished (took 3s.477ms)

