01:26:37 **** Clean-only build of configuration Debug for project csd_lab ****
make clean 
rm -rf  ./src/csd_asm.o ./src/csd_main.o ./src/debug_macro.o ./src/uart_init.o  ./src/csd_asm.d ./src/debug_macro.d  ./src/csd_main.d  csd_lab.elf.size  csd_lab.elf
 
01:26:38 **** Clean-only build of project csd_lab_bsp ****
make -k clean 
rm -f ps7_cortexa9_0/lib/libxil.a
01:26:38 **** Build of project csd_lab_bsp ****
make -k all 
"Running Make include in ps7_cortexa9_0/libsrc/coresightps_dcc_v1_3/src"
C:/Xilinx/SDK/2016.4/gnuwin/bin/make -C ps7_cortexa9_0/libsrc/coresightps_dcc_v1_3/src -s include  "SHELL=CMD" "COMPILER=arm-none-eabi-gcc" "ARCHIVER=arm-none-eabi-ar" "COMPILER_FLAGS=  -O2 -c" "EXTRA_COMPILER_FLAGS=-mcpu=cortex-a9 -mfpu=vfpv3 -mfloat-abi=hard -nostartfiles"
"Running Make include in ps7_cortexa9_0/libsrc/cpu_cortexa9_v2_3/src"
C:/Xilinx/SDK/2016.4/gnuwin/bin/make -C ps7_cortexa9_0/libsrc/cpu_cortexa9_v2_3/src -s include  "SHELL=CMD" "COMPILER=arm-none-eabi-gcc" "ARCHIVER=arm-none-eabi-ar" "COMPILER_FLAGS=  -O2 -c" "EXTRA_COMPILER_FLAGS=-mcpu=cortex-a9 -mfpu=vfpv3 -mfloat-abi=hard -nostartfiles"
"Running Make include in ps7_cortexa9_0/libsrc/ddrps_v1_0/src"
C:/Xilinx/SDK/2016.4/gnuwin/bin/make -C ps7_cortexa9_0/libsrc/ddrps_v1_0/src -s include  "SHELL=CMD" "COMPILER=arm-none-eabi-gcc" "ARCHIVER=arm-none-eabi-ar" "COMPILER_FLAGS=  -O2 -c" "EXTRA_COMPILER_FLAGS=-mcpu=cortex-a9 -mfpu=vfpv3 -mfloat-abi=hard -nostartfiles"
"Running Make include in ps7_cortexa9_0/libsrc/devcfg_v3_4/src"
C:/Xilinx/SDK/2016.4/gnuwin/bin/make -C ps7_cortexa9_0/libsrc/devcfg_v3_4/src -s include  "SHELL=CMD" "COMPILER=arm-none-eabi-gcc" "ARCHIVER=arm-none-eabi-ar" "COMPILER_FLAGS=  -O2 -c" "EXTRA_COMPILER_FLAGS=-mcpu=cortex-a9 -mfpu=vfpv3 -mfloat-abi=hard -nostartfiles"
"Running Make include in ps7_cortexa9_0/libsrc/dmaps_v2_3/src"
C:/Xilinx/SDK/2016.4/gnuwin/bin/make -C ps7_cortexa9_0/libsrc/dmaps_v2_3/src -s include  "SHELL=CMD" "COMPILER=arm-none-eabi-gcc" "ARCHIVER=arm-none-eabi-ar" "COMPILER_FLAGS=  -O2 -c" "EXTRA_COMPILER_FLAGS=-mcpu=cortex-a9 -mfpu=vfpv3 -mfloat-abi=hard -nostartfiles"
"Running Make include in ps7_cortexa9_0/libsrc/gpio_v4_3/src"
C:/Xilinx/SDK/2016.4/gnuwin/bin/make -C ps7_cortexa9_0/libsrc/gpio_v4_3/src -s include  "SHELL=CMD" "COMPILER=arm-none-eabi-gcc" "ARCHIVER=arm-none-eabi-ar" "COMPILER_FLAGS=  -O2 -c" "EXTRA_COMPILER_FLAGS=-mcpu=cortex-a9 -mfpu=vfpv3 -mfloat-abi=hard -nostartfiles"
"Running Make include in ps7_cortexa9_0/libsrc/gpiops_v3_1/src"
C:/Xilinx/SDK/2016.4/gnuwin/bin/make -C ps7_cortexa9_0/libsrc/gpiops_v3_1/src -s include  "SHELL=CMD" "COMPILER=arm-none-eabi-gcc" "ARCHIVER=arm-none-eabi-ar" "COMPILER_FLAGS=  -O2 -c" "EXTRA_COMPILER_FLAGS=-mcpu=cortex-a9 -mfpu=vfpv3 -mfloat-abi=hard -nostartfiles"
"Running Make include in ps7_cortexa9_0/libsrc/scugic_v3_5/src"
C:/Xilinx/SDK/2016.4/gnuwin/bin/make -C ps7_cortexa9_0/libsrc/scugic_v3_5/src -s include  "SHELL=CMD" "COMPILER=arm-none-eabi-gcc" "ARCHIVER=arm-none-eabi-ar" "COMPILER_FLAGS=  -O2 -c" "EXTRA_COMPILER_FLAGS=-mcpu=cortex-a9 -mfpu=vfpv3 -mfloat-abi=hard -nostartfiles"
"Running Make include in ps7_cortexa9_0/libsrc/scutimer_v2_1/src"
C:/Xilinx/SDK/2016.4/gnuwin/bin/make -C ps7_cortexa9_0/libsrc/scutimer_v2_1/src -s include  "SHELL=CMD" "COMPILER=arm-none-eabi-gcc" "ARCHIVER=arm-none-eabi-ar" "COMPILER_FLAGS=  -O2 -c" "EXTRA_COMPILER_FLAGS=-mcpu=cortex-a9 -mfpu=vfpv3 -mfloat-abi=hard -nostartfiles"
"Running Make include in ps7_cortexa9_0/libsrc/scuwdt_v2_1/src"
C:/Xilinx/SDK/2016.4/gnuwin/bin/make -C ps7_cortexa9_0/libsrc/scuwdt_v2_1/src -s include  "SHELL=CMD" "COMPILER=arm-none-eabi-gcc" "ARCHIVER=arm-none-eabi-ar" "COMPILER_FLAGS=  -O2 -c" "EXTRA_COMPILER_FLAGS=-mcpu=cortex-a9 -mfpu=vfpv3 -mfloat-abi=hard -nostartfiles"
"Running Make include in ps7_cortexa9_0/libsrc/standalone_v6_1/src"
C:/Xilinx/SDK/2016.4/gnuwin/bin/make -C ps7_cortexa9_0/libsrc/standalone_v6_1/src -s include  "SHELL=CMD" "COMPILER=arm-none-eabi-gcc" "ARCHIVER=arm-none-eabi-ar" "COMPILER_FLAGS=  -O2 -c" "EXTRA_COMPILER_FLAGS=-mcpu=cortex-a9 -mfpu=vfpv3 -mfloat-abi=hard -nostartfiles"
"Running Make include in ps7_cortexa9_0/libsrc/uartps_v3_3/src"
C:/Xilinx/SDK/2016.4/gnuwin/bin/make -C ps7_cortexa9_0/libsrc/uartps_v3_3/src -s include  "SHELL=CMD" "COMPILER=arm-none-eabi-gcc" "ARCHIVER=arm-none-eabi-ar" "COMPILER_FLAGS=  -O2 -c" "EXTRA_COMPILER_FLAGS=-mcpu=cortex-a9 -mfpu=vfpv3 -mfloat-abi=hard -nostartfiles"
"Running Make include in ps7_cortexa9_0/libsrc/xadcps_v2_2/src"
C:/Xilinx/SDK/2016.4/gnuwin/bin/make -C ps7_cortexa9_0/libsrc/xadcps_v2_2/src -s include  "SHELL=CMD" "COMPILER=arm-none-eabi-gcc" "ARCHIVER=arm-none-eabi-ar" "COMPILER_FLAGS=  -O2 -c" "EXTRA_COMPILER_FLAGS=-mcpu=cortex-a9 -mfpu=vfpv3 -mfloat-abi=hard -nostartfiles"
"Running Make libs in ps7_cortexa9_0/libsrc/coresightps_dcc_v1_3/src"
C:/Xilinx/SDK/2016.4/gnuwin/bin/make -C ps7_cortexa9_0/libsrc/coresightps_dcc_v1_3/src -s libs  "SHELL=CMD" "COMPILER=arm-none-eabi-gcc" "ARCHIVER=arm-none-eabi-ar" "COMPILER_FLAGS=  -O2 -c" "EXTRA_COMPILER_FLAGS=-mcpu=cortex-a9 -mfpu=vfpv3 -mfloat-abi=hard -nostartfiles"
"Compiling coresightps_dcc"
arm-none-eabi-ar: creating ../../../lib/libxil.a
"Running Make libs in ps7_cortexa9_0/libsrc/cpu_cortexa9_v2_3/src"
C:/Xilinx/SDK/2016.4/gnuwin/bin/make -C ps7_cortexa9_0/libsrc/cpu_cortexa9_v2_3/src -s libs  "SHELL=CMD" "COMPILER=arm-none-eabi-gcc" "ARCHIVER=arm-none-eabi-ar" "COMPILER_FLAGS=  -O2 -c" "EXTRA_COMPILER_FLAGS=-mcpu=cortex-a9 -mfpu=vfpv3 -mfloat-abi=hard -nostartfiles"
"Compiling cpu_cortexa9"
"Running Make libs in ps7_cortexa9_0/libsrc/ddrps_v1_0/src"
C:/Xilinx/SDK/2016.4/gnuwin/bin/make -C ps7_cortexa9_0/libsrc/ddrps_v1_0/src -s libs  "SHELL=CMD" "COMPILER=arm-none-eabi-gcc" "ARCHIVER=arm-none-eabi-ar" "COMPILER_FLAGS=  -O2 -c" "EXTRA_COMPILER_FLAGS=-mcpu=cortex-a9 -mfpu=vfpv3 -mfloat-abi=hard -nostartfiles"
"Compiling ddrps"
"Running Make libs in ps7_cortexa9_0/libsrc/devcfg_v3_4/src"
C:/Xilinx/SDK/2016.4/gnuwin/bin/make -C ps7_cortexa9_0/libsrc/devcfg_v3_4/src -s libs  "SHELL=CMD" "COMPILER=arm-none-eabi-gcc" "ARCHIVER=arm-none-eabi-ar" "COMPILER_FLAGS=  -O2 -c" "EXTRA_COMPILER_FLAGS=-mcpu=cortex-a9 -mfpu=vfpv3 -mfloat-abi=hard -nostartfiles"
"Compiling devcfg"
"Running Make libs in ps7_cortexa9_0/libsrc/dmaps_v2_3/src"
C:/Xilinx/SDK/2016.4/gnuwin/bin/make -C ps7_cortexa9_0/libsrc/dmaps_v2_3/src -s libs  "SHELL=CMD" "COMPILER=arm-none-eabi-gcc" "ARCHIVER=arm-none-eabi-ar" "COMPILER_FLAGS=  -O2 -c" "EXTRA_COMPILER_FLAGS=-mcpu=cortex-a9 -mfpu=vfpv3 -mfloat-abi=hard -nostartfiles"
"Compiling dmaps"
"Running Make libs in ps7_cortexa9_0/libsrc/gpio_v4_3/src"
C:/Xilinx/SDK/2016.4/gnuwin/bin/make -C ps7_cortexa9_0/libsrc/gpio_v4_3/src -s libs  "SHELL=CMD" "COMPILER=arm-none-eabi-gcc" "ARCHIVER=arm-none-eabi-ar" "COMPILER_FLAGS=  -O2 -c" "EXTRA_COMPILER_FLAGS=-mcpu=cortex-a9 -mfpu=vfpv3 -mfloat-abi=hard -nostartfiles"
"Compiling gpio"
"Running Make libs in ps7_cortexa9_0/libsrc/gpiops_v3_1/src"
C:/Xilinx/SDK/2016.4/gnuwin/bin/make -C ps7_cortexa9_0/libsrc/gpiops_v3_1/src -s libs  "SHELL=CMD" "COMPILER=arm-none-eabi-gcc" "ARCHIVER=arm-none-eabi-ar" "COMPILER_FLAGS=  -O2 -c" "EXTRA_COMPILER_FLAGS=-mcpu=cortex-a9 -mfpu=vfpv3 -mfloat-abi=hard -nostartfiles"
"Compiling gpiops"
"Running Make libs in ps7_cortexa9_0/libsrc/scugic_v3_5/src"
C:/Xilinx/SDK/2016.4/gnuwin/bin/make -C ps7_cortexa9_0/libsrc/scugic_v3_5/src -s libs  "SHELL=CMD" "COMPILER=arm-none-eabi-gcc" "ARCHIVER=arm-none-eabi-ar" "COMPILER_FLAGS=  -O2 -c" "EXTRA_COMPILER_FLAGS=-mcpu=cortex-a9 -mfpu=vfpv3 -mfloat-abi=hard -nostartfiles"
"Compiling scugic"
"Running Make libs in ps7_cortexa9_0/libsrc/scutimer_v2_1/src"
C:/Xilinx/SDK/2016.4/gnuwin/bin/make -C ps7_cortexa9_0/libsrc/scutimer_v2_1/src -s libs  "SHELL=CMD" "COMPILER=arm-none-eabi-gcc" "ARCHIVER=arm-none-eabi-ar" "COMPILER_FLAGS=  -O2 -c" "EXTRA_COMPILER_FLAGS=-mcpu=cortex-a9 -mfpu=vfpv3 -mfloat-abi=hard -nostartfiles"
"Compiling scutimer"
"Running Make libs in ps7_cortexa9_0/libsrc/scuwdt_v2_1/src"
C:/Xilinx/SDK/2016.4/gnuwin/bin/make -C ps7_cortexa9_0/libsrc/scuwdt_v2_1/src -s libs  "SHELL=CMD" "COMPILER=arm-none-eabi-gcc" "ARCHIVER=arm-none-eabi-ar" "COMPILER_FLAGS=  -O2 -c" "EXTRA_COMPILER_FLAGS=-mcpu=cortex-a9 -mfpu=vfpv3 -mfloat-abi=hard -nostartfiles"
"Compiling scuwdt"
"Running Make libs in ps7_cortexa9_0/libsrc/standalone_v6_1/src"
C:/Xilinx/SDK/2016.4/gnuwin/bin/make -C ps7_cortexa9_0/libsrc/standalone_v6_1/src -s libs  "SHELL=CMD" "COMPILER=arm-none-eabi-gcc" "ARCHIVER=arm-none-eabi-ar" "COMPILER_FLAGS=  -O2 -c" "EXTRA_COMPILER_FLAGS=-mcpu=cortex-a9 -mfpu=vfpv3 -mfloat-abi=hard -nostartfiles"
"Compiling standalone"
"Running Make libs in ps7_cortexa9_0/libsrc/uartps_v3_3/src"
C:/Xilinx/SDK/2016.4/gnuwin/bin/make -C ps7_cortexa9_0/libsrc/uartps_v3_3/src -s libs  "SHELL=CMD" "COMPILER=arm-none-eabi-gcc" "ARCHIVER=arm-none-eabi-ar" "COMPILER_FLAGS=  -O2 -c" "EXTRA_COMPILER_FLAGS=-mcpu=cortex-a9 -mfpu=vfpv3 -mfloat-abi=hard -nostartfiles"
"Compiling uartps"
"Running Make libs in ps7_cortexa9_0/libsrc/xadcps_v2_2/src"
C:/Xilinx/SDK/2016.4/gnuwin/bin/make -C ps7_cortexa9_0/libsrc/xadcps_v2_2/src -s libs  "SHELL=CMD" "COMPILER=arm-none-eabi-gcc" "ARCHIVER=arm-none-eabi-ar" "COMPILER_FLAGS=  -O2 -c" "EXTRA_COMPILER_FLAGS=-mcpu=cortex-a9 -mfpu=vfpv3 -mfloat-abi=hard -nostartfiles"
"Compiling xadcps"
'Finished building libraries'
01:27:53 **** Build of configuration Debug for project csd_lab ****
make pre-build main-build 
a9-linaro-pre-build-step
 
Building file: ../src/csd_asm.S
Invoking: ARM v7 gcc compiler
arm-none-eabi-gcc -Wall -O0 -g3 -c -fmessage-length=0 -MT"src/csd_asm.o" -mcpu=cortex-a9 -mfpu=vfpv3 -mfloat-abi=hard -I../../csd_lab_bsp/ps7_cortexa9_0/include -MMD -MP -MF"src/csd_asm.d" -MT"src/csd_asm.o" -o "src/csd_asm.o" "../src/csd_asm.S"
../src/csd_asm.S: Assembler messages:
../src/csd_asm.S:26: Error: bad instruction `uart_init'
make: *** [src/csd_asm.o] 오류 1
01:28:03 **** Auto Build of configuration Debug for project csd_lab ****
make pre-build main-build 
a9-linaro-pre-build-step
 
Building file: ../src/csd_asm.S
Invoking: ARM v7 gcc compiler
arm-none-eabi-gcc -Wall -O0 -g3 -c -fmessage-length=0 -MT"src/csd_asm.o" -mcpu=cortex-a9 -mfpu=vfpv3 -mfloat-abi=hard -I../../csd_lab_bsp/ps7_cortexa9_0/include -MMD -MP -MF"src/csd_asm.d" -MT"src/csd_asm.o" -o "src/csd_asm.o" "../src/csd_asm.S"
Finished building: ../src/csd_asm.S
 
Building file: ../src/csd_main.c
Invoking: ARM v7 gcc compiler
arm-none-eabi-gcc -Wall -O0 -g3 -c -fmessage-length=0 -MT"src/csd_main.o" -mcpu=cortex-a9 -mfpu=vfpv3 -mfloat-abi=hard -I../../csd_lab_bsp/ps7_cortexa9_0/include -MMD -MP -MF"src/csd_main.d" -MT"src/csd_main.o" -o "src/csd_main.o" "../src/csd_main.c"
Finished building: ../src/csd_main.c
 
Building file: C:/cose321/Assignment-5/class_experiments.sdk/csd_lab/src/debug_macro.S
Invoking: ARM v7 gcc compiler
arm-none-eabi-gcc -Wall -O0 -g3 -c -fmessage-length=0 -MT"src/debug_macro.o" -mcpu=cortex-a9 -mfpu=vfpv3 -mfloat-abi=hard -I../../csd_lab_bsp/ps7_cortexa9_0/include -MMD -MP -MF"src/debug_macro.d" -MT"src/debug_macro.o" -o "src/debug_macro.o" "C:/cose321/Assignment-5/class_experiments.sdk/csd_lab/src/debug_macro.S"
Finished building: C:/cose321/Assignment-5/class_experiments.sdk/csd_lab/src/debug_macro.S
 
Building file: ../src/uart_init.s
Invoking: ARM v7 gcc compiler
arm-none-eabi-gcc -Wall -O0 -g3 -c -fmessage-length=0 -MT"src/uart_init.o" -mcpu=cortex-a9 -mfpu=vfpv3 -mfloat-abi=hard -I../../csd_lab_bsp/ps7_cortexa9_0/include -MMD -MP -MF"src/uart_init.d" -MT"src/uart_init.o" -o "src/uart_init.o" "../src/uart_init.s"
Finished building: ../src/uart_init.s
 
Building target: csd_lab.elf
Invoking: ARM v7 gcc linker
arm-none-eabi-gcc -mcpu=cortex-a9 -mfpu=vfpv3 -mfloat-abi=hard -Wl,-build-id=none -specs=Xilinx.spec -Wl,-T -Wl,../src/lscript.ld -L../../csd_lab_bsp/ps7_cortexa9_0/lib -o "csd_lab.elf"  ./src/csd_asm.o ./src/csd_main.o ./src/debug_macro.o ./src/uart_init.o   -Wl,--start-group,-lxil,-lgcc,-lc,--end-group
Finished building target: csd_lab.elf
 
Invoking: ARM v7 Print Size
arm-none-eabi-size csd_lab.elf  |tee "csd_lab.elf.size"
   text	   data	    bss	    dec	    hex	filename
  21976	   1428	  22568	  45972	   b394	csd_lab.elf
Finished building: csd_lab.elf.size
 
01:29:11 **** Auto Build of configuration Debug for project csd_lab ****
make pre-build main-build 
a9-linaro-pre-build-step
 
Building file: ../src/csd_asm.S
Invoking: ARM v7 gcc compiler
arm-none-eabi-gcc -Wall -O0 -g3 -c -fmessage-length=0 -MT"src/csd_asm.o" -mcpu=cortex-a9 -mfpu=vfpv3 -mfloat-abi=hard -I../../csd_lab_bsp/ps7_cortexa9_0/include -MMD -MP -MF"src/csd_asm.d" -MT"src/csd_asm.o" -o "src/csd_asm.o" "../src/csd_asm.S"
Finished building: ../src/csd_asm.S
 
Building file: C:/cose321/Assignment-5/class_experiments.sdk/csd_lab/src/debug_macro.S
Invoking: ARM v7 gcc compiler
arm-none-eabi-gcc -Wall -O0 -g3 -c -fmessage-length=0 -MT"src/debug_macro.o" -mcpu=cortex-a9 -mfpu=vfpv3 -mfloat-abi=hard -I../../csd_lab_bsp/ps7_cortexa9_0/include -MMD -MP -MF"src/debug_macro.d" -MT"src/debug_macro.o" -o "src/debug_macro.o" "C:/cose321/Assignment-5/class_experiments.sdk/csd_lab/src/debug_macro.S"
Finished building: C:/cose321/Assignment-5/class_experiments.sdk/csd_lab/src/debug_macro.S
 
Building target: csd_lab.elf
Invoking: ARM v7 gcc linker
arm-none-eabi-gcc -mcpu=cortex-a9 -mfpu=vfpv3 -mfloat-abi=hard -Wl,-build-id=none -specs=Xilinx.spec -Wl,-T -Wl,../src/lscript.ld -L../../csd_lab_bsp/ps7_cortexa9_0/lib -o "csd_lab.elf"  ./src/csd_asm.o ./src/csd_main.o ./src/debug_macro.o ./src/uart_init.o   -Wl,--start-group,-lxil,-lgcc,-lc,--end-group
./src/debug_macro.o: In function `macro_reg_space':
C:/cose321/Assignment-5/class_experiments.sdk/csd_lab/src/debug_macro.S:38: undefined reference to `uart_TX_RX_FIFO0'
C:/cose321/Assignment-5/class_experiments.sdk/csd_lab/src/debug_macro.S:39: undefined reference to `uart_Channel_sts_reg0'
collect2.exe: error: ld returned 1 exit status
make: *** [csd_lab.elf] 오류 1
01:29:24 **** Auto Build of configuration Debug for project csd_lab ****
make pre-build main-build 
a9-linaro-pre-build-step
 
Building file: ../src/csd_asm.S
Invoking: ARM v7 gcc compiler
arm-none-eabi-gcc -Wall -O0 -g3 -c -fmessage-length=0 -MT"src/csd_asm.o" -mcpu=cortex-a9 -mfpu=vfpv3 -mfloat-abi=hard -I../../csd_lab_bsp/ps7_cortexa9_0/include -MMD -MP -MF"src/csd_asm.d" -MT"src/csd_asm.o" -o "src/csd_asm.o" "../src/csd_asm.S"
Finished building: ../src/csd_asm.S
 
Building file: C:/cose321/Assignment-5/class_experiments.sdk/csd_lab/src/debug_macro.S
Invoking: ARM v7 gcc compiler
arm-none-eabi-gcc -Wall -O0 -g3 -c -fmessage-length=0 -MT"src/debug_macro.o" -mcpu=cortex-a9 -mfpu=vfpv3 -mfloat-abi=hard -I../../csd_lab_bsp/ps7_cortexa9_0/include -MMD -MP -MF"src/debug_macro.d" -MT"src/debug_macro.o" -o "src/debug_macro.o" "C:/cose321/Assignment-5/class_experiments.sdk/csd_lab/src/debug_macro.S"
Finished building: C:/cose321/Assignment-5/class_experiments.sdk/csd_lab/src/debug_macro.S
 
Building target: csd_lab.elf
Invoking: ARM v7 gcc linker
arm-none-eabi-gcc -mcpu=cortex-a9 -mfpu=vfpv3 -mfloat-abi=hard -Wl,-build-id=none -specs=Xilinx.spec -Wl,-T -Wl,../src/lscript.ld -L../../csd_lab_bsp/ps7_cortexa9_0/lib -o "csd_lab.elf"  ./src/csd_asm.o ./src/csd_main.o ./src/debug_macro.o ./src/uart_init.o   -Wl,--start-group,-lxil,-lgcc,-lc,--end-group
Finished building target: csd_lab.elf
 
Invoking: ARM v7 Print Size
arm-none-eabi-size csd_lab.elf  |tee "csd_lab.elf.size"
   text	   data	    bss	    dec	    hex	filename
  21992	   1428	  22568	  45988	   b3a4	csd_lab.elf
Finished building: csd_lab.elf.size
 
01:32:32 **** Auto Build of configuration Debug for project csd_lab ****
make pre-build main-build 
a9-linaro-pre-build-step
 
Building file: ../src/csd_asm.S
Invoking: ARM v7 gcc compiler
arm-none-eabi-gcc -Wall -O0 -g3 -c -fmessage-length=0 -MT"src/csd_asm.o" -mcpu=cortex-a9 -mfpu=vfpv3 -mfloat-abi=hard -I../../csd_lab_bsp/ps7_cortexa9_0/include -MMD -MP -MF"src/csd_asm.d" -MT"src/csd_asm.o" -o "src/csd_asm.o" "../src/csd_asm.S"
Finished building: ../src/csd_asm.S
 
Building file: C:/cose321/Assignment-5/class_experiments.sdk/csd_lab/src/debug_macro.S
Invoking: ARM v7 gcc compiler
arm-none-eabi-gcc -Wall -O0 -g3 -c -fmessage-length=0 -MT"src/debug_macro.o" -mcpu=cortex-a9 -mfpu=vfpv3 -mfloat-abi=hard -I../../csd_lab_bsp/ps7_cortexa9_0/include -MMD -MP -MF"src/debug_macro.d" -MT"src/debug_macro.o" -o "src/debug_macro.o" "C:/cose321/Assignment-5/class_experiments.sdk/csd_lab/src/debug_macro.S"
Finished building: C:/cose321/Assignment-5/class_experiments.sdk/csd_lab/src/debug_macro.S
 
Building target: csd_lab.elf
Invoking: ARM v7 gcc linker
arm-none-eabi-gcc -mcpu=cortex-a9 -mfpu=vfpv3 -mfloat-abi=hard -Wl,-build-id=none -specs=Xilinx.spec -Wl,-T -Wl,../src/lscript.ld -L../../csd_lab_bsp/ps7_cortexa9_0/lib -o "csd_lab.elf"  ./src/csd_asm.o ./src/csd_main.o ./src/debug_macro.o ./src/uart_init.o   -Wl,--start-group,-lxil,-lgcc,-lc,--end-group
Finished building target: csd_lab.elf
 
Invoking: ARM v7 Print Size
arm-none-eabi-size csd_lab.elf  |tee "csd_lab.elf.size"
   text	   data	    bss	    dec	    hex	filename
  22016	   1428	  22568	  46012	   b3bc	csd_lab.elf
Finished building: csd_lab.elf.size
 
01:32:45 **** Auto Build of configuration Debug for project csd_lab ****
make pre-build main-build 
a9-linaro-pre-build-step
 
Building file: ../src/csd_asm.S
Invoking: ARM v7 gcc compiler
arm-none-eabi-gcc -Wall -O0 -g3 -c -fmessage-length=0 -MT"src/csd_asm.o" -mcpu=cortex-a9 -mfpu=vfpv3 -mfloat-abi=hard -I../../csd_lab_bsp/ps7_cortexa9_0/include -MMD -MP -MF"src/csd_asm.d" -MT"src/csd_asm.o" -o "src/csd_asm.o" "../src/csd_asm.S"
Finished building: ../src/csd_asm.S
 
Building file: C:/cose321/Assignment-5/class_experiments.sdk/csd_lab/src/debug_macro.S
Invoking: ARM v7 gcc compiler
arm-none-eabi-gcc -Wall -O0 -g3 -c -fmessage-length=0 -MT"src/debug_macro.o" -mcpu=cortex-a9 -mfpu=vfpv3 -mfloat-abi=hard -I../../csd_lab_bsp/ps7_cortexa9_0/include -MMD -MP -MF"src/debug_macro.d" -MT"src/debug_macro.o" -o "src/debug_macro.o" "C:/cose321/Assignment-5/class_experiments.sdk/csd_lab/src/debug_macro.S"
Finished building: C:/cose321/Assignment-5/class_experiments.sdk/csd_lab/src/debug_macro.S
 
Building target: csd_lab.elf
Invoking: ARM v7 gcc linker
arm-none-eabi-gcc -mcpu=cortex-a9 -mfpu=vfpv3 -mfloat-abi=hard -Wl,-build-id=none -specs=Xilinx.spec -Wl,-T -Wl,../src/lscript.ld -L../../csd_lab_bsp/ps7_cortexa9_0/lib -o "csd_lab.elf"  ./src/csd_asm.o ./src/csd_main.o ./src/debug_macro.o ./src/uart_init.o   -Wl,--start-group,-lxil,-lgcc,-lc,--end-group
Finished building target: csd_lab.elf
 
Invoking: ARM v7 Print Size
arm-none-eabi-size csd_lab.elf  |tee "csd_lab.elf.size"
   text	   data	    bss	    dec	    hex	filename
  22016	   1428	  22568	  46012	   b3bc	csd_lab.elf
Finished building: csd_lab.elf.size
 
01:33:01 **** Auto Build of configuration Debug for project csd_lab ****
make pre-build main-build 
a9-linaro-pre-build-step
 
Building file: ../src/csd_asm.S
Invoking: ARM v7 gcc compiler
arm-none-eabi-gcc -Wall -O0 -g3 -c -fmessage-length=0 -MT"src/csd_asm.o" -mcpu=cortex-a9 -mfpu=vfpv3 -mfloat-abi=hard -I../../csd_lab_bsp/ps7_cortexa9_0/include -MMD -MP -MF"src/csd_asm.d" -MT"src/csd_asm.o" -o "src/csd_asm.o" "../src/csd_asm.S"
Finished building: ../src/csd_asm.S
 
Building file: C:/cose321/Assignment-5/class_experiments.sdk/csd_lab/src/debug_macro.S
Invoking: ARM v7 gcc compiler
arm-none-eabi-gcc -Wall -O0 -g3 -c -fmessage-length=0 -MT"src/debug_macro.o" -mcpu=cortex-a9 -mfpu=vfpv3 -mfloat-abi=hard -I../../csd_lab_bsp/ps7_cortexa9_0/include -MMD -MP -MF"src/debug_macro.d" -MT"src/debug_macro.o" -o "src/debug_macro.o" "C:/cose321/Assignment-5/class_experiments.sdk/csd_lab/src/debug_macro.S"
Finished building: C:/cose321/Assignment-5/class_experiments.sdk/csd_lab/src/debug_macro.S
 
Building target: csd_lab.elf
Invoking: ARM v7 gcc linker
arm-none-eabi-gcc -mcpu=cortex-a9 -mfpu=vfpv3 -mfloat-abi=hard -Wl,-build-id=none -specs=Xilinx.spec -Wl,-T -Wl,../src/lscript.ld -L../../csd_lab_bsp/ps7_cortexa9_0/lib -o "csd_lab.elf"  ./src/csd_asm.o ./src/csd_main.o ./src/debug_macro.o ./src/uart_init.o   -Wl,--start-group,-lxil,-lgcc,-lc,--end-group
Finished building target: csd_lab.elf
 
Invoking: ARM v7 Print Size
arm-none-eabi-size csd_lab.elf  |tee "csd_lab.elf.size"
   text	   data	    bss	    dec	    hex	filename
  22008	   1428	  22568	  46004	   b3b4	csd_lab.elf
Finished building: csd_lab.elf.size
 
01:33:09 **** Incremental Build of configuration Debug for project csd_lab ****
make pre-build main-build 
a9-linaro-pre-build-step
 
make: `main-build'를 위해 할 일이 없습니다
01:35:18 **** Auto Build of configuration Debug for project csd_lab ****
make pre-build main-build 
a9-linaro-pre-build-step
 
Building file: ../src/csd_asm.S
Invoking: ARM v7 gcc compiler
arm-none-eabi-gcc -Wall -O0 -g3 -c -fmessage-length=0 -MT"src/csd_asm.o" -mcpu=cortex-a9 -mfpu=vfpv3 -mfloat-abi=hard -I../../csd_lab_bsp/ps7_cortexa9_0/include -MMD -MP -MF"src/csd_asm.d" -MT"src/csd_asm.o" -o "src/csd_asm.o" "../src/csd_asm.S"
Finished building: ../src/csd_asm.S
 
Building file: C:/cose321/Assignment-5/class_experiments.sdk/csd_lab/src/debug_macro.S
Invoking: ARM v7 gcc compiler
arm-none-eabi-gcc -Wall -O0 -g3 -c -fmessage-length=0 -MT"src/debug_macro.o" -mcpu=cortex-a9 -mfpu=vfpv3 -mfloat-abi=hard -I../../csd_lab_bsp/ps7_cortexa9_0/include -MMD -MP -MF"src/debug_macro.d" -MT"src/debug_macro.o" -o "src/debug_macro.o" "C:/cose321/Assignment-5/class_experiments.sdk/csd_lab/src/debug_macro.S"
Finished building: C:/cose321/Assignment-5/class_experiments.sdk/csd_lab/src/debug_macro.S
 
Building target: csd_lab.elf
Invoking: ARM v7 gcc linker
arm-none-eabi-gcc -mcpu=cortex-a9 -mfpu=vfpv3 -mfloat-abi=hard -Wl,-build-id=none -specs=Xilinx.spec -Wl,-T -Wl,../src/lscript.ld -L../../csd_lab_bsp/ps7_cortexa9_0/lib -o "csd_lab.elf"  ./src/csd_asm.o ./src/csd_main.o ./src/debug_macro.o ./src/uart_init.o   -Wl,--start-group,-lxil,-lgcc,-lc,--end-group
Finished building target: csd_lab.elf
 
Invoking: ARM v7 Print Size
arm-none-eabi-size csd_lab.elf  |tee "csd_lab.elf.size"
   text	   data	    bss	    dec	    hex	filename
  22012	   1428	  22568	  46008	   b3b8	csd_lab.elf
Finished building: csd_lab.elf.size
 
01:35:24 **** Incremental Build of configuration Debug for project csd_lab ****
make pre-build main-build 
a9-linaro-pre-build-step
 
make: `main-build'를 위해 할 일이 없습니다
01:39:29 **** Auto Build of configuration Debug for project csd_lab ****
make pre-build main-build 
a9-linaro-pre-build-step
 
Building file: ../src/csd_asm.S
Invoking: ARM v7 gcc compiler
arm-none-eabi-gcc -Wall -O0 -g3 -c -fmessage-length=0 -MT"src/csd_asm.o" -mcpu=cortex-a9 -mfpu=vfpv3 -mfloat-abi=hard -I../../csd_lab_bsp/ps7_cortexa9_0/include -MMD -MP -MF"src/csd_asm.d" -MT"src/csd_asm.o" -o "src/csd_asm.o" "../src/csd_asm.S"
Finished building: ../src/csd_asm.S
 
Building file: C:/cose321/Assignment-5/class_experiments.sdk/csd_lab/src/debug_macro.S
Invoking: ARM v7 gcc compiler
arm-none-eabi-gcc -Wall -O0 -g3 -c -fmessage-length=0 -MT"src/debug_macro.o" -mcpu=cortex-a9 -mfpu=vfpv3 -mfloat-abi=hard -I../../csd_lab_bsp/ps7_cortexa9_0/include -MMD -MP -MF"src/debug_macro.d" -MT"src/debug_macro.o" -o "src/debug_macro.o" "C:/cose321/Assignment-5/class_experiments.sdk/csd_lab/src/debug_macro.S"
Finished building: C:/cose321/Assignment-5/class_experiments.sdk/csd_lab/src/debug_macro.S
 
Building target: csd_lab.elf
Invoking: ARM v7 gcc linker
arm-none-eabi-gcc -mcpu=cortex-a9 -mfpu=vfpv3 -mfloat-abi=hard -Wl,-build-id=none -specs=Xilinx.spec -Wl,-T -Wl,../src/lscript.ld -L../../csd_lab_bsp/ps7_cortexa9_0/lib -o "csd_lab.elf"  ./src/csd_asm.o ./src/csd_main.o ./src/debug_macro.o ./src/uart_init.o   -Wl,--start-group,-lxil,-lgcc,-lc,--end-group
Finished building target: csd_lab.elf
 
Invoking: ARM v7 Print Size
arm-none-eabi-size csd_lab.elf  |tee "csd_lab.elf.size"
   text	   data	    bss	    dec	    hex	filename
  22016	   1428	  22568	  46012	   b3bc	csd_lab.elf
Finished building: csd_lab.elf.size
 
01:40:03 **** Auto Build of configuration Debug for project csd_lab ****
make pre-build main-build 
a9-linaro-pre-build-step
 
Building file: ../src/csd_asm.S
Invoking: ARM v7 gcc compiler
arm-none-eabi-gcc -Wall -O0 -g3 -c -fmessage-length=0 -MT"src/csd_asm.o" -mcpu=cortex-a9 -mfpu=vfpv3 -mfloat-abi=hard -I../../csd_lab_bsp/ps7_cortexa9_0/include -MMD -MP -MF"src/csd_asm.d" -MT"src/csd_asm.o" -o "src/csd_asm.o" "../src/csd_asm.S"
Finished building: ../src/csd_asm.S
 
Building file: C:/cose321/Assignment-5/class_experiments.sdk/csd_lab/src/debug_macro.S
Invoking: ARM v7 gcc compiler
arm-none-eabi-gcc -Wall -O0 -g3 -c -fmessage-length=0 -MT"src/debug_macro.o" -mcpu=cortex-a9 -mfpu=vfpv3 -mfloat-abi=hard -I../../csd_lab_bsp/ps7_cortexa9_0/include -MMD -MP -MF"src/debug_macro.d" -MT"src/debug_macro.o" -o "src/debug_macro.o" "C:/cose321/Assignment-5/class_experiments.sdk/csd_lab/src/debug_macro.S"
Finished building: C:/cose321/Assignment-5/class_experiments.sdk/csd_lab/src/debug_macro.S
 
Building target: csd_lab.elf
Invoking: ARM v7 gcc linker
arm-none-eabi-gcc -mcpu=cortex-a9 -mfpu=vfpv3 -mfloat-abi=hard -Wl,-build-id=none -specs=Xilinx.spec -Wl,-T -Wl,../src/lscript.ld -L../../csd_lab_bsp/ps7_cortexa9_0/lib -o "csd_lab.elf"  ./src/csd_asm.o ./src/csd_main.o ./src/debug_macro.o ./src/uart_init.o   -Wl,--start-group,-lxil,-lgcc,-lc,--end-group
Finished building target: csd_lab.elf
 
Invoking: ARM v7 Print Size
arm-none-eabi-size csd_lab.elf  |tee "csd_lab.elf.size"
   text	   data	    bss	    dec	    hex	filename
  22020	   1428	  22568	  46016	   b3c0	csd_lab.elf
Finished building: csd_lab.elf.size
 
01:40:11 **** Auto Build of configuration Debug for project csd_lab ****
make pre-build main-build 
a9-linaro-pre-build-step
 
Building file: ../src/csd_asm.S
Invoking: ARM v7 gcc compiler
arm-none-eabi-gcc -Wall -O0 -g3 -c -fmessage-length=0 -MT"src/csd_asm.o" -mcpu=cortex-a9 -mfpu=vfpv3 -mfloat-abi=hard -I../../csd_lab_bsp/ps7_cortexa9_0/include -MMD -MP -MF"src/csd_asm.d" -MT"src/csd_asm.o" -o "src/csd_asm.o" "../src/csd_asm.S"
Finished building: ../src/csd_asm.S
 
Building file: C:/cose321/Assignment-5/class_experiments.sdk/csd_lab/src/debug_macro.S
Invoking: ARM v7 gcc compiler
arm-none-eabi-gcc -Wall -O0 -g3 -c -fmessage-length=0 -MT"src/debug_macro.o" -mcpu=cortex-a9 -mfpu=vfpv3 -mfloat-abi=hard -I../../csd_lab_bsp/ps7_cortexa9_0/include -MMD -MP -MF"src/debug_macro.d" -MT"src/debug_macro.o" -o "src/debug_macro.o" "C:/cose321/Assignment-5/class_experiments.sdk/csd_lab/src/debug_macro.S"
Finished building: C:/cose321/Assignment-5/class_experiments.sdk/csd_lab/src/debug_macro.S
 
Building target: csd_lab.elf
Invoking: ARM v7 gcc linker
arm-none-eabi-gcc -mcpu=cortex-a9 -mfpu=vfpv3 -mfloat-abi=hard -Wl,-build-id=none -specs=Xilinx.spec -Wl,-T -Wl,../src/lscript.ld -L../../csd_lab_bsp/ps7_cortexa9_0/lib -o "csd_lab.elf"  ./src/csd_asm.o ./src/csd_main.o ./src/debug_macro.o ./src/uart_init.o   -Wl,--start-group,-lxil,-lgcc,-lc,--end-group
Finished building target: csd_lab.elf
 
Invoking: ARM v7 Print Size
arm-none-eabi-size csd_lab.elf  |tee "csd_lab.elf.size"
   text	   data	    bss	    dec	    hex	filename
  22020	   1428	  22568	  46016	   b3c0	csd_lab.elf
Finished building: csd_lab.elf.size
 
01:40:14 **** Auto Build of configuration Debug for project csd_lab ****
make pre-build main-build 
a9-linaro-pre-build-step
 
Building file: ../src/csd_asm.S
Invoking: ARM v7 gcc compiler
arm-none-eabi-gcc -Wall -O0 -g3 -c -fmessage-length=0 -MT"src/csd_asm.o" -mcpu=cortex-a9 -mfpu=vfpv3 -mfloat-abi=hard -I../../csd_lab_bsp/ps7_cortexa9_0/include -MMD -MP -MF"src/csd_asm.d" -MT"src/csd_asm.o" -o "src/csd_asm.o" "../src/csd_asm.S"
Finished building: ../src/csd_asm.S
 
Building file: C:/cose321/Assignment-5/class_experiments.sdk/csd_lab/src/debug_macro.S
Invoking: ARM v7 gcc compiler
arm-none-eabi-gcc -Wall -O0 -g3 -c -fmessage-length=0 -MT"src/debug_macro.o" -mcpu=cortex-a9 -mfpu=vfpv3 -mfloat-abi=hard -I../../csd_lab_bsp/ps7_cortexa9_0/include -MMD -MP -MF"src/debug_macro.d" -MT"src/debug_macro.o" -o "src/debug_macro.o" "C:/cose321/Assignment-5/class_experiments.sdk/csd_lab/src/debug_macro.S"
Finished building: C:/cose321/Assignment-5/class_experiments.sdk/csd_lab/src/debug_macro.S
 
Building target: csd_lab.elf
Invoking: ARM v7 gcc linker
arm-none-eabi-gcc -mcpu=cortex-a9 -mfpu=vfpv3 -mfloat-abi=hard -Wl,-build-id=none -specs=Xilinx.spec -Wl,-T -Wl,../src/lscript.ld -L../../csd_lab_bsp/ps7_cortexa9_0/lib -o "csd_lab.elf"  ./src/csd_asm.o ./src/csd_main.o ./src/debug_macro.o ./src/uart_init.o   -Wl,--start-group,-lxil,-lgcc,-lc,--end-group
Finished building target: csd_lab.elf
 
Invoking: ARM v7 Print Size
arm-none-eabi-size csd_lab.elf  |tee "csd_lab.elf.size"
   text	   data	    bss	    dec	    hex	filename
  22020	   1428	  22568	  46016	   b3c0	csd_lab.elf
Finished building: csd_lab.elf.size
 
01:42:14 **** Auto Build of configuration Debug for project csd_lab ****
make pre-build main-build 
a9-linaro-pre-build-step
 
Building file: ../src/csd_asm.S
Invoking: ARM v7 gcc compiler
arm-none-eabi-gcc -Wall -O0 -g3 -c -fmessage-length=0 -MT"src/csd_asm.o" -mcpu=cortex-a9 -mfpu=vfpv3 -mfloat-abi=hard -I../../csd_lab_bsp/ps7_cortexa9_0/include -MMD -MP -MF"src/csd_asm.d" -MT"src/csd_asm.o" -o "src/csd_asm.o" "../src/csd_asm.S"
Finished building: ../src/csd_asm.S
 
Building file: C:/cose321/Assignment-5/class_experiments.sdk/csd_lab/src/debug_macro.S
Invoking: ARM v7 gcc compiler
arm-none-eabi-gcc -Wall -O0 -g3 -c -fmessage-length=0 -MT"src/debug_macro.o" -mcpu=cortex-a9 -mfpu=vfpv3 -mfloat-abi=hard -I../../csd_lab_bsp/ps7_cortexa9_0/include -MMD -MP -MF"src/debug_macro.d" -MT"src/debug_macro.o" -o "src/debug_macro.o" "C:/cose321/Assignment-5/class_experiments.sdk/csd_lab/src/debug_macro.S"
Finished building: C:/cose321/Assignment-5/class_experiments.sdk/csd_lab/src/debug_macro.S
 
Building target: csd_lab.elf
Invoking: ARM v7 gcc linker
arm-none-eabi-gcc -mcpu=cortex-a9 -mfpu=vfpv3 -mfloat-abi=hard -Wl,-build-id=none -specs=Xilinx.spec -Wl,-T -Wl,../src/lscript.ld -L../../csd_lab_bsp/ps7_cortexa9_0/lib -o "csd_lab.elf"  ./src/csd_asm.o ./src/csd_main.o ./src/debug_macro.o ./src/uart_init.o   -Wl,--start-group,-lxil,-lgcc,-lc,--end-group
Finished building target: csd_lab.elf
 
Invoking: ARM v7 Print Size
arm-none-eabi-size csd_lab.elf  |tee "csd_lab.elf.size"
   text	   data	    bss	    dec	    hex	filename
  22024	   1428	  22568	  46020	   b3c4	csd_lab.elf
Finished building: csd_lab.elf.size
 
01:42:22 **** Incremental Build of configuration Debug for project csd_lab ****
make pre-build main-build 
a9-linaro-pre-build-step
 
make: `main-build'를 위해 할 일이 없습니다
01:44:02 **** Auto Build of configuration Debug for project csd_lab ****
make pre-build main-build 
a9-linaro-pre-build-step
 
Building file: ../src/csd_asm.S
Invoking: ARM v7 gcc compiler
arm-none-eabi-gcc -Wall -O0 -g3 -c -fmessage-length=0 -MT"src/csd_asm.o" -mcpu=cortex-a9 -mfpu=vfpv3 -mfloat-abi=hard -I../../csd_lab_bsp/ps7_cortexa9_0/include -MMD -MP -MF"src/csd_asm.d" -MT"src/csd_asm.o" -o "src/csd_asm.o" "../src/csd_asm.S"
Finished building: ../src/csd_asm.S
 
Building file: C:/cose321/Assignment-5/class_experiments.sdk/csd_lab/src/debug_macro.S
Invoking: ARM v7 gcc compiler
arm-none-eabi-gcc -Wall -O0 -g3 -c -fmessage-length=0 -MT"src/debug_macro.o" -mcpu=cortex-a9 -mfpu=vfpv3 -mfloat-abi=hard -I../../csd_lab_bsp/ps7_cortexa9_0/include -MMD -MP -MF"src/debug_macro.d" -MT"src/debug_macro.o" -o "src/debug_macro.o" "C:/cose321/Assignment-5/class_experiments.sdk/csd_lab/src/debug_macro.S"
Finished building: C:/cose321/Assignment-5/class_experiments.sdk/csd_lab/src/debug_macro.S
 
Building target: csd_lab.elf
Invoking: ARM v7 gcc linker
arm-none-eabi-gcc -mcpu=cortex-a9 -mfpu=vfpv3 -mfloat-abi=hard -Wl,-build-id=none -specs=Xilinx.spec -Wl,-T -Wl,../src/lscript.ld -L../../csd_lab_bsp/ps7_cortexa9_0/lib -o "csd_lab.elf"  ./src/csd_asm.o ./src/csd_main.o ./src/debug_macro.o ./src/uart_init.o   -Wl,--start-group,-lxil,-lgcc,-lc,--end-group
Finished building target: csd_lab.elf
 
Invoking: ARM v7 Print Size
arm-none-eabi-size csd_lab.elf  |tee "csd_lab.elf.size"
   text	   data	    bss	    dec	    hex	filename
  22024	   1428	  22568	  46020	   b3c4	csd_lab.elf
Finished building: csd_lab.elf.size
 
01:44:27 **** Auto Build of configuration Debug for project csd_lab ****
make pre-build main-build 
a9-linaro-pre-build-step
 
Building file: ../src/csd_asm.S
Invoking: ARM v7 gcc compiler
arm-none-eabi-gcc -Wall -O0 -g3 -c -fmessage-length=0 -MT"src/csd_asm.o" -mcpu=cortex-a9 -mfpu=vfpv3 -mfloat-abi=hard -I../../csd_lab_bsp/ps7_cortexa9_0/include -MMD -MP -MF"src/csd_asm.d" -MT"src/csd_asm.o" -o "src/csd_asm.o" "../src/csd_asm.S"
Finished building: ../src/csd_asm.S
 
Building file: C:/cose321/Assignment-5/class_experiments.sdk/csd_lab/src/debug_macro.S
Invoking: ARM v7 gcc compiler
arm-none-eabi-gcc -Wall -O0 -g3 -c -fmessage-length=0 -MT"src/debug_macro.o" -mcpu=cortex-a9 -mfpu=vfpv3 -mfloat-abi=hard -I../../csd_lab_bsp/ps7_cortexa9_0/include -MMD -MP -MF"src/debug_macro.d" -MT"src/debug_macro.o" -o "src/debug_macro.o" "C:/cose321/Assignment-5/class_experiments.sdk/csd_lab/src/debug_macro.S"
Finished building: C:/cose321/Assignment-5/class_experiments.sdk/csd_lab/src/debug_macro.S
 
Building target: csd_lab.elf
Invoking: ARM v7 gcc linker
arm-none-eabi-gcc -mcpu=cortex-a9 -mfpu=vfpv3 -mfloat-abi=hard -Wl,-build-id=none -specs=Xilinx.spec -Wl,-T -Wl,../src/lscript.ld -L../../csd_lab_bsp/ps7_cortexa9_0/lib -o "csd_lab.elf"  ./src/csd_asm.o ./src/csd_main.o ./src/debug_macro.o ./src/uart_init.o   -Wl,--start-group,-lxil,-lgcc,-lc,--end-group
Finished building target: csd_lab.elf
 
Invoking: ARM v7 Print Size
arm-none-eabi-size csd_lab.elf  |tee "csd_lab.elf.size"
   text	   data	    bss	    dec	    hex	filename
  22024	   1428	  22568	  46020	   b3c4	csd_lab.elf
Finished building: csd_lab.elf.size
 
01:44:32 **** Incremental Build of configuration Debug for project csd_lab ****
make pre-build main-build 
a9-linaro-pre-build-step
 
make: `main-build'를 위해 할 일이 없습니다
01:45:30 **** Incremental Build of configuration Debug for project csd_lab ****
make pre-build main-build 
a9-linaro-pre-build-step
 
make: `main-build'를 위해 할 일이 없습니다
01:48:54 **** Auto Build of configuration Debug for project csd_lab ****
make pre-build main-build 
a9-linaro-pre-build-step
 
Building file: ../src/csd_asm.S
Invoking: ARM v7 gcc compiler
arm-none-eabi-gcc -Wall -O0 -g3 -c -fmessage-length=0 -MT"src/csd_asm.o" -mcpu=cortex-a9 -mfpu=vfpv3 -mfloat-abi=hard -I../../csd_lab_bsp/ps7_cortexa9_0/include -MMD -MP -MF"src/csd_asm.d" -MT"src/csd_asm.o" -o "src/csd_asm.o" "../src/csd_asm.S"
Finished building: ../src/csd_asm.S
 
Building file: C:/cose321/Assignment-5/class_experiments.sdk/csd_lab/src/debug_macro.S
Invoking: ARM v7 gcc compiler
arm-none-eabi-gcc -Wall -O0 -g3 -c -fmessage-length=0 -MT"src/debug_macro.o" -mcpu=cortex-a9 -mfpu=vfpv3 -mfloat-abi=hard -I../../csd_lab_bsp/ps7_cortexa9_0/include -MMD -MP -MF"src/debug_macro.d" -MT"src/debug_macro.o" -o "src/debug_macro.o" "C:/cose321/Assignment-5/class_experiments.sdk/csd_lab/src/debug_macro.S"
Finished building: C:/cose321/Assignment-5/class_experiments.sdk/csd_lab/src/debug_macro.S
 
Building target: csd_lab.elf
Invoking: ARM v7 gcc linker
arm-none-eabi-gcc -mcpu=cortex-a9 -mfpu=vfpv3 -mfloat-abi=hard -Wl,-build-id=none -specs=Xilinx.spec -Wl,-T -Wl,../src/lscript.ld -L../../csd_lab_bsp/ps7_cortexa9_0/lib -o "csd_lab.elf"  ./src/csd_asm.o ./src/csd_main.o ./src/debug_macro.o ./src/uart_init.o   -Wl,--start-group,-lxil,-lgcc,-lc,--end-group
Finished building target: csd_lab.elf
 
Invoking: ARM v7 Print Size
arm-none-eabi-size csd_lab.elf  |tee "csd_lab.elf.size"
   text	   data	    bss	    dec	    hex	filename
  22024	   1428	  22568	  46020	   b3c4	csd_lab.elf
Finished building: csd_lab.elf.size
 
01:49:01 **** Incremental Build of configuration Debug for project csd_lab ****
make pre-build main-build 
a9-linaro-pre-build-step
 
make: `main-build'를 위해 할 일이 없습니다
01:50:04 **** Incremental Build of configuration Debug for project csd_lab ****
make pre-build main-build 
a9-linaro-pre-build-step
 
make: `main-build'를 위해 할 일이 없습니다
01:53:08 **** Auto Build of configuration Debug for project csd_lab ****
make pre-build main-build 
a9-linaro-pre-build-step
 
Building file: ../src/csd_asm.S
Invoking: ARM v7 gcc compiler
arm-none-eabi-gcc -Wall -O0 -g3 -c -fmessage-length=0 -MT"src/csd_asm.o" -mcpu=cortex-a9 -mfpu=vfpv3 -mfloat-abi=hard -I../../csd_lab_bsp/ps7_cortexa9_0/include -MMD -MP -MF"src/csd_asm.d" -MT"src/csd_asm.o" -o "src/csd_asm.o" "../src/csd_asm.S"
Finished building: ../src/csd_asm.S
 
Building file: C:/cose321/Assignment-5/class_experiments.sdk/csd_lab/src/debug_macro.S
Invoking: ARM v7 gcc compiler
arm-none-eabi-gcc -Wall -O0 -g3 -c -fmessage-length=0 -MT"src/debug_macro.o" -mcpu=cortex-a9 -mfpu=vfpv3 -mfloat-abi=hard -I../../csd_lab_bsp/ps7_cortexa9_0/include -MMD -MP -MF"src/debug_macro.d" -MT"src/debug_macro.o" -o "src/debug_macro.o" "C:/cose321/Assignment-5/class_experiments.sdk/csd_lab/src/debug_macro.S"
Finished building: C:/cose321/Assignment-5/class_experiments.sdk/csd_lab/src/debug_macro.S
 
Building target: csd_lab.elf
Invoking: ARM v7 gcc linker
arm-none-eabi-gcc -mcpu=cortex-a9 -mfpu=vfpv3 -mfloat-abi=hard -Wl,-build-id=none -specs=Xilinx.spec -Wl,-T -Wl,../src/lscript.ld -L../../csd_lab_bsp/ps7_cortexa9_0/lib -o "csd_lab.elf"  ./src/csd_asm.o ./src/csd_main.o ./src/debug_macro.o ./src/uart_init.o   -Wl,--start-group,-lxil,-lgcc,-lc,--end-group
Finished building target: csd_lab.elf
 
Invoking: ARM v7 Print Size
arm-none-eabi-size csd_lab.elf  |tee "csd_lab.elf.size"
   text	   data	    bss	    dec	    hex	filename
  22024	   1428	  22568	  46020	   b3c4	csd_lab.elf
Finished building: csd_lab.elf.size
 
01:53:17 **** Auto Build of configuration Debug for project csd_lab ****
make pre-build main-build 
a9-linaro-pre-build-step
 
Building file: ../src/csd_asm.S
Invoking: ARM v7 gcc compiler
arm-none-eabi-gcc -Wall -O0 -g3 -c -fmessage-length=0 -MT"src/csd_asm.o" -mcpu=cortex-a9 -mfpu=vfpv3 -mfloat-abi=hard -I../../csd_lab_bsp/ps7_cortexa9_0/include -MMD -MP -MF"src/csd_asm.d" -MT"src/csd_asm.o" -o "src/csd_asm.o" "../src/csd_asm.S"
Finished building: ../src/csd_asm.S
 
Building file: C:/cose321/Assignment-5/class_experiments.sdk/csd_lab/src/debug_macro.S
Invoking: ARM v7 gcc compiler
arm-none-eabi-gcc -Wall -O0 -g3 -c -fmessage-length=0 -MT"src/debug_macro.o" -mcpu=cortex-a9 -mfpu=vfpv3 -mfloat-abi=hard -I../../csd_lab_bsp/ps7_cortexa9_0/include -MMD -MP -MF"src/debug_macro.d" -MT"src/debug_macro.o" -o "src/debug_macro.o" "C:/cose321/Assignment-5/class_experiments.sdk/csd_lab/src/debug_macro.S"
Finished building: C:/cose321/Assignment-5/class_experiments.sdk/csd_lab/src/debug_macro.S
 
Building target: csd_lab.elf
Invoking: ARM v7 gcc linker
arm-none-eabi-gcc -mcpu=cortex-a9 -mfpu=vfpv3 -mfloat-abi=hard -Wl,-build-id=none -specs=Xilinx.spec -Wl,-T -Wl,../src/lscript.ld -L../../csd_lab_bsp/ps7_cortexa9_0/lib -o "csd_lab.elf"  ./src/csd_asm.o ./src/csd_main.o ./src/debug_macro.o ./src/uart_init.o   -Wl,--start-group,-lxil,-lgcc,-lc,--end-group
Finished building target: csd_lab.elf
 
Invoking: ARM v7 Print Size
arm-none-eabi-size csd_lab.elf  |tee "csd_lab.elf.size"
   text	   data	    bss	    dec	    hex	filename
  22024	   1428	  22568	  46020	   b3c4	csd_lab.elf
Finished building: csd_lab.elf.size
 
01:53:24 **** Incremental Build of configuration Debug for project csd_lab ****
make pre-build main-build 
a9-linaro-pre-build-step
 
make: `main-build'를 위해 할 일이 없습니다
01:54:40 **** Incremental Build of configuration Debug for project csd_lab ****
make pre-build main-build 
a9-linaro-pre-build-step
 
make: `main-build'를 위해 할 일이 없습니다
01:57:11 **** Auto Build of configuration Debug for project csd_lab ****
make pre-build main-build 
a9-linaro-pre-build-step
 
Building file: ../src/csd_asm.S
Invoking: ARM v7 gcc compiler
arm-none-eabi-gcc -Wall -O0 -g3 -c -fmessage-length=0 -MT"src/csd_asm.o" -mcpu=cortex-a9 -mfpu=vfpv3 -mfloat-abi=hard -I../../csd_lab_bsp/ps7_cortexa9_0/include -MMD -MP -MF"src/csd_asm.d" -MT"src/csd_asm.o" -o "src/csd_asm.o" "../src/csd_asm.S"
Finished building: ../src/csd_asm.S
 
Building file: C:/cose321/Assignment-5/class_experiments.sdk/csd_lab/src/debug_macro.S
Invoking: ARM v7 gcc compiler
arm-none-eabi-gcc -Wall -O0 -g3 -c -fmessage-length=0 -MT"src/debug_macro.o" -mcpu=cortex-a9 -mfpu=vfpv3 -mfloat-abi=hard -I../../csd_lab_bsp/ps7_cortexa9_0/include -MMD -MP -MF"src/debug_macro.d" -MT"src/debug_macro.o" -o "src/debug_macro.o" "C:/cose321/Assignment-5/class_experiments.sdk/csd_lab/src/debug_macro.S"
Finished building: C:/cose321/Assignment-5/class_experiments.sdk/csd_lab/src/debug_macro.S
 
Building target: csd_lab.elf
Invoking: ARM v7 gcc linker
arm-none-eabi-gcc -mcpu=cortex-a9 -mfpu=vfpv3 -mfloat-abi=hard -Wl,-build-id=none -specs=Xilinx.spec -Wl,-T -Wl,../src/lscript.ld -L../../csd_lab_bsp/ps7_cortexa9_0/lib -o "csd_lab.elf"  ./src/csd_asm.o ./src/csd_main.o ./src/debug_macro.o ./src/uart_init.o   -Wl,--start-group,-lxil,-lgcc,-lc,--end-group
Finished building target: csd_lab.elf
 
Invoking: ARM v7 Print Size
arm-none-eabi-size csd_lab.elf  |tee "csd_lab.elf.size"
   text	   data	    bss	    dec	    hex	filename
  22028	   1428	  22568	  46024	   b3c8	csd_lab.elf
Finished building: csd_lab.elf.size
 
01:57:24 **** Incremental Build of configuration Debug for project csd_lab ****
make pre-build main-build 
a9-linaro-pre-build-step
 
make: `main-build'를 위해 할 일이 없습니다
